[2025-01-11 18:13:46] Starting analysis with:
[2025-01-11 18:13:46] Number of qubits: 4
[2025-01-11 18:13:46] Number of vertices: 16
[2025-01-11 18:13:46] Delta t: 0.1
[2025-01-11 18:13:46] Input file: ../data/graphs/200graph_losing_16c.g6
[2025-01-11 18:13:46] Parsed graph info: {'num_graphs': 200, 'size': 'losing', 'vertices': '16', 'type': 'c'}
[2025-01-11 18:13:46] Found 200 graphs in file
[2025-01-11 18:13:46] 
Processing graph 0/200
[2025-01-11 18:13:46] Graph 0 has 16 nodes and 92 edges
[2025-01-11 18:13:46] Converted to 92 bitstring edges
[2025-01-11 18:13:46] Computing Matchings Dynamic walk
[2025-01-11 18:13:48] Matchings - CX: 485, U3: 358, Depth: 634
[2025-01-11 18:13:48] Computing Pauli decomposition
[2025-01-11 18:13:49] Pauli - CX: 115, U3: 191, Depth: 214
[2025-01-11 18:13:49] Successfully processed graph 0 - Category: lose
[2025-01-11 18:13:49] 
Processing graph 1/200
[2025-01-11 18:13:49] Graph 1 has 16 nodes and 98 edges
[2025-01-11 18:13:49] Converted to 98 bitstring edges
[2025-01-11 18:13:49] Computing Matchings Dynamic walk
[2025-01-11 18:13:51] Matchings - CX: 365, U3: 283, Depth: 496
[2025-01-11 18:13:51] Computing Pauli decomposition
[2025-01-11 18:13:52] Pauli - CX: 126, U3: 193, Depth: 227
[2025-01-11 18:13:52] Successfully processed graph 1 - Category: lose
[2025-01-11 18:13:52] 
Processing graph 2/200
[2025-01-11 18:13:52] Graph 2 has 16 nodes and 94 edges
[2025-01-11 18:13:52] Converted to 94 bitstring edges
[2025-01-11 18:13:52] Computing Matchings Dynamic walk
[2025-01-11 18:13:53] Matchings - CX: 324, U3: 244, Depth: 427
[2025-01-11 18:13:53] Computing Pauli decomposition
[2025-01-11 18:13:54] Pauli - CX: 118, U3: 202, Depth: 218
[2025-01-11 18:13:54] Successfully processed graph 2 - Category: lose
[2025-01-11 18:13:54] 
Processing graph 3/200
[2025-01-11 18:13:54] Graph 3 has 16 nodes and 97 edges
[2025-01-11 18:13:54] Converted to 97 bitstring edges
[2025-01-11 18:13:54] Computing Matchings Dynamic walk
[2025-01-11 18:13:56] Matchings - CX: 489, U3: 379, Depth: 656
[2025-01-11 18:13:56] Computing Pauli decomposition
[2025-01-11 18:13:57] Pauli - CX: 117, U3: 197, Depth: 215
[2025-01-11 18:13:57] Successfully processed graph 3 - Category: lose
[2025-01-11 18:13:57] 
Processing graph 4/200
[2025-01-11 18:13:57] Graph 4 has 16 nodes and 108 edges
[2025-01-11 18:13:57] Converted to 108 bitstring edges
[2025-01-11 18:13:57] Computing Matchings Dynamic walk
[2025-01-11 18:13:59] Matchings - CX: 611, U3: 476, Depth: 822
[2025-01-11 18:13:59] Computing Pauli decomposition
[2025-01-11 18:14:00] Pauli - CX: 120, U3: 192, Depth: 219
[2025-01-11 18:14:00] Successfully processed graph 4 - Category: lose
[2025-01-11 18:14:00] 
Processing graph 5/200
[2025-01-11 18:14:00] Graph 5 has 16 nodes and 93 edges
[2025-01-11 18:14:00] Converted to 93 bitstring edges
[2025-01-11 18:14:00] Computing Matchings Dynamic walk
[2025-01-11 18:14:02] Matchings - CX: 463, U3: 364, Depth: 631
[2025-01-11 18:14:02] Computing Pauli decomposition
[2025-01-11 18:14:03] Pauli - CX: 112, U3: 177, Depth: 203
[2025-01-11 18:14:03] Successfully processed graph 5 - Category: lose
[2025-01-11 18:14:03] 
Processing graph 6/200
[2025-01-11 18:14:03] Graph 6 has 16 nodes and 96 edges
[2025-01-11 18:14:03] Converted to 96 bitstring edges
[2025-01-11 18:14:03] Computing Matchings Dynamic walk
[2025-01-11 18:14:05] Matchings - CX: 405, U3: 302, Depth: 539
[2025-01-11 18:14:05] Computing Pauli decomposition
[2025-01-11 18:14:05] Pauli - CX: 121, U3: 203, Depth: 224
[2025-01-11 18:14:05] Successfully processed graph 6 - Category: lose
[2025-01-11 18:14:05] 
Processing graph 7/200
[2025-01-11 18:14:05] Graph 7 has 16 nodes and 104 edges
[2025-01-11 18:14:05] Converted to 104 bitstring edges
[2025-01-11 18:14:05] Computing Matchings Dynamic walk
[2025-01-11 18:14:07] Matchings - CX: 339, U3: 239, Depth: 440
[2025-01-11 18:14:07] Computing Pauli decomposition
[2025-01-11 18:14:08] Pauli - CX: 120, U3: 199, Depth: 220
[2025-01-11 18:14:08] Successfully processed graph 7 - Category: lose
[2025-01-11 18:14:08] 
Processing graph 8/200
[2025-01-11 18:14:08] Graph 8 has 16 nodes and 97 edges
[2025-01-11 18:14:08] Converted to 97 bitstring edges
[2025-01-11 18:14:08] Computing Matchings Dynamic walk
[2025-01-11 18:14:10] Matchings - CX: 429, U3: 317, Depth: 570
[2025-01-11 18:14:10] Computing Pauli decomposition
[2025-01-11 18:14:11] Pauli - CX: 140, U3: 222, Depth: 255
[2025-01-11 18:14:11] Successfully processed graph 8 - Category: lose
[2025-01-11 18:14:11] 
Processing graph 9/200
[2025-01-11 18:14:11] Graph 9 has 16 nodes and 93 edges
[2025-01-11 18:14:11] Converted to 93 bitstring edges
[2025-01-11 18:14:11] Computing Matchings Dynamic walk
[2025-01-11 18:14:12] Matchings - CX: 460, U3: 365, Depth: 621
[2025-01-11 18:14:12] Computing Pauli decomposition
[2025-01-11 18:14:13] Pauli - CX: 118, U3: 192, Depth: 220
[2025-01-11 18:14:13] Successfully processed graph 9 - Category: lose
[2025-01-11 18:14:13] 
Processing graph 10/200
[2025-01-11 18:14:13] Graph 10 has 16 nodes and 107 edges
[2025-01-11 18:14:13] Converted to 107 bitstring edges
[2025-01-11 18:14:13] Computing Matchings Dynamic walk
[2025-01-11 18:14:15] Matchings - CX: 557, U3: 405, Depth: 727
[2025-01-11 18:14:15] Computing Pauli decomposition
[2025-01-11 18:14:16] Pauli - CX: 93, U3: 163, Depth: 174
[2025-01-11 18:14:16] Successfully processed graph 10 - Category: lose
[2025-01-11 18:14:16] 
Processing graph 11/200
[2025-01-11 18:14:16] Graph 11 has 16 nodes and 95 edges
[2025-01-11 18:14:16] Converted to 95 bitstring edges
[2025-01-11 18:14:16] Computing Matchings Dynamic walk
[2025-01-11 18:14:18] Matchings - CX: 388, U3: 281, Depth: 508
[2025-01-11 18:14:18] Computing Pauli decomposition
[2025-01-11 18:14:19] Pauli - CX: 128, U3: 220, Depth: 238
[2025-01-11 18:14:19] Successfully processed graph 11 - Category: lose
[2025-01-11 18:14:19] 
Processing graph 12/200
[2025-01-11 18:14:19] Graph 12 has 16 nodes and 108 edges
[2025-01-11 18:14:19] Converted to 108 bitstring edges
[2025-01-11 18:14:19] Computing Matchings Dynamic walk
[2025-01-11 18:14:22] Matchings - CX: 572, U3: 451, Depth: 767
[2025-01-11 18:14:22] Computing Pauli decomposition
[2025-01-11 18:14:22] Pauli - CX: 86, U3: 143, Depth: 158
[2025-01-11 18:14:22] Successfully processed graph 12 - Category: lose
[2025-01-11 18:14:22] 
Processing graph 13/200
[2025-01-11 18:14:22] Graph 13 has 16 nodes and 93 edges
[2025-01-11 18:14:22] Converted to 93 bitstring edges
[2025-01-11 18:14:22] Computing Matchings Dynamic walk
[2025-01-11 18:14:24] Matchings - CX: 446, U3: 324, Depth: 584
[2025-01-11 18:14:24] Computing Pauli decomposition
[2025-01-11 18:14:25] Pauli - CX: 128, U3: 209, Depth: 231
[2025-01-11 18:14:25] Successfully processed graph 13 - Category: lose
[2025-01-11 18:14:25] 
Processing graph 14/200
[2025-01-11 18:14:25] Graph 14 has 16 nodes and 92 edges
[2025-01-11 18:14:25] Converted to 92 bitstring edges
[2025-01-11 18:14:25] Computing Matchings Dynamic walk
[2025-01-11 18:14:27] Matchings - CX: 388, U3: 296, Depth: 510
[2025-01-11 18:14:27] Computing Pauli decomposition
[2025-01-11 18:14:28] Pauli - CX: 137, U3: 232, Depth: 254
[2025-01-11 18:14:28] Successfully processed graph 14 - Category: lose
[2025-01-11 18:14:28] 
Processing graph 15/200
[2025-01-11 18:14:28] Graph 15 has 16 nodes and 98 edges
[2025-01-11 18:14:28] Converted to 98 bitstring edges
[2025-01-11 18:14:28] Computing Matchings Dynamic walk
[2025-01-11 18:14:29] Matchings - CX: 464, U3: 346, Depth: 619
[2025-01-11 18:14:29] Computing Pauli decomposition
[2025-01-11 18:14:30] Pauli - CX: 106, U3: 186, Depth: 194
[2025-01-11 18:14:30] Successfully processed graph 15 - Category: lose
[2025-01-11 18:14:30] 
Processing graph 16/200
[2025-01-11 18:14:30] Graph 16 has 16 nodes and 85 edges
[2025-01-11 18:14:30] Converted to 85 bitstring edges
[2025-01-11 18:14:30] Computing Matchings Dynamic walk
[2025-01-11 18:14:32] Matchings - CX: 368, U3: 275, Depth: 485
[2025-01-11 18:14:32] Computing Pauli decomposition
[2025-01-11 18:14:33] Pauli - CX: 147, U3: 246, Depth: 271
[2025-01-11 18:14:33] Successfully processed graph 16 - Category: lose
[2025-01-11 18:14:33] 
Processing graph 17/200
[2025-01-11 18:14:33] Graph 17 has 16 nodes and 96 edges
[2025-01-11 18:14:33] Converted to 96 bitstring edges
[2025-01-11 18:14:33] Computing Matchings Dynamic walk
[2025-01-11 18:14:35] Matchings - CX: 372, U3: 293, Depth: 503
[2025-01-11 18:14:35] Computing Pauli decomposition
[2025-01-11 18:14:35] Pauli - CX: 114, U3: 178, Depth: 206
[2025-01-11 18:14:35] Successfully processed graph 17 - Category: lose
[2025-01-11 18:14:35] 
Processing graph 18/200
[2025-01-11 18:14:35] Graph 18 has 16 nodes and 86 edges
[2025-01-11 18:14:35] Converted to 86 bitstring edges
[2025-01-11 18:14:35] Computing Matchings Dynamic walk
[2025-01-11 18:14:37] Matchings - CX: 368, U3: 290, Depth: 495
[2025-01-11 18:14:37] Computing Pauli decomposition
[2025-01-11 18:14:38] Pauli - CX: 131, U3: 215, Depth: 239
[2025-01-11 18:14:38] Successfully processed graph 18 - Category: lose
[2025-01-11 18:14:38] 
Processing graph 19/200
[2025-01-11 18:14:38] Graph 19 has 16 nodes and 94 edges
[2025-01-11 18:14:38] Converted to 94 bitstring edges
[2025-01-11 18:14:38] Computing Matchings Dynamic walk
[2025-01-11 18:14:40] Matchings - CX: 426, U3: 315, Depth: 563
[2025-01-11 18:14:40] Computing Pauli decomposition
[2025-01-11 18:14:41] Pauli - CX: 130, U3: 214, Depth: 240
[2025-01-11 18:14:41] Successfully processed graph 19 - Category: lose
[2025-01-11 18:14:41] 
Processing graph 20/200
[2025-01-11 18:14:41] Graph 20 has 16 nodes and 102 edges
[2025-01-11 18:14:41] Converted to 102 bitstring edges
[2025-01-11 18:14:41] Computing Matchings Dynamic walk
[2025-01-11 18:14:43] Matchings - CX: 456, U3: 340, Depth: 607
[2025-01-11 18:14:43] Computing Pauli decomposition
[2025-01-11 18:14:44] Pauli - CX: 114, U3: 178, Depth: 204
[2025-01-11 18:14:44] Successfully processed graph 20 - Category: lose
[2025-01-11 18:14:44] 
Processing graph 21/200
[2025-01-11 18:14:44] Graph 21 has 16 nodes and 94 edges
[2025-01-11 18:14:44] Converted to 94 bitstring edges
[2025-01-11 18:14:44] Computing Matchings Dynamic walk
[2025-01-11 18:14:46] Matchings - CX: 412, U3: 323, Depth: 550
[2025-01-11 18:14:46] Computing Pauli decomposition
[2025-01-11 18:14:47] Pauli - CX: 113, U3: 187, Depth: 205
[2025-01-11 18:14:47] Successfully processed graph 21 - Category: lose
[2025-01-11 18:14:47] 
Processing graph 22/200
[2025-01-11 18:14:47] Graph 22 has 16 nodes and 90 edges
[2025-01-11 18:14:47] Converted to 90 bitstring edges
[2025-01-11 18:14:47] Computing Matchings Dynamic walk
[2025-01-11 18:14:49] Matchings - CX: 349, U3: 291, Depth: 473
[2025-01-11 18:14:49] Computing Pauli decomposition
[2025-01-11 18:14:50] Pauli - CX: 109, U3: 183, Depth: 202
[2025-01-11 18:14:50] Successfully processed graph 22 - Category: lose
[2025-01-11 18:14:50] 
Processing graph 23/200
[2025-01-11 18:14:50] Graph 23 has 16 nodes and 90 edges
[2025-01-11 18:14:50] Converted to 90 bitstring edges
[2025-01-11 18:14:50] Computing Matchings Dynamic walk
[2025-01-11 18:14:53] Matchings - CX: 534, U3: 409, Depth: 713
[2025-01-11 18:14:53] Computing Pauli decomposition
[2025-01-11 18:14:54] Pauli - CX: 125, U3: 211, Depth: 230
[2025-01-11 18:14:54] Successfully processed graph 23 - Category: lose
[2025-01-11 18:14:54] 
Processing graph 24/200
[2025-01-11 18:14:54] Graph 24 has 16 nodes and 102 edges
[2025-01-11 18:14:54] Converted to 102 bitstring edges
[2025-01-11 18:14:54] Computing Matchings Dynamic walk
[2025-01-11 18:14:57] Matchings - CX: 513, U3: 383, Depth: 677
[2025-01-11 18:14:57] Computing Pauli decomposition
[2025-01-11 18:14:58] Pauli - CX: 122, U3: 201, Depth: 221
[2025-01-11 18:14:58] Successfully processed graph 24 - Category: lose
[2025-01-11 18:14:58] 
Processing graph 25/200
[2025-01-11 18:14:58] Graph 25 has 16 nodes and 84 edges
[2025-01-11 18:14:58] Converted to 84 bitstring edges
[2025-01-11 18:14:58] Computing Matchings Dynamic walk
[2025-01-11 18:15:00] Matchings - CX: 446, U3: 345, Depth: 589
[2025-01-11 18:15:00] Computing Pauli decomposition
[2025-01-11 18:15:01] Pauli - CX: 134, U3: 234, Depth: 249
[2025-01-11 18:15:01] Successfully processed graph 25 - Category: lose
[2025-01-11 18:15:01] 
Processing graph 26/200
[2025-01-11 18:15:01] Graph 26 has 16 nodes and 101 edges
[2025-01-11 18:15:01] Converted to 101 bitstring edges
[2025-01-11 18:15:01] Computing Matchings Dynamic walk
[2025-01-11 18:15:04] Matchings - CX: 484, U3: 369, Depth: 653
[2025-01-11 18:15:04] Computing Pauli decomposition
[2025-01-11 18:15:04] Pauli - CX: 136, U3: 193, Depth: 240
[2025-01-11 18:15:04] Successfully processed graph 26 - Category: lose
[2025-01-11 18:15:04] 
Processing graph 27/200
[2025-01-11 18:15:04] Graph 27 has 16 nodes and 104 edges
[2025-01-11 18:15:04] Converted to 104 bitstring edges
[2025-01-11 18:15:04] Computing Matchings Dynamic walk
[2025-01-11 18:15:06] Matchings - CX: 322, U3: 227, Depth: 421
[2025-01-11 18:15:06] Computing Pauli decomposition
[2025-01-11 18:15:07] Pauli - CX: 105, U3: 173, Depth: 194
[2025-01-11 18:15:07] Successfully processed graph 27 - Category: lose
[2025-01-11 18:15:07] 
Processing graph 28/200
[2025-01-11 18:15:07] Graph 28 has 16 nodes and 80 edges
[2025-01-11 18:15:07] Converted to 80 bitstring edges
[2025-01-11 18:15:07] Computing Matchings Dynamic walk
[2025-01-11 18:15:09] Matchings - CX: 381, U3: 280, Depth: 511
[2025-01-11 18:15:09] Computing Pauli decomposition
[2025-01-11 18:15:10] Pauli - CX: 136, U3: 233, Depth: 251
[2025-01-11 18:15:10] Successfully processed graph 28 - Category: lose
[2025-01-11 18:15:10] 
Processing graph 29/200
[2025-01-11 18:15:10] Graph 29 has 16 nodes and 98 edges
[2025-01-11 18:15:10] Converted to 98 bitstring edges
[2025-01-11 18:15:10] Computing Matchings Dynamic walk
[2025-01-11 18:15:13] Matchings - CX: 382, U3: 290, Depth: 505
[2025-01-11 18:15:13] Computing Pauli decomposition
[2025-01-11 18:15:14] Pauli - CX: 134, U3: 228, Depth: 250
[2025-01-11 18:15:14] Successfully processed graph 29 - Category: lose
[2025-01-11 18:15:14] 
Processing graph 30/200
[2025-01-11 18:15:14] Graph 30 has 16 nodes and 102 edges
[2025-01-11 18:15:14] Converted to 102 bitstring edges
[2025-01-11 18:15:14] Computing Matchings Dynamic walk
[2025-01-11 18:15:16] Matchings - CX: 469, U3: 370, Depth: 641
[2025-01-11 18:15:16] Computing Pauli decomposition
[2025-01-11 18:15:18] Pauli - CX: 125, U3: 209, Depth: 230
[2025-01-11 18:15:18] Successfully processed graph 30 - Category: lose
[2025-01-11 18:15:18] 
Processing graph 31/200
[2025-01-11 18:15:18] Graph 31 has 16 nodes and 94 edges
[2025-01-11 18:15:18] Converted to 94 bitstring edges
[2025-01-11 18:15:18] Computing Matchings Dynamic walk
[2025-01-11 18:15:20] Matchings - CX: 524, U3: 402, Depth: 684
[2025-01-11 18:15:20] Computing Pauli decomposition
[2025-01-11 18:15:21] Pauli - CX: 114, U3: 179, Depth: 205
[2025-01-11 18:15:21] Successfully processed graph 31 - Category: lose
[2025-01-11 18:15:21] 
Processing graph 32/200
[2025-01-11 18:15:21] Graph 32 has 16 nodes and 100 edges
[2025-01-11 18:15:21] Converted to 100 bitstring edges
[2025-01-11 18:15:21] Computing Matchings Dynamic walk
[2025-01-11 18:15:23] Matchings - CX: 525, U3: 407, Depth: 686
[2025-01-11 18:15:23] Computing Pauli decomposition
[2025-01-11 18:15:25] Pauli - CX: 120, U3: 208, Depth: 223
[2025-01-11 18:15:25] Successfully processed graph 32 - Category: lose
[2025-01-11 18:15:25] 
Processing graph 33/200
[2025-01-11 18:15:25] Graph 33 has 16 nodes and 100 edges
[2025-01-11 18:15:25] Converted to 100 bitstring edges
[2025-01-11 18:15:25] Computing Matchings Dynamic walk
[2025-01-11 18:15:27] Matchings - CX: 422, U3: 304, Depth: 550
[2025-01-11 18:15:27] Computing Pauli decomposition
[2025-01-11 18:15:28] Pauli - CX: 137, U3: 220, Depth: 251
[2025-01-11 18:15:28] Successfully processed graph 33 - Category: lose
[2025-01-11 18:15:28] 
Processing graph 34/200
[2025-01-11 18:15:28] Graph 34 has 16 nodes and 83 edges
[2025-01-11 18:15:28] Converted to 83 bitstring edges
[2025-01-11 18:15:28] Computing Matchings Dynamic walk
[2025-01-11 18:15:30] Matchings - CX: 365, U3: 292, Depth: 497
[2025-01-11 18:15:30] Computing Pauli decomposition
[2025-01-11 18:15:31] Pauli - CX: 142, U3: 246, Depth: 265
[2025-01-11 18:15:31] Successfully processed graph 34 - Category: lose
[2025-01-11 18:15:31] 
Processing graph 35/200
[2025-01-11 18:15:31] Graph 35 has 16 nodes and 102 edges
[2025-01-11 18:15:31] Converted to 102 bitstring edges
[2025-01-11 18:15:31] Computing Matchings Dynamic walk
[2025-01-11 18:15:34] Matchings - CX: 462, U3: 377, Depth: 636
[2025-01-11 18:15:34] Computing Pauli decomposition
[2025-01-11 18:15:35] Pauli - CX: 109, U3: 182, Depth: 199
[2025-01-11 18:15:35] Successfully processed graph 35 - Category: lose
[2025-01-11 18:15:35] 
Processing graph 36/200
[2025-01-11 18:15:35] Graph 36 has 16 nodes and 103 edges
[2025-01-11 18:15:35] Converted to 103 bitstring edges
[2025-01-11 18:15:35] Computing Matchings Dynamic walk
[2025-01-11 18:15:38] Matchings - CX: 362, U3: 284, Depth: 487
[2025-01-11 18:15:38] Computing Pauli decomposition
[2025-01-11 18:15:39] Pauli - CX: 97, U3: 159, Depth: 177
[2025-01-11 18:15:39] Successfully processed graph 36 - Category: lose
[2025-01-11 18:15:39] 
Processing graph 37/200
[2025-01-11 18:15:39] Graph 37 has 16 nodes and 105 edges
[2025-01-11 18:15:39] Converted to 105 bitstring edges
[2025-01-11 18:15:39] Computing Matchings Dynamic walk
[2025-01-11 18:15:42] Matchings - CX: 528, U3: 426, Depth: 719
[2025-01-11 18:15:42] Computing Pauli decomposition
[2025-01-11 18:15:42] Pauli - CX: 111, U3: 185, Depth: 206
[2025-01-11 18:15:42] Successfully processed graph 37 - Category: lose
[2025-01-11 18:15:42] 
Processing graph 38/200
[2025-01-11 18:15:42] Graph 38 has 16 nodes and 101 edges
[2025-01-11 18:15:42] Converted to 101 bitstring edges
[2025-01-11 18:15:42] Computing Matchings Dynamic walk
[2025-01-11 18:15:45] Matchings - CX: 417, U3: 315, Depth: 555
[2025-01-11 18:15:45] Computing Pauli decomposition
[2025-01-11 18:15:46] Pauli - CX: 137, U3: 227, Depth: 251
[2025-01-11 18:15:46] Successfully processed graph 38 - Category: lose
[2025-01-11 18:15:46] 
Processing graph 39/200
[2025-01-11 18:15:46] Graph 39 has 16 nodes and 94 edges
[2025-01-11 18:15:46] Converted to 94 bitstring edges
[2025-01-11 18:15:46] Computing Matchings Dynamic walk
[2025-01-11 18:15:49] Matchings - CX: 482, U3: 365, Depth: 638
[2025-01-11 18:15:49] Computing Pauli decomposition
[2025-01-11 18:15:50] Pauli - CX: 113, U3: 182, Depth: 206
[2025-01-11 18:15:50] Successfully processed graph 39 - Category: lose
[2025-01-11 18:15:50] 
Processing graph 40/200
[2025-01-11 18:15:50] Graph 40 has 16 nodes and 106 edges
[2025-01-11 18:15:50] Converted to 106 bitstring edges
[2025-01-11 18:15:50] Computing Matchings Dynamic walk
[2025-01-11 18:15:54] Matchings - CX: 469, U3: 361, Depth: 637
[2025-01-11 18:15:54] Computing Pauli decomposition
[2025-01-11 18:15:55] Pauli - CX: 85, U3: 146, Depth: 162
[2025-01-11 18:15:55] Successfully processed graph 40 - Category: lose
[2025-01-11 18:15:55] 
Processing graph 41/200
[2025-01-11 18:15:55] Graph 41 has 16 nodes and 93 edges
[2025-01-11 18:15:55] Converted to 93 bitstring edges
[2025-01-11 18:15:55] Computing Matchings Dynamic walk
[2025-01-11 18:15:59] Matchings - CX: 432, U3: 323, Depth: 557
[2025-01-11 18:15:59] Computing Pauli decomposition
[2025-01-11 18:16:00] Pauli - CX: 137, U3: 230, Depth: 252
[2025-01-11 18:16:00] Successfully processed graph 41 - Category: lose
[2025-01-11 18:16:00] 
Processing graph 42/200
[2025-01-11 18:16:00] Graph 42 has 16 nodes and 98 edges
[2025-01-11 18:16:00] Converted to 98 bitstring edges
[2025-01-11 18:16:00] Computing Matchings Dynamic walk
[2025-01-11 18:16:05] Matchings - CX: 505, U3: 379, Depth: 677
[2025-01-11 18:16:05] Computing Pauli decomposition
[2025-01-11 18:16:07] Pauli - CX: 118, U3: 191, Depth: 215
[2025-01-11 18:16:07] Successfully processed graph 42 - Category: lose
[2025-01-11 18:16:07] 
Processing graph 43/200
[2025-01-11 18:16:07] Graph 43 has 16 nodes and 87 edges
[2025-01-11 18:16:07] Converted to 87 bitstring edges
[2025-01-11 18:16:07] Computing Matchings Dynamic walk
[2025-01-11 18:16:10] Matchings - CX: 561, U3: 419, Depth: 752
[2025-01-11 18:16:10] Computing Pauli decomposition
[2025-01-11 18:16:12] Pauli - CX: 124, U3: 210, Depth: 229
[2025-01-11 18:16:12] Successfully processed graph 43 - Category: lose
[2025-01-11 18:16:12] 
Processing graph 44/200
[2025-01-11 18:16:12] Graph 44 has 16 nodes and 98 edges
[2025-01-11 18:16:12] Converted to 98 bitstring edges
[2025-01-11 18:16:12] Computing Matchings Dynamic walk
[2025-01-11 18:16:15] Matchings - CX: 453, U3: 353, Depth: 600
[2025-01-11 18:16:15] Computing Pauli decomposition
[2025-01-11 18:16:17] Pauli - CX: 144, U3: 227, Depth: 259
[2025-01-11 18:16:17] Successfully processed graph 44 - Category: lose
[2025-01-11 18:16:17] 
Processing graph 45/200
[2025-01-11 18:16:17] Graph 45 has 16 nodes and 101 edges
[2025-01-11 18:16:17] Converted to 101 bitstring edges
[2025-01-11 18:16:17] Computing Matchings Dynamic walk
[2025-01-11 18:16:21] Matchings - CX: 536, U3: 415, Depth: 714
[2025-01-11 18:16:21] Computing Pauli decomposition
[2025-01-11 18:16:23] Pauli - CX: 130, U3: 222, Depth: 240
[2025-01-11 18:16:23] Successfully processed graph 45 - Category: lose
[2025-01-11 18:16:23] 
Processing graph 46/200
[2025-01-11 18:16:23] Graph 46 has 16 nodes and 100 edges
[2025-01-11 18:16:23] Converted to 100 bitstring edges
[2025-01-11 18:16:23] Computing Matchings Dynamic walk
[2025-01-11 18:16:27] Matchings - CX: 460, U3: 349, Depth: 612
[2025-01-11 18:16:27] Computing Pauli decomposition
[2025-01-11 18:16:28] Pauli - CX: 139, U3: 226, Depth: 255
[2025-01-11 18:16:28] Successfully processed graph 46 - Category: lose
[2025-01-11 18:16:28] 
Processing graph 47/200
[2025-01-11 18:16:28] Graph 47 has 16 nodes and 101 edges
[2025-01-11 18:16:28] Converted to 101 bitstring edges
[2025-01-11 18:16:28] Computing Matchings Dynamic walk
[2025-01-11 18:16:32] Matchings - CX: 475, U3: 383, Depth: 650
[2025-01-11 18:16:32] Computing Pauli decomposition
[2025-01-11 18:16:33] Pauli - CX: 95, U3: 155, Depth: 172
[2025-01-11 18:16:33] Successfully processed graph 47 - Category: lose
[2025-01-11 18:16:33] 
Processing graph 48/200
[2025-01-11 18:16:33] Graph 48 has 16 nodes and 84 edges
[2025-01-11 18:16:33] Converted to 84 bitstring edges
[2025-01-11 18:16:33] Computing Matchings Dynamic walk
[2025-01-11 18:16:36] Matchings - CX: 372, U3: 270, Depth: 484
[2025-01-11 18:16:36] Computing Pauli decomposition
[2025-01-11 18:16:38] Pauli - CX: 129, U3: 225, Depth: 239
[2025-01-11 18:16:38] Successfully processed graph 48 - Category: lose
[2025-01-11 18:16:38] 
Processing graph 49/200
[2025-01-11 18:16:38] Graph 49 has 16 nodes and 105 edges
[2025-01-11 18:16:38] Converted to 105 bitstring edges
[2025-01-11 18:16:38] Computing Matchings Dynamic walk
[2025-01-11 18:16:42] Matchings - CX: 508, U3: 371, Depth: 668
[2025-01-11 18:16:42] Computing Pauli decomposition
[2025-01-11 18:16:43] Pauli - CX: 110, U3: 157, Depth: 191
[2025-01-11 18:16:43] Successfully processed graph 49 - Category: lose
[2025-01-11 18:16:43] 
Processing graph 50/200
[2025-01-11 18:16:43] Graph 50 has 16 nodes and 101 edges
[2025-01-11 18:16:43] Converted to 101 bitstring edges
[2025-01-11 18:16:43] Computing Matchings Dynamic walk
[2025-01-11 18:16:46] Matchings - CX: 438, U3: 322, Depth: 582
[2025-01-11 18:16:46] Computing Pauli decomposition
[2025-01-11 18:16:48] Pauli - CX: 126, U3: 213, Depth: 236
[2025-01-11 18:16:48] Successfully processed graph 50 - Category: lose
[2025-01-11 18:16:48] 
Processing graph 51/200
[2025-01-11 18:16:48] Graph 51 has 16 nodes and 97 edges
[2025-01-11 18:16:48] Converted to 97 bitstring edges
[2025-01-11 18:16:48] Computing Matchings Dynamic walk
[2025-01-11 18:16:51] Matchings - CX: 452, U3: 367, Depth: 609
[2025-01-11 18:16:51] Computing Pauli decomposition
[2025-01-11 18:16:53] Pauli - CX: 126, U3: 205, Depth: 230
[2025-01-11 18:16:53] Successfully processed graph 51 - Category: lose
[2025-01-11 18:16:53] 
Processing graph 52/200
[2025-01-11 18:16:53] Graph 52 has 16 nodes and 107 edges
[2025-01-11 18:16:53] Converted to 107 bitstring edges
[2025-01-11 18:16:53] Computing Matchings Dynamic walk
[2025-01-11 18:16:57] Matchings - CX: 554, U3: 420, Depth: 744
[2025-01-11 18:16:57] Computing Pauli decomposition
[2025-01-11 18:16:59] Pauli - CX: 147, U3: 243, Depth: 269
[2025-01-11 18:16:59] Successfully processed graph 52 - Category: lose
[2025-01-11 18:16:59] 
Processing graph 53/200
[2025-01-11 18:16:59] Graph 53 has 16 nodes and 83 edges
[2025-01-11 18:16:59] Converted to 83 bitstring edges
[2025-01-11 18:16:59] Computing Matchings Dynamic walk
[2025-01-11 18:17:01] Matchings - CX: 366, U3: 274, Depth: 491
[2025-01-11 18:17:01] Computing Pauli decomposition
[2025-01-11 18:17:03] Pauli - CX: 125, U3: 200, Depth: 229
[2025-01-11 18:17:03] Successfully processed graph 53 - Category: lose
[2025-01-11 18:17:03] 
Processing graph 54/200
[2025-01-11 18:17:03] Graph 54 has 16 nodes and 104 edges
[2025-01-11 18:17:03] Converted to 104 bitstring edges
[2025-01-11 18:17:03] Computing Matchings Dynamic walk
[2025-01-11 18:17:06] Matchings - CX: 499, U3: 365, Depth: 658
[2025-01-11 18:17:06] Computing Pauli decomposition
[2025-01-11 18:17:08] Pauli - CX: 130, U3: 226, Depth: 242
[2025-01-11 18:17:08] Successfully processed graph 54 - Category: lose
[2025-01-11 18:17:08] 
Processing graph 55/200
[2025-01-11 18:17:08] Graph 55 has 16 nodes and 99 edges
[2025-01-11 18:17:08] Converted to 99 bitstring edges
[2025-01-11 18:17:08] Computing Matchings Dynamic walk
[2025-01-11 18:17:11] Matchings - CX: 431, U3: 350, Depth: 577
[2025-01-11 18:17:11] Computing Pauli decomposition
[2025-01-11 18:17:12] Pauli - CX: 110, U3: 175, Depth: 202
[2025-01-11 18:17:12] Successfully processed graph 55 - Category: lose
[2025-01-11 18:17:12] 
Processing graph 56/200
[2025-01-11 18:17:12] Graph 56 has 16 nodes and 103 edges
[2025-01-11 18:17:12] Converted to 103 bitstring edges
[2025-01-11 18:17:12] Computing Matchings Dynamic walk
[2025-01-11 18:17:16] Matchings - CX: 409, U3: 311, Depth: 550
[2025-01-11 18:17:16] Computing Pauli decomposition
[2025-01-11 18:17:17] Pauli - CX: 117, U3: 198, Depth: 214
[2025-01-11 18:17:17] Successfully processed graph 56 - Category: lose
[2025-01-11 18:17:17] 
Processing graph 57/200
[2025-01-11 18:17:17] Graph 57 has 16 nodes and 100 edges
[2025-01-11 18:17:17] Converted to 100 bitstring edges
[2025-01-11 18:17:17] Computing Matchings Dynamic walk
[2025-01-11 18:17:21] Matchings - CX: 426, U3: 311, Depth: 566
[2025-01-11 18:17:21] Computing Pauli decomposition
[2025-01-11 18:17:22] Pauli - CX: 142, U3: 234, Depth: 261
[2025-01-11 18:17:22] Successfully processed graph 57 - Category: lose
[2025-01-11 18:17:22] 
Processing graph 58/200
[2025-01-11 18:17:22] Graph 58 has 16 nodes and 95 edges
[2025-01-11 18:17:22] Converted to 95 bitstring edges
[2025-01-11 18:17:22] Computing Matchings Dynamic walk
[2025-01-11 18:17:25] Matchings - CX: 436, U3: 315, Depth: 576
[2025-01-11 18:17:25] Computing Pauli decomposition
[2025-01-11 18:17:27] Pauli - CX: 98, U3: 178, Depth: 184
[2025-01-11 18:17:27] Successfully processed graph 58 - Category: lose
[2025-01-11 18:17:27] 
Processing graph 59/200
[2025-01-11 18:17:27] Graph 59 has 16 nodes and 88 edges
[2025-01-11 18:17:27] Converted to 88 bitstring edges
[2025-01-11 18:17:27] Computing Matchings Dynamic walk
[2025-01-11 18:17:30] Matchings - CX: 446, U3: 342, Depth: 595
[2025-01-11 18:17:30] Computing Pauli decomposition
[2025-01-11 18:17:32] Pauli - CX: 137, U3: 222, Depth: 249
[2025-01-11 18:17:32] Successfully processed graph 59 - Category: lose
[2025-01-11 18:17:32] 
Processing graph 60/200
[2025-01-11 18:17:32] Graph 60 has 16 nodes and 108 edges
[2025-01-11 18:17:32] Converted to 108 bitstring edges
[2025-01-11 18:17:32] Computing Matchings Dynamic walk
[2025-01-11 18:17:35] Matchings - CX: 401, U3: 316, Depth: 537
[2025-01-11 18:17:35] Computing Pauli decomposition
[2025-01-11 18:17:37] Pauli - CX: 130, U3: 212, Depth: 236
[2025-01-11 18:17:37] Successfully processed graph 60 - Category: lose
[2025-01-11 18:17:37] 
Processing graph 61/200
[2025-01-11 18:17:37] Graph 61 has 16 nodes and 110 edges
[2025-01-11 18:17:37] Converted to 110 bitstring edges
[2025-01-11 18:17:37] Computing Matchings Dynamic walk
[2025-01-11 18:17:41] Matchings - CX: 399, U3: 315, Depth: 526
[2025-01-11 18:17:41] Computing Pauli decomposition
[2025-01-11 18:17:42] Pauli - CX: 121, U3: 197, Depth: 222
[2025-01-11 18:17:42] Successfully processed graph 61 - Category: lose
[2025-01-11 18:17:42] 
Processing graph 62/200
[2025-01-11 18:17:42] Graph 62 has 16 nodes and 110 edges
[2025-01-11 18:17:42] Converted to 110 bitstring edges
[2025-01-11 18:17:42] Computing Matchings Dynamic walk
[2025-01-11 18:17:46] Matchings - CX: 487, U3: 361, Depth: 634
[2025-01-11 18:17:46] Computing Pauli decomposition
[2025-01-11 18:17:47] Pauli - CX: 92, U3: 148, Depth: 168
[2025-01-11 18:17:47] Successfully processed graph 62 - Category: lose
[2025-01-11 18:17:47] 
Processing graph 63/200
[2025-01-11 18:17:47] Graph 63 has 16 nodes and 84 edges
[2025-01-11 18:17:47] Converted to 84 bitstring edges
[2025-01-11 18:17:47] Computing Matchings Dynamic walk
[2025-01-11 18:17:50] Matchings - CX: 566, U3: 421, Depth: 738
[2025-01-11 18:17:50] Computing Pauli decomposition
[2025-01-11 18:17:52] Pauli - CX: 137, U3: 237, Depth: 254
[2025-01-11 18:17:52] Successfully processed graph 63 - Category: lose
[2025-01-11 18:17:52] 
Processing graph 64/200
[2025-01-11 18:17:52] Graph 64 has 16 nodes and 92 edges
[2025-01-11 18:17:52] Converted to 92 bitstring edges
[2025-01-11 18:17:52] Computing Matchings Dynamic walk
[2025-01-11 18:17:55] Matchings - CX: 452, U3: 344, Depth: 603
[2025-01-11 18:17:55] Computing Pauli decomposition
[2025-01-11 18:17:57] Pauli - CX: 120, U3: 197, Depth: 218
[2025-01-11 18:17:57] Successfully processed graph 64 - Category: lose
[2025-01-11 18:17:57] 
Processing graph 65/200
[2025-01-11 18:17:57] Graph 65 has 16 nodes and 94 edges
[2025-01-11 18:17:57] Converted to 94 bitstring edges
[2025-01-11 18:17:57] Computing Matchings Dynamic walk
[2025-01-11 18:18:00] Matchings - CX: 422, U3: 334, Depth: 563
[2025-01-11 18:18:00] Computing Pauli decomposition
[2025-01-11 18:18:02] Pauli - CX: 124, U3: 219, Depth: 233
[2025-01-11 18:18:02] Successfully processed graph 65 - Category: lose
[2025-01-11 18:18:02] 
Processing graph 66/200
[2025-01-11 18:18:02] Graph 66 has 16 nodes and 108 edges
[2025-01-11 18:18:02] Converted to 108 bitstring edges
[2025-01-11 18:18:02] Computing Matchings Dynamic walk
[2025-01-11 18:18:05] Matchings - CX: 491, U3: 370, Depth: 650
[2025-01-11 18:18:05] Computing Pauli decomposition
[2025-01-11 18:18:06] Pauli - CX: 104, U3: 159, Depth: 186
[2025-01-11 18:18:06] Successfully processed graph 66 - Category: lose
[2025-01-11 18:18:06] 
Processing graph 67/200
[2025-01-11 18:18:06] Graph 67 has 16 nodes and 85 edges
[2025-01-11 18:18:06] Converted to 85 bitstring edges
[2025-01-11 18:18:06] Computing Matchings Dynamic walk
[2025-01-11 18:18:09] Matchings - CX: 363, U3: 280, Depth: 485
[2025-01-11 18:18:09] Computing Pauli decomposition
[2025-01-11 18:18:11] Pauli - CX: 129, U3: 215, Depth: 235
[2025-01-11 18:18:11] Successfully processed graph 67 - Category: lose
[2025-01-11 18:18:11] 
Processing graph 68/200
[2025-01-11 18:18:11] Graph 68 has 16 nodes and 101 edges
[2025-01-11 18:18:11] Converted to 101 bitstring edges
[2025-01-11 18:18:11] Computing Matchings Dynamic walk
[2025-01-11 18:18:14] Matchings - CX: 475, U3: 366, Depth: 635
[2025-01-11 18:18:14] Computing Pauli decomposition
[2025-01-11 18:18:15] Pauli - CX: 101, U3: 191, Depth: 193
[2025-01-11 18:18:15] Successfully processed graph 68 - Category: lose
[2025-01-11 18:18:15] 
Processing graph 69/200
[2025-01-11 18:18:15] Graph 69 has 16 nodes and 104 edges
[2025-01-11 18:18:15] Converted to 104 bitstring edges
[2025-01-11 18:18:15] Computing Matchings Dynamic walk
[2025-01-11 18:18:19] Matchings - CX: 545, U3: 417, Depth: 730
[2025-01-11 18:18:19] Computing Pauli decomposition
[2025-01-11 18:18:20] Pauli - CX: 136, U3: 218, Depth: 246
[2025-01-11 18:18:20] Successfully processed graph 69 - Category: lose
[2025-01-11 18:18:20] 
Processing graph 70/200
[2025-01-11 18:18:20] Graph 70 has 16 nodes and 107 edges
[2025-01-11 18:18:20] Converted to 107 bitstring edges
[2025-01-11 18:18:20] Computing Matchings Dynamic walk
[2025-01-11 18:18:24] Matchings - CX: 573, U3: 416, Depth: 764
[2025-01-11 18:18:24] Computing Pauli decomposition
[2025-01-11 18:18:26] Pauli - CX: 106, U3: 175, Depth: 195
[2025-01-11 18:18:26] Successfully processed graph 70 - Category: lose
[2025-01-11 18:18:26] 
Processing graph 71/200
[2025-01-11 18:18:26] Graph 71 has 16 nodes and 100 edges
[2025-01-11 18:18:26] Converted to 100 bitstring edges
[2025-01-11 18:18:26] Computing Matchings Dynamic walk
[2025-01-11 18:18:29] Matchings - CX: 366, U3: 295, Depth: 503
[2025-01-11 18:18:29] Computing Pauli decomposition
[2025-01-11 18:18:30] Pauli - CX: 94, U3: 150, Depth: 169
[2025-01-11 18:18:30] Successfully processed graph 71 - Category: lose
[2025-01-11 18:18:30] 
Processing graph 72/200
[2025-01-11 18:18:30] Graph 72 has 16 nodes and 95 edges
[2025-01-11 18:18:30] Converted to 95 bitstring edges
[2025-01-11 18:18:30] Computing Matchings Dynamic walk
[2025-01-11 18:18:33] Matchings - CX: 397, U3: 307, Depth: 537
[2025-01-11 18:18:33] Computing Pauli decomposition
[2025-01-11 18:18:35] Pauli - CX: 133, U3: 227, Depth: 250
[2025-01-11 18:18:35] Successfully processed graph 72 - Category: lose
[2025-01-11 18:18:35] 
Processing graph 73/200
[2025-01-11 18:18:35] Graph 73 has 16 nodes and 103 edges
[2025-01-11 18:18:35] Converted to 103 bitstring edges
[2025-01-11 18:18:35] Computing Matchings Dynamic walk
[2025-01-11 18:18:38] Matchings - CX: 431, U3: 351, Depth: 586
[2025-01-11 18:18:38] Computing Pauli decomposition
[2025-01-11 18:18:40] Pauli - CX: 116, U3: 201, Depth: 214
[2025-01-11 18:18:40] Successfully processed graph 73 - Category: lose
[2025-01-11 18:18:40] 
Processing graph 74/200
[2025-01-11 18:18:40] Graph 74 has 16 nodes and 91 edges
[2025-01-11 18:18:40] Converted to 91 bitstring edges
[2025-01-11 18:18:40] Computing Matchings Dynamic walk
[2025-01-11 18:18:42] Matchings - CX: 397, U3: 295, Depth: 525
[2025-01-11 18:18:42] Computing Pauli decomposition
[2025-01-11 18:18:44] Pauli - CX: 119, U3: 202, Depth: 221
[2025-01-11 18:18:44] Successfully processed graph 74 - Category: lose
[2025-01-11 18:18:44] 
Processing graph 75/200
[2025-01-11 18:18:44] Graph 75 has 16 nodes and 91 edges
[2025-01-11 18:18:44] Converted to 91 bitstring edges
[2025-01-11 18:18:44] Computing Matchings Dynamic walk
[2025-01-11 18:18:47] Matchings - CX: 447, U3: 325, Depth: 593
[2025-01-11 18:18:47] Computing Pauli decomposition
[2025-01-11 18:18:48] Pauli - CX: 133, U3: 217, Depth: 242
[2025-01-11 18:18:48] Successfully processed graph 75 - Category: lose
[2025-01-11 18:18:48] 
Processing graph 76/200
[2025-01-11 18:18:48] Graph 76 has 16 nodes and 96 edges
[2025-01-11 18:18:48] Converted to 96 bitstring edges
[2025-01-11 18:18:48] Computing Matchings Dynamic walk
[2025-01-11 18:18:51] Matchings - CX: 425, U3: 315, Depth: 570
[2025-01-11 18:18:51] Computing Pauli decomposition
[2025-01-11 18:18:53] Pauli - CX: 125, U3: 215, Depth: 230
[2025-01-11 18:18:53] Successfully processed graph 76 - Category: lose
[2025-01-11 18:18:53] 
Processing graph 77/200
[2025-01-11 18:18:53] Graph 77 has 16 nodes and 101 edges
[2025-01-11 18:18:53] Converted to 101 bitstring edges
[2025-01-11 18:18:53] Computing Matchings Dynamic walk
[2025-01-11 18:18:56] Matchings - CX: 505, U3: 369, Depth: 652
[2025-01-11 18:18:56] Computing Pauli decomposition
[2025-01-11 18:18:57] Pauli - CX: 113, U3: 171, Depth: 200
[2025-01-11 18:18:57] Successfully processed graph 77 - Category: lose
[2025-01-11 18:18:57] 
Processing graph 78/200
[2025-01-11 18:18:57] Graph 78 has 16 nodes and 94 edges
[2025-01-11 18:18:57] Converted to 94 bitstring edges
[2025-01-11 18:18:57] Computing Matchings Dynamic walk
[2025-01-11 18:19:01] Matchings - CX: 489, U3: 345, Depth: 648
[2025-01-11 18:19:01] Computing Pauli decomposition
[2025-01-11 18:19:02] Pauli - CX: 103, U3: 176, Depth: 191
[2025-01-11 18:19:02] Successfully processed graph 78 - Category: lose
[2025-01-11 18:19:02] 
Processing graph 79/200
[2025-01-11 18:19:02] Graph 79 has 16 nodes and 96 edges
[2025-01-11 18:19:02] Converted to 96 bitstring edges
[2025-01-11 18:19:02] Computing Matchings Dynamic walk
[2025-01-11 18:19:05] Matchings - CX: 442, U3: 355, Depth: 595
[2025-01-11 18:19:05] Computing Pauli decomposition
[2025-01-11 18:19:07] Pauli - CX: 132, U3: 224, Depth: 244
[2025-01-11 18:19:07] Successfully processed graph 79 - Category: lose
[2025-01-11 18:19:07] 
Processing graph 80/200
[2025-01-11 18:19:07] Graph 80 has 16 nodes and 101 edges
[2025-01-11 18:19:07] Converted to 101 bitstring edges
[2025-01-11 18:19:07] Computing Matchings Dynamic walk
[2025-01-11 18:19:10] Matchings - CX: 511, U3: 371, Depth: 674
[2025-01-11 18:19:10] Computing Pauli decomposition
[2025-01-11 18:19:12] Pauli - CX: 124, U3: 213, Depth: 230
[2025-01-11 18:19:12] Successfully processed graph 80 - Category: lose
[2025-01-11 18:19:12] 
Processing graph 81/200
[2025-01-11 18:19:12] Graph 81 has 16 nodes and 101 edges
[2025-01-11 18:19:12] Converted to 101 bitstring edges
[2025-01-11 18:19:12] Computing Matchings Dynamic walk
[2025-01-11 18:19:15] Matchings - CX: 446, U3: 342, Depth: 594
[2025-01-11 18:19:15] Computing Pauli decomposition
[2025-01-11 18:19:16] Pauli - CX: 128, U3: 210, Depth: 233
[2025-01-11 18:19:16] Successfully processed graph 81 - Category: lose
[2025-01-11 18:19:16] 
Processing graph 82/200
[2025-01-11 18:19:16] Graph 82 has 16 nodes and 92 edges
[2025-01-11 18:19:16] Converted to 92 bitstring edges
[2025-01-11 18:19:16] Computing Matchings Dynamic walk
[2025-01-11 18:19:19] Matchings - CX: 407, U3: 304, Depth: 547
[2025-01-11 18:19:19] Computing Pauli decomposition
[2025-01-11 18:19:20] Pauli - CX: 131, U3: 216, Depth: 241
[2025-01-11 18:19:20] Successfully processed graph 82 - Category: lose
[2025-01-11 18:19:20] 
Processing graph 83/200
[2025-01-11 18:19:20] Graph 83 has 16 nodes and 96 edges
[2025-01-11 18:19:20] Converted to 96 bitstring edges
[2025-01-11 18:19:20] Computing Matchings Dynamic walk
[2025-01-11 18:19:23] Matchings - CX: 424, U3: 322, Depth: 556
[2025-01-11 18:19:23] Computing Pauli decomposition
[2025-01-11 18:19:25] Pauli - CX: 119, U3: 189, Depth: 216
[2025-01-11 18:19:25] Successfully processed graph 83 - Category: lose
[2025-01-11 18:19:25] 
Processing graph 84/200
[2025-01-11 18:19:25] Graph 84 has 16 nodes and 92 edges
[2025-01-11 18:19:25] Converted to 92 bitstring edges
[2025-01-11 18:19:25] Computing Matchings Dynamic walk
[2025-01-11 18:19:27] Matchings - CX: 299, U3: 229, Depth: 413
[2025-01-11 18:19:27] Computing Pauli decomposition
[2025-01-11 18:19:28] Pauli - CX: 107, U3: 172, Depth: 198
[2025-01-11 18:19:28] Successfully processed graph 84 - Category: lose
[2025-01-11 18:19:28] 
Processing graph 85/200
[2025-01-11 18:19:28] Graph 85 has 16 nodes and 105 edges
[2025-01-11 18:19:28] Converted to 105 bitstring edges
[2025-01-11 18:19:28] Computing Matchings Dynamic walk
[2025-01-11 18:19:31] Matchings - CX: 423, U3: 327, Depth: 560
[2025-01-11 18:19:31] Computing Pauli decomposition
[2025-01-11 18:19:32] Pauli - CX: 106, U3: 168, Depth: 192
[2025-01-11 18:19:32] Successfully processed graph 85 - Category: lose
[2025-01-11 18:19:32] 
Processing graph 86/200
[2025-01-11 18:19:32] Graph 86 has 16 nodes and 104 edges
[2025-01-11 18:19:32] Converted to 104 bitstring edges
[2025-01-11 18:19:32] Computing Matchings Dynamic walk
[2025-01-11 18:19:35] Matchings - CX: 462, U3: 351, Depth: 619
[2025-01-11 18:19:35] Computing Pauli decomposition
[2025-01-11 18:19:37] Pauli - CX: 105, U3: 172, Depth: 192
[2025-01-11 18:19:37] Successfully processed graph 86 - Category: lose
[2025-01-11 18:19:37] 
Processing graph 87/200
[2025-01-11 18:19:37] Graph 87 has 16 nodes and 101 edges
[2025-01-11 18:19:37] Converted to 101 bitstring edges
[2025-01-11 18:19:37] Computing Matchings Dynamic walk
[2025-01-11 18:19:39] Matchings - CX: 436, U3: 324, Depth: 579
[2025-01-11 18:19:39] Computing Pauli decomposition
[2025-01-11 18:19:41] Pauli - CX: 122, U3: 211, Depth: 226
[2025-01-11 18:19:41] Successfully processed graph 87 - Category: lose
[2025-01-11 18:19:41] 
Processing graph 88/200
[2025-01-11 18:19:41] Graph 88 has 16 nodes and 103 edges
[2025-01-11 18:19:41] Converted to 103 bitstring edges
[2025-01-11 18:19:41] Computing Matchings Dynamic walk
[2025-01-11 18:19:44] Matchings - CX: 413, U3: 318, Depth: 564
[2025-01-11 18:19:44] Computing Pauli decomposition
[2025-01-11 18:19:45] Pauli - CX: 108, U3: 186, Depth: 202
[2025-01-11 18:19:45] Successfully processed graph 88 - Category: lose
[2025-01-11 18:19:45] 
Processing graph 89/200
[2025-01-11 18:19:45] Graph 89 has 16 nodes and 105 edges
[2025-01-11 18:19:45] Converted to 105 bitstring edges
[2025-01-11 18:19:45] Computing Matchings Dynamic walk
[2025-01-11 18:19:49] Matchings - CX: 501, U3: 385, Depth: 660
[2025-01-11 18:19:49] Computing Pauli decomposition
[2025-01-11 18:19:50] Pauli - CX: 113, U3: 171, Depth: 200
[2025-01-11 18:19:50] Successfully processed graph 89 - Category: lose
[2025-01-11 18:19:50] 
Processing graph 90/200
[2025-01-11 18:19:50] Graph 90 has 16 nodes and 87 edges
[2025-01-11 18:19:50] Converted to 87 bitstring edges
[2025-01-11 18:19:50] Computing Matchings Dynamic walk
[2025-01-11 18:19:53] Matchings - CX: 315, U3: 230, Depth: 417
[2025-01-11 18:19:53] Computing Pauli decomposition
[2025-01-11 18:19:55] Pauli - CX: 147, U3: 248, Depth: 271
[2025-01-11 18:19:55] Successfully processed graph 90 - Category: lose
[2025-01-11 18:19:55] 
Processing graph 91/200
[2025-01-11 18:19:55] Graph 91 has 16 nodes and 82 edges
[2025-01-11 18:19:55] Converted to 82 bitstring edges
[2025-01-11 18:19:55] Computing Matchings Dynamic walk
[2025-01-11 18:19:57] Matchings - CX: 341, U3: 272, Depth: 457
[2025-01-11 18:19:57] Computing Pauli decomposition
[2025-01-11 18:19:59] Pauli - CX: 139, U3: 230, Depth: 254
[2025-01-11 18:19:59] Successfully processed graph 91 - Category: lose
[2025-01-11 18:19:59] 
Processing graph 92/200
[2025-01-11 18:19:59] Graph 92 has 16 nodes and 105 edges
[2025-01-11 18:19:59] Converted to 105 bitstring edges
[2025-01-11 18:19:59] Computing Matchings Dynamic walk
[2025-01-11 18:20:02] Matchings - CX: 387, U3: 292, Depth: 513
[2025-01-11 18:20:02] Computing Pauli decomposition
[2025-01-11 18:20:03] Pauli - CX: 100, U3: 171, Depth: 185
[2025-01-11 18:20:03] Successfully processed graph 92 - Category: lose
[2025-01-11 18:20:03] 
Processing graph 93/200
[2025-01-11 18:20:03] Graph 93 has 16 nodes and 105 edges
[2025-01-11 18:20:03] Converted to 105 bitstring edges
[2025-01-11 18:20:03] Computing Matchings Dynamic walk
[2025-01-11 18:20:07] Matchings - CX: 519, U3: 387, Depth: 691
[2025-01-11 18:20:07] Computing Pauli decomposition
[2025-01-11 18:20:08] Pauli - CX: 126, U3: 199, Depth: 234
[2025-01-11 18:20:08] Successfully processed graph 93 - Category: lose
[2025-01-11 18:20:08] 
Processing graph 94/200
[2025-01-11 18:20:08] Graph 94 has 16 nodes and 105 edges
[2025-01-11 18:20:08] Converted to 105 bitstring edges
[2025-01-11 18:20:08] Computing Matchings Dynamic walk
[2025-01-11 18:20:12] Matchings - CX: 525, U3: 377, Depth: 685
[2025-01-11 18:20:12] Computing Pauli decomposition
[2025-01-11 18:20:13] Pauli - CX: 99, U3: 165, Depth: 183
[2025-01-11 18:20:13] Successfully processed graph 94 - Category: lose
[2025-01-11 18:20:13] 
Processing graph 95/200
[2025-01-11 18:20:13] Graph 95 has 16 nodes and 108 edges
[2025-01-11 18:20:13] Converted to 108 bitstring edges
[2025-01-11 18:20:13] Computing Matchings Dynamic walk
[2025-01-11 18:20:16] Matchings - CX: 444, U3: 330, Depth: 589
[2025-01-11 18:20:16] Computing Pauli decomposition
[2025-01-11 18:20:18] Pauli - CX: 123, U3: 183, Depth: 220
[2025-01-11 18:20:18] Successfully processed graph 95 - Category: lose
[2025-01-11 18:20:18] 
Processing graph 96/200
[2025-01-11 18:20:18] Graph 96 has 16 nodes and 84 edges
[2025-01-11 18:20:18] Converted to 84 bitstring edges
[2025-01-11 18:20:18] Computing Matchings Dynamic walk
[2025-01-11 18:20:20] Matchings - CX: 404, U3: 289, Depth: 526
[2025-01-11 18:20:20] Computing Pauli decomposition
[2025-01-11 18:20:22] Pauli - CX: 127, U3: 219, Depth: 233
[2025-01-11 18:20:22] Successfully processed graph 96 - Category: lose
[2025-01-11 18:20:22] 
Processing graph 97/200
[2025-01-11 18:20:22] Graph 97 has 16 nodes and 96 edges
[2025-01-11 18:20:22] Converted to 96 bitstring edges
[2025-01-11 18:20:22] Computing Matchings Dynamic walk
[2025-01-11 18:20:26] Matchings - CX: 487, U3: 354, Depth: 633
[2025-01-11 18:20:26] Computing Pauli decomposition
[2025-01-11 18:20:27] Pauli - CX: 117, U3: 179, Depth: 208
[2025-01-11 18:20:27] Successfully processed graph 97 - Category: lose
[2025-01-11 18:20:27] 
Processing graph 98/200
[2025-01-11 18:20:27] Graph 98 has 16 nodes and 107 edges
[2025-01-11 18:20:27] Converted to 107 bitstring edges
[2025-01-11 18:20:27] Computing Matchings Dynamic walk
[2025-01-11 18:20:30] Matchings - CX: 448, U3: 361, Depth: 606
[2025-01-11 18:20:30] Computing Pauli decomposition
[2025-01-11 18:20:31] Pauli - CX: 77, U3: 121, Depth: 140
[2025-01-11 18:20:31] Successfully processed graph 98 - Category: lose
[2025-01-11 18:20:31] 
Processing graph 99/200
[2025-01-11 18:20:31] Graph 99 has 16 nodes and 88 edges
[2025-01-11 18:20:31] Converted to 88 bitstring edges
[2025-01-11 18:20:31] Computing Matchings Dynamic walk
[2025-01-11 18:20:34] Matchings - CX: 473, U3: 362, Depth: 635
[2025-01-11 18:20:34] Computing Pauli decomposition
[2025-01-11 18:20:36] Pauli - CX: 128, U3: 197, Depth: 228
[2025-01-11 18:20:36] Successfully processed graph 99 - Category: lose
[2025-01-11 18:20:36] 
Processing graph 100/200
[2025-01-11 18:20:36] Graph 100 has 16 nodes and 108 edges
[2025-01-11 18:20:36] Converted to 108 bitstring edges
[2025-01-11 18:20:36] Computing Matchings Dynamic walk
[2025-01-11 18:20:39] Matchings - CX: 385, U3: 289, Depth: 521
[2025-01-11 18:20:39] Computing Pauli decomposition
[2025-01-11 18:20:40] Pauli - CX: 98, U3: 169, Depth: 182
[2025-01-11 18:20:40] Successfully processed graph 100 - Category: lose
[2025-01-11 18:20:40] 
Processing graph 101/200
[2025-01-11 18:20:40] Graph 101 has 16 nodes and 104 edges
[2025-01-11 18:20:40] Converted to 104 bitstring edges
[2025-01-11 18:20:40] Computing Matchings Dynamic walk
[2025-01-11 18:20:43] Matchings - CX: 427, U3: 330, Depth: 573
[2025-01-11 18:20:43] Computing Pauli decomposition
[2025-01-11 18:20:45] Pauli - CX: 125, U3: 202, Depth: 228
[2025-01-11 18:20:45] Successfully processed graph 101 - Category: lose
[2025-01-11 18:20:45] 
Processing graph 102/200
[2025-01-11 18:20:45] Graph 102 has 16 nodes and 103 edges
[2025-01-11 18:20:45] Converted to 103 bitstring edges
[2025-01-11 18:20:45] Computing Matchings Dynamic walk
[2025-01-11 18:20:48] Matchings - CX: 504, U3: 390, Depth: 667
[2025-01-11 18:20:48] Computing Pauli decomposition
[2025-01-11 18:20:50] Pauli - CX: 115, U3: 206, Depth: 218
[2025-01-11 18:20:50] Successfully processed graph 102 - Category: lose
[2025-01-11 18:20:50] 
Processing graph 103/200
[2025-01-11 18:20:50] Graph 103 has 16 nodes and 78 edges
[2025-01-11 18:20:50] Converted to 78 bitstring edges
[2025-01-11 18:20:50] Computing Matchings Dynamic walk
[2025-01-11 18:20:53] Matchings - CX: 302, U3: 246, Depth: 401
[2025-01-11 18:20:53] Computing Pauli decomposition
[2025-01-11 18:20:54] Pauli - CX: 147, U3: 253, Depth: 274
[2025-01-11 18:20:54] Successfully processed graph 103 - Category: lose
[2025-01-11 18:20:54] 
Processing graph 104/200
[2025-01-11 18:20:54] Graph 104 has 16 nodes and 110 edges
[2025-01-11 18:20:54] Converted to 110 bitstring edges
[2025-01-11 18:20:54] Computing Matchings Dynamic walk
[2025-01-11 18:20:58] Matchings - CX: 573, U3: 427, Depth: 759
[2025-01-11 18:20:58] Computing Pauli decomposition
[2025-01-11 18:20:59] Pauli - CX: 105, U3: 162, Depth: 188
[2025-01-11 18:20:59] Successfully processed graph 104 - Category: lose
[2025-01-11 18:20:59] 
Processing graph 105/200
[2025-01-11 18:20:59] Graph 105 has 16 nodes and 105 edges
[2025-01-11 18:20:59] Converted to 105 bitstring edges
[2025-01-11 18:20:59] Computing Matchings Dynamic walk
[2025-01-11 18:21:03] Matchings - CX: 470, U3: 377, Depth: 624
[2025-01-11 18:21:03] Computing Pauli decomposition
[2025-01-11 18:21:04] Pauli - CX: 103, U3: 164, Depth: 185
[2025-01-11 18:21:04] Successfully processed graph 105 - Category: lose
[2025-01-11 18:21:04] 
Processing graph 106/200
[2025-01-11 18:21:04] Graph 106 has 16 nodes and 99 edges
[2025-01-11 18:21:04] Converted to 99 bitstring edges
[2025-01-11 18:21:04] Computing Matchings Dynamic walk
[2025-01-11 18:21:07] Matchings - CX: 414, U3: 314, Depth: 551
[2025-01-11 18:21:07] Computing Pauli decomposition
[2025-01-11 18:21:09] Pauli - CX: 124, U3: 205, Depth: 228
[2025-01-11 18:21:09] Successfully processed graph 106 - Category: lose
[2025-01-11 18:21:09] 
Processing graph 107/200
[2025-01-11 18:21:09] Graph 107 has 16 nodes and 100 edges
[2025-01-11 18:21:09] Converted to 100 bitstring edges
[2025-01-11 18:21:09] Computing Matchings Dynamic walk
[2025-01-11 18:21:12] Matchings - CX: 377, U3: 297, Depth: 510
[2025-01-11 18:21:12] Computing Pauli decomposition
[2025-01-11 18:21:14] Pauli - CX: 126, U3: 209, Depth: 229
[2025-01-11 18:21:14] Successfully processed graph 107 - Category: lose
[2025-01-11 18:21:14] 
Processing graph 108/200
[2025-01-11 18:21:14] Graph 108 has 16 nodes and 107 edges
[2025-01-11 18:21:14] Converted to 107 bitstring edges
[2025-01-11 18:21:14] Computing Matchings Dynamic walk
[2025-01-11 18:21:17] Matchings - CX: 447, U3: 327, Depth: 581
[2025-01-11 18:21:17] Computing Pauli decomposition
[2025-01-11 18:21:18] Pauli - CX: 115, U3: 192, Depth: 210
[2025-01-11 18:21:18] Successfully processed graph 108 - Category: lose
[2025-01-11 18:21:18] 
Processing graph 109/200
[2025-01-11 18:21:18] Graph 109 has 16 nodes and 87 edges
[2025-01-11 18:21:18] Converted to 87 bitstring edges
[2025-01-11 18:21:18] Computing Matchings Dynamic walk
[2025-01-11 18:21:21] Matchings - CX: 380, U3: 295, Depth: 513
[2025-01-11 18:21:21] Computing Pauli decomposition
[2025-01-11 18:21:23] Pauli - CX: 132, U3: 203, Depth: 238
[2025-01-11 18:21:23] Successfully processed graph 109 - Category: lose
[2025-01-11 18:21:23] 
Processing graph 110/200
[2025-01-11 18:21:23] Graph 110 has 16 nodes and 87 edges
[2025-01-11 18:21:23] Converted to 87 bitstring edges
[2025-01-11 18:21:23] Computing Matchings Dynamic walk
[2025-01-11 18:21:26] Matchings - CX: 503, U3: 388, Depth: 666
[2025-01-11 18:21:26] Computing Pauli decomposition
[2025-01-11 18:21:28] Pauli - CX: 113, U3: 197, Depth: 211
[2025-01-11 18:21:28] Successfully processed graph 110 - Category: lose
[2025-01-11 18:21:28] 
Processing graph 111/200
[2025-01-11 18:21:28] Graph 111 has 16 nodes and 83 edges
[2025-01-11 18:21:28] Converted to 83 bitstring edges
[2025-01-11 18:21:28] Computing Matchings Dynamic walk
[2025-01-11 18:21:31] Matchings - CX: 431, U3: 320, Depth: 577
[2025-01-11 18:21:31] Computing Pauli decomposition
[2025-01-11 18:21:32] Pauli - CX: 127, U3: 196, Depth: 232
[2025-01-11 18:21:32] Successfully processed graph 111 - Category: lose
[2025-01-11 18:21:32] 
Processing graph 112/200
[2025-01-11 18:21:32] Graph 112 has 16 nodes and 87 edges
[2025-01-11 18:21:32] Converted to 87 bitstring edges
[2025-01-11 18:21:32] Computing Matchings Dynamic walk
[2025-01-11 18:21:36] Matchings - CX: 533, U3: 415, Depth: 716
[2025-01-11 18:21:36] Computing Pauli decomposition
[2025-01-11 18:21:38] Pauli - CX: 134, U3: 216, Depth: 245
[2025-01-11 18:21:38] Successfully processed graph 112 - Category: lose
[2025-01-11 18:21:38] 
Processing graph 113/200
[2025-01-11 18:21:38] Graph 113 has 16 nodes and 95 edges
[2025-01-11 18:21:38] Converted to 95 bitstring edges
[2025-01-11 18:21:38] Computing Matchings Dynamic walk
[2025-01-11 18:21:41] Matchings - CX: 419, U3: 312, Depth: 568
[2025-01-11 18:21:41] Computing Pauli decomposition
[2025-01-11 18:21:42] Pauli - CX: 117, U3: 203, Depth: 218
[2025-01-11 18:21:42] Successfully processed graph 113 - Category: lose
[2025-01-11 18:21:42] 
Processing graph 114/200
[2025-01-11 18:21:42] Graph 114 has 16 nodes and 95 edges
[2025-01-11 18:21:42] Converted to 95 bitstring edges
[2025-01-11 18:21:42] Computing Matchings Dynamic walk
[2025-01-11 18:21:45] Matchings - CX: 454, U3: 351, Depth: 603
[2025-01-11 18:21:45] Computing Pauli decomposition
[2025-01-11 18:21:47] Pauli - CX: 111, U3: 191, Depth: 204
[2025-01-11 18:21:47] Successfully processed graph 114 - Category: lose
[2025-01-11 18:21:47] 
Processing graph 115/200
[2025-01-11 18:21:47] Graph 115 has 16 nodes and 86 edges
[2025-01-11 18:21:47] Converted to 86 bitstring edges
[2025-01-11 18:21:47] Computing Matchings Dynamic walk
[2025-01-11 18:21:50] Matchings - CX: 372, U3: 292, Depth: 509
[2025-01-11 18:21:50] Computing Pauli decomposition
[2025-01-11 18:21:51] Pauli - CX: 134, U3: 221, Depth: 243
[2025-01-11 18:21:51] Successfully processed graph 115 - Category: lose
[2025-01-11 18:21:51] 
Processing graph 116/200
[2025-01-11 18:21:51] Graph 116 has 16 nodes and 87 edges
[2025-01-11 18:21:51] Converted to 87 bitstring edges
[2025-01-11 18:21:51] Computing Matchings Dynamic walk
[2025-01-11 18:21:54] Matchings - CX: 295, U3: 250, Depth: 408
[2025-01-11 18:21:54] Computing Pauli decomposition
[2025-01-11 18:21:56] Pauli - CX: 135, U3: 220, Depth: 244
[2025-01-11 18:21:56] Successfully processed graph 116 - Category: lose
[2025-01-11 18:21:56] 
Processing graph 117/200
[2025-01-11 18:21:56] Graph 117 has 16 nodes and 98 edges
[2025-01-11 18:21:56] Converted to 98 bitstring edges
[2025-01-11 18:21:56] Computing Matchings Dynamic walk
[2025-01-11 18:21:59] Matchings - CX: 462, U3: 364, Depth: 627
[2025-01-11 18:21:59] Computing Pauli decomposition
[2025-01-11 18:22:00] Pauli - CX: 127, U3: 211, Depth: 235
[2025-01-11 18:22:00] Successfully processed graph 117 - Category: lose
[2025-01-11 18:22:00] 
Processing graph 118/200
[2025-01-11 18:22:00] Graph 118 has 16 nodes and 87 edges
[2025-01-11 18:22:00] Converted to 87 bitstring edges
[2025-01-11 18:22:00] Computing Matchings Dynamic walk
[2025-01-11 18:22:03] Matchings - CX: 286, U3: 233, Depth: 389
[2025-01-11 18:22:03] Computing Pauli decomposition
[2025-01-11 18:22:04] Pauli - CX: 135, U3: 230, Depth: 249
[2025-01-11 18:22:04] Successfully processed graph 118 - Category: lose
[2025-01-11 18:22:04] 
Processing graph 119/200
[2025-01-11 18:22:04] Graph 119 has 16 nodes and 101 edges
[2025-01-11 18:22:04] Converted to 101 bitstring edges
[2025-01-11 18:22:04] Computing Matchings Dynamic walk
[2025-01-11 18:22:08] Matchings - CX: 465, U3: 350, Depth: 628
[2025-01-11 18:22:08] Computing Pauli decomposition
[2025-01-11 18:22:09] Pauli - CX: 136, U3: 239, Depth: 258
[2025-01-11 18:22:09] Successfully processed graph 119 - Category: lose
[2025-01-11 18:22:09] 
Processing graph 120/200
[2025-01-11 18:22:09] Graph 120 has 16 nodes and 104 edges
[2025-01-11 18:22:09] Converted to 104 bitstring edges
[2025-01-11 18:22:09] Computing Matchings Dynamic walk
[2025-01-11 18:22:13] Matchings - CX: 558, U3: 437, Depth: 746
[2025-01-11 18:22:13] Computing Pauli decomposition
[2025-01-11 18:22:14] Pauli - CX: 115, U3: 182, Depth: 206
[2025-01-11 18:22:14] Successfully processed graph 120 - Category: lose
[2025-01-11 18:22:14] 
Processing graph 121/200
[2025-01-11 18:22:14] Graph 121 has 16 nodes and 106 edges
[2025-01-11 18:22:14] Converted to 106 bitstring edges
[2025-01-11 18:22:14] Computing Matchings Dynamic walk
[2025-01-11 18:22:17] Matchings - CX: 422, U3: 334, Depth: 571
[2025-01-11 18:22:17] Computing Pauli decomposition
[2025-01-11 18:22:18] Pauli - CX: 99, U3: 143, Depth: 172
[2025-01-11 18:22:18] Successfully processed graph 121 - Category: lose
[2025-01-11 18:22:18] 
Processing graph 122/200
[2025-01-11 18:22:18] Graph 122 has 16 nodes and 100 edges
[2025-01-11 18:22:18] Converted to 100 bitstring edges
[2025-01-11 18:22:18] Computing Matchings Dynamic walk
[2025-01-11 18:22:21] Matchings - CX: 439, U3: 337, Depth: 579
[2025-01-11 18:22:21] Computing Pauli decomposition
[2025-01-11 18:22:22] Pauli - CX: 109, U3: 189, Depth: 202
[2025-01-11 18:22:22] Successfully processed graph 122 - Category: lose
[2025-01-11 18:22:22] 
Processing graph 123/200
[2025-01-11 18:22:22] Graph 123 has 16 nodes and 101 edges
[2025-01-11 18:22:22] Converted to 101 bitstring edges
[2025-01-11 18:22:22] Computing Matchings Dynamic walk
[2025-01-11 18:22:26] Matchings - CX: 495, U3: 367, Depth: 655
[2025-01-11 18:22:26] Computing Pauli decomposition
[2025-01-11 18:22:27] Pauli - CX: 146, U3: 235, Depth: 266
[2025-01-11 18:22:27] Successfully processed graph 123 - Category: lose
[2025-01-11 18:22:27] 
Processing graph 124/200
[2025-01-11 18:22:27] Graph 124 has 16 nodes and 95 edges
[2025-01-11 18:22:27] Converted to 95 bitstring edges
[2025-01-11 18:22:27] Computing Matchings Dynamic walk
[2025-01-11 18:22:31] Matchings - CX: 434, U3: 337, Depth: 587
[2025-01-11 18:22:31] Computing Pauli decomposition
[2025-01-11 18:22:32] Pauli - CX: 99, U3: 167, Depth: 183
[2025-01-11 18:22:32] Successfully processed graph 124 - Category: lose
[2025-01-11 18:22:32] 
Processing graph 125/200
[2025-01-11 18:22:32] Graph 125 has 16 nodes and 105 edges
[2025-01-11 18:22:32] Converted to 105 bitstring edges
[2025-01-11 18:22:32] Computing Matchings Dynamic walk
[2025-01-11 18:22:35] Matchings - CX: 536, U3: 432, Depth: 717
[2025-01-11 18:22:35] Computing Pauli decomposition
[2025-01-11 18:22:37] Pauli - CX: 93, U3: 168, Depth: 173
[2025-01-11 18:22:37] Successfully processed graph 125 - Category: lose
[2025-01-11 18:22:37] 
Processing graph 126/200
[2025-01-11 18:22:37] Graph 126 has 16 nodes and 94 edges
[2025-01-11 18:22:37] Converted to 94 bitstring edges
[2025-01-11 18:22:37] Computing Matchings Dynamic walk
[2025-01-11 18:22:40] Matchings - CX: 392, U3: 306, Depth: 512
[2025-01-11 18:22:40] Computing Pauli decomposition
[2025-01-11 18:22:41] Pauli - CX: 123, U3: 218, Depth: 230
[2025-01-11 18:22:41] Successfully processed graph 126 - Category: lose
[2025-01-11 18:22:41] 
Processing graph 127/200
[2025-01-11 18:22:41] Graph 127 has 16 nodes and 102 edges
[2025-01-11 18:22:41] Converted to 102 bitstring edges
[2025-01-11 18:22:41] Computing Matchings Dynamic walk
[2025-01-11 18:22:45] Matchings - CX: 421, U3: 316, Depth: 557
[2025-01-11 18:22:45] Computing Pauli decomposition
[2025-01-11 18:22:47] Pauli - CX: 103, U3: 165, Depth: 186
[2025-01-11 18:22:47] Successfully processed graph 127 - Category: lose
[2025-01-11 18:22:47] 
Processing graph 128/200
[2025-01-11 18:22:47] Graph 128 has 16 nodes and 96 edges
[2025-01-11 18:22:47] Converted to 96 bitstring edges
[2025-01-11 18:22:47] Computing Matchings Dynamic walk
[2025-01-11 18:22:53] Matchings - CX: 453, U3: 349, Depth: 611
[2025-01-11 18:22:53] Computing Pauli decomposition
[2025-01-11 18:22:56] Pauli - CX: 119, U3: 212, Depth: 222
[2025-01-11 18:22:56] Successfully processed graph 128 - Category: lose
[2025-01-11 18:22:56] 
Processing graph 129/200
[2025-01-11 18:22:56] Graph 129 has 16 nodes and 87 edges
[2025-01-11 18:22:56] Converted to 87 bitstring edges
[2025-01-11 18:22:56] Computing Matchings Dynamic walk
[2025-01-11 18:23:01] Matchings - CX: 316, U3: 228, Depth: 405
[2025-01-11 18:23:01] Computing Pauli decomposition
[2025-01-11 18:23:04] Pauli - CX: 138, U3: 235, Depth: 255
[2025-01-11 18:23:04] Successfully processed graph 129 - Category: lose
[2025-01-11 18:23:04] 
Processing graph 130/200
[2025-01-11 18:23:04] Graph 130 has 16 nodes and 82 edges
[2025-01-11 18:23:04] Converted to 82 bitstring edges
[2025-01-11 18:23:04] Computing Matchings Dynamic walk
[2025-01-11 18:23:07] Matchings - CX: 402, U3: 306, Depth: 539
[2025-01-11 18:23:07] Computing Pauli decomposition
[2025-01-11 18:23:08] Pauli - CX: 129, U3: 209, Depth: 235
[2025-01-11 18:23:08] Successfully processed graph 130 - Category: lose
[2025-01-11 18:23:08] 
Processing graph 131/200
[2025-01-11 18:23:08] Graph 131 has 16 nodes and 88 edges
[2025-01-11 18:23:08] Converted to 88 bitstring edges
[2025-01-11 18:23:08] Computing Matchings Dynamic walk
[2025-01-11 18:23:11] Matchings - CX: 439, U3: 320, Depth: 582
[2025-01-11 18:23:11] Computing Pauli decomposition
[2025-01-11 18:23:13] Pauli - CX: 144, U3: 246, Depth: 267
[2025-01-11 18:23:13] Successfully processed graph 131 - Category: lose
[2025-01-11 18:23:13] 
Processing graph 132/200
[2025-01-11 18:23:13] Graph 132 has 16 nodes and 87 edges
[2025-01-11 18:23:13] Converted to 87 bitstring edges
[2025-01-11 18:23:13] Computing Matchings Dynamic walk
[2025-01-11 18:23:16] Matchings - CX: 414, U3: 332, Depth: 557
[2025-01-11 18:23:16] Computing Pauli decomposition
[2025-01-11 18:23:18] Pauli - CX: 137, U3: 220, Depth: 247
[2025-01-11 18:23:18] Successfully processed graph 132 - Category: lose
[2025-01-11 18:23:18] 
Processing graph 133/200
[2025-01-11 18:23:18] Graph 133 has 16 nodes and 105 edges
[2025-01-11 18:23:18] Converted to 105 bitstring edges
[2025-01-11 18:23:18] Computing Matchings Dynamic walk
[2025-01-11 18:23:21] Matchings - CX: 505, U3: 365, Depth: 662
[2025-01-11 18:23:21] Computing Pauli decomposition
[2025-01-11 18:23:22] Pauli - CX: 102, U3: 133, Depth: 175
[2025-01-11 18:23:22] Successfully processed graph 133 - Category: lose
[2025-01-11 18:23:22] 
Processing graph 134/200
[2025-01-11 18:23:22] Graph 134 has 16 nodes and 100 edges
[2025-01-11 18:23:22] Converted to 100 bitstring edges
[2025-01-11 18:23:22] Computing Matchings Dynamic walk
[2025-01-11 18:23:25] Matchings - CX: 445, U3: 339, Depth: 598
[2025-01-11 18:23:25] Computing Pauli decomposition
[2025-01-11 18:23:27] Pauli - CX: 118, U3: 200, Depth: 216
[2025-01-11 18:23:27] Successfully processed graph 134 - Category: lose
[2025-01-11 18:23:27] 
Processing graph 135/200
[2025-01-11 18:23:27] Graph 135 has 16 nodes and 94 edges
[2025-01-11 18:23:27] Converted to 94 bitstring edges
[2025-01-11 18:23:27] Computing Matchings Dynamic walk
[2025-01-11 18:23:30] Matchings - CX: 443, U3: 312, Depth: 571
[2025-01-11 18:23:30] Computing Pauli decomposition
[2025-01-11 18:23:31] Pauli - CX: 130, U3: 200, Depth: 232
[2025-01-11 18:23:31] Successfully processed graph 135 - Category: lose
[2025-01-11 18:23:31] 
Processing graph 136/200
[2025-01-11 18:23:31] Graph 136 has 16 nodes and 89 edges
[2025-01-11 18:23:31] Converted to 89 bitstring edges
[2025-01-11 18:23:31] Computing Matchings Dynamic walk
[2025-01-11 18:23:34] Matchings - CX: 386, U3: 294, Depth: 518
[2025-01-11 18:23:34] Computing Pauli decomposition
[2025-01-11 18:23:35] Pauli - CX: 110, U3: 187, Depth: 200
[2025-01-11 18:23:35] Successfully processed graph 136 - Category: lose
[2025-01-11 18:23:35] 
Processing graph 137/200
[2025-01-11 18:23:35] Graph 137 has 16 nodes and 98 edges
[2025-01-11 18:23:35] Converted to 98 bitstring edges
[2025-01-11 18:23:35] Computing Matchings Dynamic walk
[2025-01-11 18:23:38] Matchings - CX: 526, U3: 403, Depth: 698
[2025-01-11 18:23:38] Computing Pauli decomposition
[2025-01-11 18:23:40] Pauli - CX: 130, U3: 213, Depth: 240
[2025-01-11 18:23:40] Successfully processed graph 137 - Category: lose
[2025-01-11 18:23:40] 
Processing graph 138/200
[2025-01-11 18:23:40] Graph 138 has 16 nodes and 101 edges
[2025-01-11 18:23:40] Converted to 101 bitstring edges
[2025-01-11 18:23:40] Computing Matchings Dynamic walk
[2025-01-11 18:23:43] Matchings - CX: 470, U3: 332, Depth: 621
[2025-01-11 18:23:43] Computing Pauli decomposition
[2025-01-11 18:23:44] Pauli - CX: 109, U3: 183, Depth: 203
[2025-01-11 18:23:44] Successfully processed graph 138 - Category: lose
[2025-01-11 18:23:44] 
Processing graph 139/200
[2025-01-11 18:23:44] Graph 139 has 16 nodes and 106 edges
[2025-01-11 18:23:44] Converted to 106 bitstring edges
[2025-01-11 18:23:44] Computing Matchings Dynamic walk
[2025-01-11 18:23:47] Matchings - CX: 441, U3: 314, Depth: 575
[2025-01-11 18:23:47] Computing Pauli decomposition
[2025-01-11 18:23:49] Pauli - CX: 102, U3: 173, Depth: 186
[2025-01-11 18:23:49] Successfully processed graph 139 - Category: lose
[2025-01-11 18:23:49] 
Processing graph 140/200
[2025-01-11 18:23:49] Graph 140 has 16 nodes and 100 edges
[2025-01-11 18:23:49] Converted to 100 bitstring edges
[2025-01-11 18:23:49] Computing Matchings Dynamic walk
[2025-01-11 18:23:52] Matchings - CX: 393, U3: 293, Depth: 521
[2025-01-11 18:23:52] Computing Pauli decomposition
[2025-01-11 18:23:53] Pauli - CX: 130, U3: 195, Depth: 231
[2025-01-11 18:23:53] Successfully processed graph 140 - Category: lose
[2025-01-11 18:23:53] 
Processing graph 141/200
[2025-01-11 18:23:53] Graph 141 has 16 nodes and 90 edges
[2025-01-11 18:23:53] Converted to 90 bitstring edges
[2025-01-11 18:23:53] Computing Matchings Dynamic walk
[2025-01-11 18:23:56] Matchings - CX: 397, U3: 303, Depth: 526
[2025-01-11 18:23:56] Computing Pauli decomposition
[2025-01-11 18:23:58] Pauli - CX: 136, U3: 219, Depth: 246
[2025-01-11 18:23:58] Successfully processed graph 141 - Category: lose
[2025-01-11 18:23:58] 
Processing graph 142/200
[2025-01-11 18:23:58] Graph 142 has 16 nodes and 101 edges
[2025-01-11 18:23:58] Converted to 101 bitstring edges
[2025-01-11 18:23:58] Computing Matchings Dynamic walk
[2025-01-11 18:24:01] Matchings - CX: 443, U3: 339, Depth: 583
[2025-01-11 18:24:01] Computing Pauli decomposition
[2025-01-11 18:24:03] Pauli - CX: 144, U3: 229, Depth: 260
[2025-01-11 18:24:03] Successfully processed graph 142 - Category: lose
[2025-01-11 18:24:03] 
Processing graph 143/200
[2025-01-11 18:24:03] Graph 143 has 16 nodes and 94 edges
[2025-01-11 18:24:03] Converted to 94 bitstring edges
[2025-01-11 18:24:03] Computing Matchings Dynamic walk
[2025-01-11 18:24:05] Matchings - CX: 287, U3: 205, Depth: 377
[2025-01-11 18:24:05] Computing Pauli decomposition
[2025-01-11 18:24:06] Pauli - CX: 121, U3: 190, Depth: 216
[2025-01-11 18:24:06] Successfully processed graph 143 - Category: lose
[2025-01-11 18:24:06] 
Processing graph 144/200
[2025-01-11 18:24:06] Graph 144 has 16 nodes and 96 edges
[2025-01-11 18:24:06] Converted to 96 bitstring edges
[2025-01-11 18:24:06] Computing Matchings Dynamic walk
[2025-01-11 18:24:09] Matchings - CX: 416, U3: 320, Depth: 572
[2025-01-11 18:24:09] Computing Pauli decomposition
[2025-01-11 18:24:11] Pauli - CX: 130, U3: 205, Depth: 233
[2025-01-11 18:24:11] Successfully processed graph 144 - Category: lose
[2025-01-11 18:24:11] 
Processing graph 145/200
[2025-01-11 18:24:11] Graph 145 has 16 nodes and 92 edges
[2025-01-11 18:24:11] Converted to 92 bitstring edges
[2025-01-11 18:24:11] Computing Matchings Dynamic walk
[2025-01-11 18:24:14] Matchings - CX: 304, U3: 248, Depth: 418
[2025-01-11 18:24:14] Computing Pauli decomposition
[2025-01-11 18:24:15] Pauli - CX: 108, U3: 190, Depth: 202
[2025-01-11 18:24:15] Successfully processed graph 145 - Category: lose
[2025-01-11 18:24:15] 
Processing graph 146/200
[2025-01-11 18:24:15] Graph 146 has 16 nodes and 104 edges
[2025-01-11 18:24:15] Converted to 104 bitstring edges
[2025-01-11 18:24:15] Computing Matchings Dynamic walk
[2025-01-11 18:24:18] Matchings - CX: 427, U3: 310, Depth: 561
[2025-01-11 18:24:18] Computing Pauli decomposition
[2025-01-11 18:24:19] Pauli - CX: 124, U3: 190, Depth: 223
[2025-01-11 18:24:19] Successfully processed graph 146 - Category: lose
[2025-01-11 18:24:19] 
Processing graph 147/200
[2025-01-11 18:24:19] Graph 147 has 16 nodes and 100 edges
[2025-01-11 18:24:19] Converted to 100 bitstring edges
[2025-01-11 18:24:19] Computing Matchings Dynamic walk
[2025-01-11 18:24:22] Matchings - CX: 477, U3: 359, Depth: 632
[2025-01-11 18:24:22] Computing Pauli decomposition
[2025-01-11 18:24:24] Pauli - CX: 137, U3: 234, Depth: 255
[2025-01-11 18:24:24] Successfully processed graph 147 - Category: lose
[2025-01-11 18:24:24] 
Processing graph 148/200
[2025-01-11 18:24:24] Graph 148 has 16 nodes and 92 edges
[2025-01-11 18:24:24] Converted to 92 bitstring edges
[2025-01-11 18:24:24] Computing Matchings Dynamic walk
[2025-01-11 18:24:27] Matchings - CX: 428, U3: 327, Depth: 574
[2025-01-11 18:24:27] Computing Pauli decomposition
[2025-01-11 18:24:29] Pauli - CX: 146, U3: 249, Depth: 270
[2025-01-11 18:24:29] Successfully processed graph 148 - Category: lose
[2025-01-11 18:24:29] 
Processing graph 149/200
[2025-01-11 18:24:29] Graph 149 has 16 nodes and 102 edges
[2025-01-11 18:24:29] Converted to 102 bitstring edges
[2025-01-11 18:24:29] Computing Matchings Dynamic walk
[2025-01-11 18:24:32] Matchings - CX: 516, U3: 402, Depth: 693
[2025-01-11 18:24:32] Computing Pauli decomposition
[2025-01-11 18:24:34] Pauli - CX: 130, U3: 212, Depth: 240
[2025-01-11 18:24:34] Successfully processed graph 149 - Category: lose
[2025-01-11 18:24:34] 
Processing graph 150/200
[2025-01-11 18:24:34] Graph 150 has 16 nodes and 95 edges
[2025-01-11 18:24:34] Converted to 95 bitstring edges
[2025-01-11 18:24:34] Computing Matchings Dynamic walk
[2025-01-11 18:24:37] Matchings - CX: 338, U3: 273, Depth: 451
[2025-01-11 18:24:37] Computing Pauli decomposition
[2025-01-11 18:24:38] Pauli - CX: 133, U3: 221, Depth: 243
[2025-01-11 18:24:38] Successfully processed graph 150 - Category: lose
[2025-01-11 18:24:38] 
Processing graph 151/200
[2025-01-11 18:24:38] Graph 151 has 16 nodes and 97 edges
[2025-01-11 18:24:38] Converted to 97 bitstring edges
[2025-01-11 18:24:38] Computing Matchings Dynamic walk
[2025-01-11 18:24:41] Matchings - CX: 402, U3: 339, Depth: 548
[2025-01-11 18:24:41] Computing Pauli decomposition
[2025-01-11 18:24:43] Pauli - CX: 127, U3: 223, Depth: 238
[2025-01-11 18:24:43] Successfully processed graph 151 - Category: lose
[2025-01-11 18:24:43] 
Processing graph 152/200
[2025-01-11 18:24:43] Graph 152 has 16 nodes and 102 edges
[2025-01-11 18:24:43] Converted to 102 bitstring edges
[2025-01-11 18:24:43] Computing Matchings Dynamic walk
[2025-01-11 18:24:46] Matchings - CX: 435, U3: 315, Depth: 580
[2025-01-11 18:24:46] Computing Pauli decomposition
[2025-01-11 18:24:48] Pauli - CX: 115, U3: 187, Depth: 210
[2025-01-11 18:24:48] Successfully processed graph 152 - Category: lose
[2025-01-11 18:24:48] 
Processing graph 153/200
[2025-01-11 18:24:48] Graph 153 has 16 nodes and 97 edges
[2025-01-11 18:24:48] Converted to 97 bitstring edges
[2025-01-11 18:24:48] Computing Matchings Dynamic walk
[2025-01-11 18:24:51] Matchings - CX: 426, U3: 323, Depth: 568
[2025-01-11 18:24:51] Computing Pauli decomposition
[2025-01-11 18:24:53] Pauli - CX: 140, U3: 216, Depth: 255
[2025-01-11 18:24:53] Successfully processed graph 153 - Category: lose
[2025-01-11 18:24:53] 
Processing graph 154/200
[2025-01-11 18:24:53] Graph 154 has 16 nodes and 91 edges
[2025-01-11 18:24:53] Converted to 91 bitstring edges
[2025-01-11 18:24:53] Computing Matchings Dynamic walk
[2025-01-11 18:24:56] Matchings - CX: 430, U3: 327, Depth: 565
[2025-01-11 18:24:56] Computing Pauli decomposition
[2025-01-11 18:24:58] Pauli - CX: 131, U3: 205, Depth: 236
[2025-01-11 18:24:58] Successfully processed graph 154 - Category: lose
[2025-01-11 18:24:58] 
Processing graph 155/200
[2025-01-11 18:24:58] Graph 155 has 16 nodes and 88 edges
[2025-01-11 18:24:58] Converted to 88 bitstring edges
[2025-01-11 18:24:58] Computing Matchings Dynamic walk
[2025-01-11 18:25:01] Matchings - CX: 403, U3: 305, Depth: 546
[2025-01-11 18:25:01] Computing Pauli decomposition
[2025-01-11 18:25:02] Pauli - CX: 121, U3: 197, Depth: 221
[2025-01-11 18:25:02] Successfully processed graph 155 - Category: lose
[2025-01-11 18:25:02] 
Processing graph 156/200
[2025-01-11 18:25:02] Graph 156 has 16 nodes and 98 edges
[2025-01-11 18:25:02] Converted to 98 bitstring edges
[2025-01-11 18:25:02] Computing Matchings Dynamic walk
[2025-01-11 18:25:05] Matchings - CX: 409, U3: 308, Depth: 539
[2025-01-11 18:25:05] Computing Pauli decomposition
[2025-01-11 18:25:06] Pauli - CX: 114, U3: 185, Depth: 207
[2025-01-11 18:25:06] Successfully processed graph 156 - Category: lose
[2025-01-11 18:25:06] 
Processing graph 157/200
[2025-01-11 18:25:06] Graph 157 has 16 nodes and 85 edges
[2025-01-11 18:25:06] Converted to 85 bitstring edges
[2025-01-11 18:25:06] Computing Matchings Dynamic walk
[2025-01-11 18:25:08] Matchings - CX: 432, U3: 332, Depth: 578
[2025-01-11 18:25:08] Computing Pauli decomposition
[2025-01-11 18:25:09] Pauli - CX: 126, U3: 217, Depth: 231
[2025-01-11 18:25:09] Successfully processed graph 157 - Category: lose
[2025-01-11 18:25:09] 
Processing graph 158/200
[2025-01-11 18:25:09] Graph 158 has 16 nodes and 84 edges
[2025-01-11 18:25:09] Converted to 84 bitstring edges
[2025-01-11 18:25:09] Computing Matchings Dynamic walk
[2025-01-11 18:25:11] Matchings - CX: 464, U3: 338, Depth: 609
[2025-01-11 18:25:11] Computing Pauli decomposition
[2025-01-11 18:25:12] Pauli - CX: 140, U3: 235, Depth: 256
[2025-01-11 18:25:12] Successfully processed graph 158 - Category: lose
[2025-01-11 18:25:12] 
Processing graph 159/200
[2025-01-11 18:25:12] Graph 159 has 16 nodes and 86 edges
[2025-01-11 18:25:12] Converted to 86 bitstring edges
[2025-01-11 18:25:12] Computing Matchings Dynamic walk
[2025-01-11 18:25:14] Matchings - CX: 351, U3: 279, Depth: 465
[2025-01-11 18:25:14] Computing Pauli decomposition
[2025-01-11 18:25:15] Pauli - CX: 123, U3: 201, Depth: 224
[2025-01-11 18:25:15] Successfully processed graph 159 - Category: lose
[2025-01-11 18:25:15] 
Processing graph 160/200
[2025-01-11 18:25:15] Graph 160 has 16 nodes and 104 edges
[2025-01-11 18:25:15] Converted to 104 bitstring edges
[2025-01-11 18:25:15] Computing Matchings Dynamic walk
[2025-01-11 18:25:18] Matchings - CX: 433, U3: 334, Depth: 571
[2025-01-11 18:25:18] Computing Pauli decomposition
[2025-01-11 18:25:19] Pauli - CX: 115, U3: 195, Depth: 213
[2025-01-11 18:25:19] Successfully processed graph 160 - Category: lose
[2025-01-11 18:25:19] 
Processing graph 161/200
[2025-01-11 18:25:19] Graph 161 has 16 nodes and 90 edges
[2025-01-11 18:25:19] Converted to 90 bitstring edges
[2025-01-11 18:25:19] Computing Matchings Dynamic walk
[2025-01-11 18:25:21] Matchings - CX: 383, U3: 269, Depth: 505
[2025-01-11 18:25:21] Computing Pauli decomposition
[2025-01-11 18:25:22] Pauli - CX: 116, U3: 189, Depth: 210
[2025-01-11 18:25:22] Successfully processed graph 161 - Category: lose
[2025-01-11 18:25:22] 
Processing graph 162/200
[2025-01-11 18:25:22] Graph 162 has 16 nodes and 106 edges
[2025-01-11 18:25:22] Converted to 106 bitstring edges
[2025-01-11 18:25:22] Computing Matchings Dynamic walk
[2025-01-11 18:25:25] Matchings - CX: 501, U3: 389, Depth: 665
[2025-01-11 18:25:25] Computing Pauli decomposition
[2025-01-11 18:25:26] Pauli - CX: 120, U3: 193, Depth: 219
[2025-01-11 18:25:26] Successfully processed graph 162 - Category: lose
[2025-01-11 18:25:26] 
Processing graph 163/200
[2025-01-11 18:25:26] Graph 163 has 16 nodes and 87 edges
[2025-01-11 18:25:26] Converted to 87 bitstring edges
[2025-01-11 18:25:26] Computing Matchings Dynamic walk
[2025-01-11 18:25:28] Matchings - CX: 337, U3: 261, Depth: 452
[2025-01-11 18:25:28] Computing Pauli decomposition
[2025-01-11 18:25:30] Pauli - CX: 141, U3: 233, Depth: 258
[2025-01-11 18:25:30] Successfully processed graph 163 - Category: lose
[2025-01-11 18:25:30] 
Processing graph 164/200
[2025-01-11 18:25:30] Graph 164 has 16 nodes and 88 edges
[2025-01-11 18:25:30] Converted to 88 bitstring edges
[2025-01-11 18:25:30] Computing Matchings Dynamic walk
[2025-01-11 18:25:32] Matchings - CX: 448, U3: 329, Depth: 593
[2025-01-11 18:25:32] Computing Pauli decomposition
[2025-01-11 18:25:34] Pauli - CX: 131, U3: 218, Depth: 243
[2025-01-11 18:25:34] Successfully processed graph 164 - Category: lose
[2025-01-11 18:25:34] 
Processing graph 165/200
[2025-01-11 18:25:34] Graph 165 has 16 nodes and 105 edges
[2025-01-11 18:25:34] Converted to 105 bitstring edges
[2025-01-11 18:25:34] Computing Matchings Dynamic walk
[2025-01-11 18:25:37] Matchings - CX: 447, U3: 313, Depth: 574
[2025-01-11 18:25:37] Computing Pauli decomposition
[2025-01-11 18:25:38] Pauli - CX: 107, U3: 181, Depth: 195
[2025-01-11 18:25:38] Successfully processed graph 165 - Category: lose
[2025-01-11 18:25:38] 
Processing graph 166/200
[2025-01-11 18:25:38] Graph 166 has 16 nodes and 95 edges
[2025-01-11 18:25:38] Converted to 95 bitstring edges
[2025-01-11 18:25:38] Computing Matchings Dynamic walk
[2025-01-11 18:25:41] Matchings - CX: 415, U3: 324, Depth: 560
[2025-01-11 18:25:41] Computing Pauli decomposition
[2025-01-11 18:25:42] Pauli - CX: 114, U3: 195, Depth: 212
[2025-01-11 18:25:42] Successfully processed graph 166 - Category: lose
[2025-01-11 18:25:42] 
Processing graph 167/200
[2025-01-11 18:25:42] Graph 167 has 16 nodes and 106 edges
[2025-01-11 18:25:42] Converted to 106 bitstring edges
[2025-01-11 18:25:42] Computing Matchings Dynamic walk
[2025-01-11 18:25:45] Matchings - CX: 512, U3: 405, Depth: 684
[2025-01-11 18:25:45] Computing Pauli decomposition
[2025-01-11 18:25:47] Pauli - CX: 117, U3: 193, Depth: 214
[2025-01-11 18:25:47] Successfully processed graph 167 - Category: lose
[2025-01-11 18:25:47] 
Processing graph 168/200
[2025-01-11 18:25:47] Graph 168 has 16 nodes and 94 edges
[2025-01-11 18:25:47] Converted to 94 bitstring edges
[2025-01-11 18:25:47] Computing Matchings Dynamic walk
[2025-01-11 18:25:49] Matchings - CX: 339, U3: 265, Depth: 456
[2025-01-11 18:25:49] Computing Pauli decomposition
[2025-01-11 18:25:50] Pauli - CX: 132, U3: 205, Depth: 238
[2025-01-11 18:25:50] Successfully processed graph 168 - Category: lose
[2025-01-11 18:25:50] 
Processing graph 169/200
[2025-01-11 18:25:50] Graph 169 has 16 nodes and 90 edges
[2025-01-11 18:25:50] Converted to 90 bitstring edges
[2025-01-11 18:25:50] Computing Matchings Dynamic walk
[2025-01-11 18:25:53] Matchings - CX: 344, U3: 264, Depth: 458
[2025-01-11 18:25:53] Computing Pauli decomposition
[2025-01-11 18:25:54] Pauli - CX: 133, U3: 217, Depth: 243
[2025-01-11 18:25:54] Successfully processed graph 169 - Category: lose
[2025-01-11 18:25:54] 
Processing graph 170/200
[2025-01-11 18:25:54] Graph 170 has 16 nodes and 105 edges
[2025-01-11 18:25:54] Converted to 105 bitstring edges
[2025-01-11 18:25:54] Computing Matchings Dynamic walk
[2025-01-11 18:25:57] Matchings - CX: 450, U3: 323, Depth: 592
[2025-01-11 18:25:57] Computing Pauli decomposition
[2025-01-11 18:25:58] Pauli - CX: 123, U3: 198, Depth: 226
[2025-01-11 18:25:58] Successfully processed graph 170 - Category: lose
[2025-01-11 18:25:58] 
Processing graph 171/200
[2025-01-11 18:25:58] Graph 171 has 16 nodes and 102 edges
[2025-01-11 18:25:58] Converted to 102 bitstring edges
[2025-01-11 18:25:58] Computing Matchings Dynamic walk
[2025-01-11 18:26:01] Matchings - CX: 511, U3: 402, Depth: 682
[2025-01-11 18:26:01] Computing Pauli decomposition
[2025-01-11 18:26:03] Pauli - CX: 100, U3: 169, Depth: 183
[2025-01-11 18:26:03] Successfully processed graph 171 - Category: lose
[2025-01-11 18:26:03] 
Processing graph 172/200
[2025-01-11 18:26:03] Graph 172 has 16 nodes and 105 edges
[2025-01-11 18:26:03] Converted to 105 bitstring edges
[2025-01-11 18:26:03] Computing Matchings Dynamic walk
[2025-01-11 18:26:06] Matchings - CX: 514, U3: 374, Depth: 677
[2025-01-11 18:26:06] Computing Pauli decomposition
[2025-01-11 18:26:07] Pauli - CX: 142, U3: 239, Depth: 262
[2025-01-11 18:26:07] Successfully processed graph 172 - Category: lose
[2025-01-11 18:26:07] 
Processing graph 173/200
[2025-01-11 18:26:07] Graph 173 has 16 nodes and 104 edges
[2025-01-11 18:26:07] Converted to 104 bitstring edges
[2025-01-11 18:26:07] Computing Matchings Dynamic walk
[2025-01-11 18:26:10] Matchings - CX: 383, U3: 316, Depth: 513
[2025-01-11 18:26:10] Computing Pauli decomposition
[2025-01-11 18:26:11] Pauli - CX: 110, U3: 172, Depth: 199
[2025-01-11 18:26:11] Successfully processed graph 173 - Category: lose
[2025-01-11 18:26:11] 
Processing graph 174/200
[2025-01-11 18:26:11] Graph 174 has 16 nodes and 87 edges
[2025-01-11 18:26:11] Converted to 87 bitstring edges
[2025-01-11 18:26:11] Computing Matchings Dynamic walk
[2025-01-11 18:26:13] Matchings - CX: 342, U3: 253, Depth: 448
[2025-01-11 18:26:13] Computing Pauli decomposition
[2025-01-11 18:26:15] Pauli - CX: 121, U3: 209, Depth: 225
[2025-01-11 18:26:15] Successfully processed graph 174 - Category: lose
[2025-01-11 18:26:15] 
Processing graph 175/200
[2025-01-11 18:26:15] Graph 175 has 16 nodes and 105 edges
[2025-01-11 18:26:15] Converted to 105 bitstring edges
[2025-01-11 18:26:15] Computing Matchings Dynamic walk
[2025-01-11 18:26:17] Matchings - CX: 489, U3: 357, Depth: 640
[2025-01-11 18:26:17] Computing Pauli decomposition
[2025-01-11 18:26:18] Pauli - CX: 104, U3: 160, Depth: 184
[2025-01-11 18:26:18] Successfully processed graph 175 - Category: lose
[2025-01-11 18:26:18] 
Processing graph 176/200
[2025-01-11 18:26:18] Graph 176 has 16 nodes and 110 edges
[2025-01-11 18:26:18] Converted to 110 bitstring edges
[2025-01-11 18:26:18] Computing Matchings Dynamic walk
[2025-01-11 18:26:21] Matchings - CX: 432, U3: 325, Depth: 576
[2025-01-11 18:26:21] Computing Pauli decomposition
[2025-01-11 18:26:22] Pauli - CX: 105, U3: 179, Depth: 197
[2025-01-11 18:26:22] Successfully processed graph 176 - Category: lose
[2025-01-11 18:26:22] 
Processing graph 177/200
[2025-01-11 18:26:22] Graph 177 has 16 nodes and 105 edges
[2025-01-11 18:26:22] Converted to 105 bitstring edges
[2025-01-11 18:26:22] Computing Matchings Dynamic walk
[2025-01-11 18:26:25] Matchings - CX: 524, U3: 402, Depth: 684
[2025-01-11 18:26:25] Computing Pauli decomposition
[2025-01-11 18:26:27] Pauli - CX: 105, U3: 166, Depth: 189
[2025-01-11 18:26:27] Successfully processed graph 177 - Category: lose
[2025-01-11 18:26:27] 
Processing graph 178/200
[2025-01-11 18:26:27] Graph 178 has 16 nodes and 104 edges
[2025-01-11 18:26:27] Converted to 104 bitstring edges
[2025-01-11 18:26:27] Computing Matchings Dynamic walk
[2025-01-11 18:26:30] Matchings - CX: 518, U3: 391, Depth: 683
[2025-01-11 18:26:30] Computing Pauli decomposition
[2025-01-11 18:26:31] Pauli - CX: 121, U3: 202, Depth: 221
[2025-01-11 18:26:31] Successfully processed graph 178 - Category: lose
[2025-01-11 18:26:31] 
Processing graph 179/200
[2025-01-11 18:26:31] Graph 179 has 16 nodes and 77 edges
[2025-01-11 18:26:31] Converted to 77 bitstring edges
[2025-01-11 18:26:31] Computing Matchings Dynamic walk
[2025-01-11 18:26:33] Matchings - CX: 289, U3: 196, Depth: 375
[2025-01-11 18:26:33] Computing Pauli decomposition
[2025-01-11 18:26:35] Pauli - CX: 142, U3: 237, Depth: 260
[2025-01-11 18:26:35] Successfully processed graph 179 - Category: lose
[2025-01-11 18:26:35] 
Processing graph 180/200
[2025-01-11 18:26:35] Graph 180 has 16 nodes and 99 edges
[2025-01-11 18:26:35] Converted to 99 bitstring edges
[2025-01-11 18:26:35] Computing Matchings Dynamic walk
[2025-01-11 18:26:38] Matchings - CX: 530, U3: 395, Depth: 699
[2025-01-11 18:26:38] Computing Pauli decomposition
[2025-01-11 18:26:39] Pauli - CX: 137, U3: 219, Depth: 247
[2025-01-11 18:26:39] Successfully processed graph 180 - Category: lose
[2025-01-11 18:26:39] 
Processing graph 181/200
[2025-01-11 18:26:39] Graph 181 has 16 nodes and 93 edges
[2025-01-11 18:26:39] Converted to 93 bitstring edges
[2025-01-11 18:26:39] Computing Matchings Dynamic walk
[2025-01-11 18:26:42] Matchings - CX: 366, U3: 297, Depth: 501
[2025-01-11 18:26:42] Computing Pauli decomposition
[2025-01-11 18:26:44] Pauli - CX: 110, U3: 186, Depth: 204
[2025-01-11 18:26:44] Successfully processed graph 181 - Category: lose
[2025-01-11 18:26:44] 
Processing graph 182/200
[2025-01-11 18:26:44] Graph 182 has 16 nodes and 97 edges
[2025-01-11 18:26:44] Converted to 97 bitstring edges
[2025-01-11 18:26:44] Computing Matchings Dynamic walk
[2025-01-11 18:26:48] Matchings - CX: 443, U3: 310, Depth: 575
[2025-01-11 18:26:48] Computing Pauli decomposition
[2025-01-11 18:26:49] Pauli - CX: 94, U3: 153, Depth: 171
[2025-01-11 18:26:49] Successfully processed graph 182 - Category: lose
[2025-01-11 18:26:49] 
Processing graph 183/200
[2025-01-11 18:26:49] Graph 183 has 16 nodes and 96 edges
[2025-01-11 18:26:49] Converted to 96 bitstring edges
[2025-01-11 18:26:49] Computing Matchings Dynamic walk
[2025-01-11 18:26:52] Matchings - CX: 405, U3: 318, Depth: 546
[2025-01-11 18:26:52] Computing Pauli decomposition
[2025-01-11 18:26:53] Pauli - CX: 126, U3: 198, Depth: 228
[2025-01-11 18:26:53] Successfully processed graph 183 - Category: lose
[2025-01-11 18:26:53] 
Processing graph 184/200
[2025-01-11 18:26:53] Graph 184 has 16 nodes and 84 edges
[2025-01-11 18:26:53] Converted to 84 bitstring edges
[2025-01-11 18:26:53] Computing Matchings Dynamic walk
[2025-01-11 18:26:56] Matchings - CX: 326, U3: 253, Depth: 438
[2025-01-11 18:26:56] Computing Pauli decomposition
[2025-01-11 18:26:57] Pauli - CX: 134, U3: 229, Depth: 247
[2025-01-11 18:26:57] Successfully processed graph 184 - Category: lose
[2025-01-11 18:26:57] 
Processing graph 185/200
[2025-01-11 18:26:57] Graph 185 has 16 nodes and 84 edges
[2025-01-11 18:26:57] Converted to 84 bitstring edges
[2025-01-11 18:26:57] Computing Matchings Dynamic walk
[2025-01-11 18:27:01] Matchings - CX: 454, U3: 339, Depth: 605
[2025-01-11 18:27:01] Computing Pauli decomposition
[2025-01-11 18:27:02] Pauli - CX: 144, U3: 247, Depth: 268
[2025-01-11 18:27:02] Successfully processed graph 185 - Category: lose
[2025-01-11 18:27:02] 
Processing graph 186/200
[2025-01-11 18:27:02] Graph 186 has 16 nodes and 95 edges
[2025-01-11 18:27:02] Converted to 95 bitstring edges
[2025-01-11 18:27:02] Computing Matchings Dynamic walk
[2025-01-11 18:27:05] Matchings - CX: 360, U3: 293, Depth: 487
[2025-01-11 18:27:05] Computing Pauli decomposition
[2025-01-11 18:27:07] Pauli - CX: 128, U3: 199, Depth: 231
[2025-01-11 18:27:07] Successfully processed graph 186 - Category: lose
[2025-01-11 18:27:07] 
Processing graph 187/200
[2025-01-11 18:27:07] Graph 187 has 16 nodes and 100 edges
[2025-01-11 18:27:07] Converted to 100 bitstring edges
[2025-01-11 18:27:07] Computing Matchings Dynamic walk
[2025-01-11 18:27:09] Matchings - CX: 397, U3: 291, Depth: 514
[2025-01-11 18:27:09] Computing Pauli decomposition
[2025-01-11 18:27:11] Pauli - CX: 131, U3: 221, Depth: 243
[2025-01-11 18:27:11] Successfully processed graph 187 - Category: lose
[2025-01-11 18:27:11] 
Processing graph 188/200
[2025-01-11 18:27:11] Graph 188 has 16 nodes and 101 edges
[2025-01-11 18:27:11] Converted to 101 bitstring edges
[2025-01-11 18:27:11] Computing Matchings Dynamic walk
[2025-01-11 18:27:14] Matchings - CX: 329, U3: 255, Depth: 448
[2025-01-11 18:27:14] Computing Pauli decomposition
[2025-01-11 18:27:15] Pauli - CX: 113, U3: 172, Depth: 202
[2025-01-11 18:27:15] Successfully processed graph 188 - Category: lose
[2025-01-11 18:27:15] 
Processing graph 189/200
[2025-01-11 18:27:15] Graph 189 has 16 nodes and 82 edges
[2025-01-11 18:27:15] Converted to 82 bitstring edges
[2025-01-11 18:27:15] Computing Matchings Dynamic walk
[2025-01-11 18:27:18] Matchings - CX: 308, U3: 225, Depth: 406
[2025-01-11 18:27:18] Computing Pauli decomposition
[2025-01-11 18:27:19] Pauli - CX: 95, U3: 171, Depth: 178
[2025-01-11 18:27:19] Successfully processed graph 189 - Category: lose
[2025-01-11 18:27:19] 
Processing graph 190/200
[2025-01-11 18:27:19] Graph 190 has 16 nodes and 98 edges
[2025-01-11 18:27:19] Converted to 98 bitstring edges
[2025-01-11 18:27:19] Computing Matchings Dynamic walk
[2025-01-11 18:27:22] Matchings - CX: 437, U3: 328, Depth: 583
[2025-01-11 18:27:22] Computing Pauli decomposition
[2025-01-11 18:27:23] Pauli - CX: 131, U3: 222, Depth: 245
[2025-01-11 18:27:23] Successfully processed graph 190 - Category: lose
[2025-01-11 18:27:23] 
Processing graph 191/200
[2025-01-11 18:27:23] Graph 191 has 16 nodes and 82 edges
[2025-01-11 18:27:23] Converted to 82 bitstring edges
[2025-01-11 18:27:23] Computing Matchings Dynamic walk
[2025-01-11 18:27:26] Matchings - CX: 483, U3: 358, Depth: 639
[2025-01-11 18:27:26] Computing Pauli decomposition
[2025-01-11 18:27:27] Pauli - CX: 119, U3: 206, Depth: 221
[2025-01-11 18:27:27] Successfully processed graph 191 - Category: lose
[2025-01-11 18:27:27] 
Processing graph 192/200
[2025-01-11 18:27:27] Graph 192 has 16 nodes and 103 edges
[2025-01-11 18:27:27] Converted to 103 bitstring edges
[2025-01-11 18:27:27] Computing Matchings Dynamic walk
[2025-01-11 18:27:31] Matchings - CX: 444, U3: 352, Depth: 607
[2025-01-11 18:27:31] Computing Pauli decomposition
[2025-01-11 18:27:32] Pauli - CX: 131, U3: 214, Depth: 238
[2025-01-11 18:27:32] Successfully processed graph 192 - Category: lose
[2025-01-11 18:27:32] 
Processing graph 193/200
[2025-01-11 18:27:32] Graph 193 has 16 nodes and 93 edges
[2025-01-11 18:27:32] Converted to 93 bitstring edges
[2025-01-11 18:27:32] Computing Matchings Dynamic walk
[2025-01-11 18:27:35] Matchings - CX: 375, U3: 286, Depth: 498
[2025-01-11 18:27:35] Computing Pauli decomposition
[2025-01-11 18:27:36] Pauli - CX: 147, U3: 250, Depth: 271
[2025-01-11 18:27:36] Successfully processed graph 193 - Category: lose
[2025-01-11 18:27:36] 
Processing graph 194/200
[2025-01-11 18:27:36] Graph 194 has 16 nodes and 98 edges
[2025-01-11 18:27:36] Converted to 98 bitstring edges
[2025-01-11 18:27:36] Computing Matchings Dynamic walk
[2025-01-11 18:27:39] Matchings - CX: 406, U3: 319, Depth: 540
[2025-01-11 18:27:39] Computing Pauli decomposition
[2025-01-11 18:27:43] Pauli - CX: 131, U3: 224, Depth: 241
[2025-01-11 18:27:43] Successfully processed graph 194 - Category: lose
[2025-01-11 18:27:43] 
Processing graph 195/200
[2025-01-11 18:27:43] Graph 195 has 16 nodes and 109 edges
[2025-01-11 18:27:43] Converted to 109 bitstring edges
[2025-01-11 18:27:43] Computing Matchings Dynamic walk
[2025-01-11 18:27:52] Matchings - CX: 472, U3: 357, Depth: 632
[2025-01-11 18:27:52] Computing Pauli decomposition
[2025-01-11 18:27:56] Pauli - CX: 121, U3: 167, Depth: 210
[2025-01-11 18:27:56] Successfully processed graph 195 - Category: lose
[2025-01-11 18:27:56] 
Processing graph 196/200
[2025-01-11 18:27:56] Graph 196 has 16 nodes and 90 edges
[2025-01-11 18:27:56] Converted to 90 bitstring edges
[2025-01-11 18:27:56] Computing Matchings Dynamic walk
[2025-01-11 18:28:04] Matchings - CX: 450, U3: 344, Depth: 603
[2025-01-11 18:28:04] Computing Pauli decomposition
[2025-01-11 18:28:09] Pauli - CX: 140, U3: 229, Depth: 256
[2025-01-11 18:28:09] Successfully processed graph 196 - Category: lose
[2025-01-11 18:28:09] 
Processing graph 197/200
[2025-01-11 18:28:09] Graph 197 has 16 nodes and 106 edges
[2025-01-11 18:28:09] Converted to 106 bitstring edges
[2025-01-11 18:28:09] Computing Matchings Dynamic walk
[2025-01-11 18:28:18] Matchings - CX: 459, U3: 357, Depth: 603
[2025-01-11 18:28:18] Computing Pauli decomposition
[2025-01-11 18:28:21] Pauli - CX: 71, U3: 129, Depth: 135
[2025-01-11 18:28:21] Successfully processed graph 197 - Category: lose
[2025-01-11 18:28:21] 
Processing graph 198/200
[2025-01-11 18:28:21] Graph 198 has 16 nodes and 101 edges
[2025-01-11 18:28:21] Converted to 101 bitstring edges
[2025-01-11 18:28:21] Computing Matchings Dynamic walk
[2025-01-11 18:28:29] Matchings - CX: 433, U3: 311, Depth: 567
[2025-01-11 18:28:29] Computing Pauli decomposition
[2025-01-11 18:28:34] Pauli - CX: 129, U3: 211, Depth: 238
[2025-01-11 18:28:34] Successfully processed graph 198 - Category: lose
[2025-01-11 18:28:34] 
Processing graph 199/200
[2025-01-11 18:28:34] Graph 199 has 16 nodes and 105 edges
[2025-01-11 18:28:34] Converted to 105 bitstring edges
[2025-01-11 18:28:34] Computing Matchings Dynamic walk
[2025-01-11 18:28:42] Matchings - CX: 400, U3: 312, Depth: 539
[2025-01-11 18:28:42] Computing Pauli decomposition
[2025-01-11 18:28:45] Pauli - CX: 99, U3: 153, Depth: 179
[2025-01-11 18:28:45] Successfully processed graph 199 - Category: lose
[2025-01-11 18:28:45] 
Final Results Summary:
[2025-01-11 18:28:45] Total graphs in file: 200
[2025-01-11 18:28:45] Successfully processed: 200
[2025-01-11 18:28:45] win: 0 (0.0%)
[2025-01-11 18:28:45] lose: 200 (100.0%)
[2025-01-11 18:28:45] draw: 0 (0.0%)
[2025-01-11 18:28:45] 
Average Gate Counts by Category:
[2025-01-11 18:28:45] lose_matching_cx: 435.11
[2025-01-11 18:28:45] lose_matching_u3: 330.95
[2025-01-11 18:28:45] lose_pauli_cx: 121.22
[2025-01-11 18:28:45] lose_pauli_u3: 199.81
[2025-01-11 18:28:45] lose_matching_depth: 579.28
[2025-01-11 18:28:45] lose_pauli_depth: 221.99
