[2025-01-07 22:38:50] Starting analysis with:
[2025-01-07 22:38:50] Number of qubits: 4
[2025-01-07 22:38:50] Number of vertices: 16
[2025-01-07 22:38:50] Delta t: 0.1
[2025-01-07 22:38:50] Input file: ../data/graphs/200graph_bipartite_16c.g6
[2025-01-07 22:38:50] Parsed graph info: {'num_graphs': 200, 'size': 'bipartite', 'vertices': '16', 'type': 'c'}
[2025-01-07 22:38:50] Found 200 graphs in file
[2025-01-07 22:38:50] 
Processing graph 0/200
[2025-01-07 22:38:50] Graph 0 has 16 nodes and 31 edges
[2025-01-07 22:38:50] Converted to 31 bitstring edges
[2025-01-07 22:38:50] Computing Matchings Dynamic walk
[2025-01-07 22:38:50] Matchings - CX: 54, U3: 55, Depth: 82
[2025-01-07 22:38:50] Computing Pauli decomposition
[2025-01-07 22:38:51] Pauli - CX: 78, U3: 133, Depth: 146
[2025-01-07 22:38:51] Successfully processed graph 0 - Category: win
[2025-01-07 22:38:51] 
Processing graph 1/200
[2025-01-07 22:38:51] Graph 1 has 16 nodes and 37 edges
[2025-01-07 22:38:51] Converted to 37 bitstring edges
[2025-01-07 22:38:51] Computing Matchings Dynamic walk
[2025-01-07 22:38:51] Matchings - CX: 66, U3: 62, Depth: 100
[2025-01-07 22:38:51] Computing Pauli decomposition
[2025-01-07 22:38:52] Pauli - CX: 67, U3: 115, Depth: 126
[2025-01-07 22:38:52] Successfully processed graph 1 - Category: win
[2025-01-07 22:38:52] 
Processing graph 2/200
[2025-01-07 22:38:52] Graph 2 has 16 nodes and 35 edges
[2025-01-07 22:38:52] Converted to 35 bitstring edges
[2025-01-07 22:38:52] Computing Matchings Dynamic walk
[2025-01-07 22:38:53] Matchings - CX: 49, U3: 51, Depth: 77
[2025-01-07 22:38:53] Computing Pauli decomposition
[2025-01-07 22:38:53] Pauli - CX: 74, U3: 127, Depth: 138
[2025-01-07 22:38:53] Successfully processed graph 2 - Category: win
[2025-01-07 22:38:53] 
Processing graph 3/200
[2025-01-07 22:38:53] Graph 3 has 16 nodes and 36 edges
[2025-01-07 22:38:53] Converted to 36 bitstring edges
[2025-01-07 22:38:53] Computing Matchings Dynamic walk
[2025-01-07 22:38:54] Matchings - CX: 56, U3: 61, Depth: 88
[2025-01-07 22:38:54] Computing Pauli decomposition
[2025-01-07 22:38:54] Pauli - CX: 73, U3: 121, Depth: 134
[2025-01-07 22:38:54] Successfully processed graph 3 - Category: win
[2025-01-07 22:38:54] 
Processing graph 4/200
[2025-01-07 22:38:54] Graph 4 has 16 nodes and 33 edges
[2025-01-07 22:38:54] Converted to 33 bitstring edges
[2025-01-07 22:38:54] Computing Matchings Dynamic walk
[2025-01-07 22:38:55] Matchings - CX: 67, U3: 57, Depth: 99
[2025-01-07 22:38:55] Computing Pauli decomposition
[2025-01-07 22:38:55] Pauli - CX: 78, U3: 125, Depth: 142
[2025-01-07 22:38:55] Successfully processed graph 4 - Category: win
[2025-01-07 22:38:55] 
Processing graph 5/200
[2025-01-07 22:38:55] Graph 5 has 16 nodes and 36 edges
[2025-01-07 22:38:55] Converted to 36 bitstring edges
[2025-01-07 22:38:55] Computing Matchings Dynamic walk
[2025-01-07 22:38:56] Matchings - CX: 47, U3: 45, Depth: 72
[2025-01-07 22:38:56] Computing Pauli decomposition
[2025-01-07 22:38:56] Pauli - CX: 73, U3: 128, Depth: 138
[2025-01-07 22:38:56] Successfully processed graph 5 - Category: win
[2025-01-07 22:38:56] 
Processing graph 6/200
[2025-01-07 22:38:56] Graph 6 has 16 nodes and 33 edges
[2025-01-07 22:38:56] Converted to 33 bitstring edges
[2025-01-07 22:38:56] Computing Matchings Dynamic walk
[2025-01-07 22:38:57] Matchings - CX: 82, U3: 78, Depth: 120
[2025-01-07 22:38:57] Computing Pauli decomposition
[2025-01-07 22:38:58] Pauli - CX: 63, U3: 112, Depth: 117
[2025-01-07 22:38:58] Successfully processed graph 6 - Category: lose
[2025-01-07 22:38:58] 
Processing graph 7/200
[2025-01-07 22:38:58] Graph 7 has 16 nodes and 35 edges
[2025-01-07 22:38:58] Converted to 35 bitstring edges
[2025-01-07 22:38:58] Computing Matchings Dynamic walk
[2025-01-07 22:38:58] Matchings - CX: 59, U3: 54, Depth: 89
[2025-01-07 22:38:58] Computing Pauli decomposition
[2025-01-07 22:38:59] Pauli - CX: 78, U3: 131, Depth: 145
[2025-01-07 22:38:59] Successfully processed graph 7 - Category: win
[2025-01-07 22:38:59] 
Processing graph 8/200
[2025-01-07 22:38:59] Graph 8 has 16 nodes and 34 edges
[2025-01-07 22:38:59] Converted to 34 bitstring edges
[2025-01-07 22:38:59] Computing Matchings Dynamic walk
[2025-01-07 22:38:59] Matchings - CX: 58, U3: 59, Depth: 88
[2025-01-07 22:38:59] Computing Pauli decomposition
[2025-01-07 22:39:00] Pauli - CX: 73, U3: 125, Depth: 135
[2025-01-07 22:39:00] Successfully processed graph 8 - Category: win
[2025-01-07 22:39:00] 
Processing graph 9/200
[2025-01-07 22:39:00] Graph 9 has 16 nodes and 33 edges
[2025-01-07 22:39:00] Converted to 33 bitstring edges
[2025-01-07 22:39:00] Computing Matchings Dynamic walk
[2025-01-07 22:39:01] Matchings - CX: 44, U3: 48, Depth: 68
[2025-01-07 22:39:01] Computing Pauli decomposition
[2025-01-07 22:39:01] Pauli - CX: 60, U3: 109, Depth: 115
[2025-01-07 22:39:01] Successfully processed graph 9 - Category: win
[2025-01-07 22:39:01] 
Processing graph 10/200
[2025-01-07 22:39:01] Graph 10 has 16 nodes and 35 edges
[2025-01-07 22:39:01] Converted to 35 bitstring edges
[2025-01-07 22:39:01] Computing Matchings Dynamic walk
[2025-01-07 22:39:02] Matchings - CX: 40, U3: 41, Depth: 61
[2025-01-07 22:39:02] Computing Pauli decomposition
[2025-01-07 22:39:02] Pauli - CX: 63, U3: 112, Depth: 118
[2025-01-07 22:39:02] Successfully processed graph 10 - Category: win
[2025-01-07 22:39:02] 
Processing graph 11/200
[2025-01-07 22:39:02] Graph 11 has 16 nodes and 35 edges
[2025-01-07 22:39:02] Converted to 35 bitstring edges
[2025-01-07 22:39:02] Computing Matchings Dynamic walk
[2025-01-07 22:39:03] Matchings - CX: 77, U3: 66, Depth: 114
[2025-01-07 22:39:03] Computing Pauli decomposition
[2025-01-07 22:39:04] Pauli - CX: 78, U3: 135, Depth: 145
[2025-01-07 22:39:04] Successfully processed graph 11 - Category: win
[2025-01-07 22:39:04] 
Processing graph 12/200
[2025-01-07 22:39:04] Graph 12 has 16 nodes and 37 edges
[2025-01-07 22:39:04] Converted to 37 bitstring edges
[2025-01-07 22:39:04] Computing Matchings Dynamic walk
[2025-01-07 22:39:04] Matchings - CX: 52, U3: 50, Depth: 80
[2025-01-07 22:39:04] Computing Pauli decomposition
[2025-01-07 22:39:05] Pauli - CX: 63, U3: 101, Depth: 114
[2025-01-07 22:39:05] Successfully processed graph 12 - Category: win
[2025-01-07 22:39:05] 
Processing graph 13/200
[2025-01-07 22:39:05] Graph 13 has 16 nodes and 39 edges
[2025-01-07 22:39:05] Converted to 39 bitstring edges
[2025-01-07 22:39:05] Computing Matchings Dynamic walk
[2025-01-07 22:39:05] Matchings - CX: 53, U3: 51, Depth: 82
[2025-01-07 22:39:05] Computing Pauli decomposition
[2025-01-07 22:39:06] Pauli - CX: 65, U3: 112, Depth: 122
[2025-01-07 22:39:06] Successfully processed graph 13 - Category: win
[2025-01-07 22:39:06] 
Processing graph 14/200
[2025-01-07 22:39:06] Graph 14 has 16 nodes and 35 edges
[2025-01-07 22:39:06] Converted to 35 bitstring edges
[2025-01-07 22:39:06] Computing Matchings Dynamic walk
[2025-01-07 22:39:06] Matchings - CX: 70, U3: 65, Depth: 104
[2025-01-07 22:39:06] Computing Pauli decomposition
[2025-01-07 22:39:07] Pauli - CX: 68, U3: 120, Depth: 127
[2025-01-07 22:39:07] Successfully processed graph 14 - Category: lose
[2025-01-07 22:39:07] 
Processing graph 15/200
[2025-01-07 22:39:07] Graph 15 has 16 nodes and 39 edges
[2025-01-07 22:39:07] Converted to 39 bitstring edges
[2025-01-07 22:39:07] Computing Matchings Dynamic walk
[2025-01-07 22:39:08] Matchings - CX: 57, U3: 49, Depth: 85
[2025-01-07 22:39:08] Computing Pauli decomposition
[2025-01-07 22:39:08] Pauli - CX: 73, U3: 125, Depth: 136
[2025-01-07 22:39:08] Successfully processed graph 15 - Category: win
[2025-01-07 22:39:08] 
Processing graph 16/200
[2025-01-07 22:39:08] Graph 16 has 16 nodes and 35 edges
[2025-01-07 22:39:08] Converted to 35 bitstring edges
[2025-01-07 22:39:08] Computing Matchings Dynamic walk
[2025-01-07 22:39:09] Matchings - CX: 77, U3: 74, Depth: 116
[2025-01-07 22:39:09] Computing Pauli decomposition
[2025-01-07 22:39:09] Pauli - CX: 59, U3: 99, Depth: 109
[2025-01-07 22:39:09] Successfully processed graph 16 - Category: lose
[2025-01-07 22:39:09] 
Processing graph 17/200
[2025-01-07 22:39:09] Graph 17 has 16 nodes and 34 edges
[2025-01-07 22:39:09] Converted to 34 bitstring edges
[2025-01-07 22:39:09] Computing Matchings Dynamic walk
[2025-01-07 22:39:10] Matchings - CX: 48, U3: 48, Depth: 76
[2025-01-07 22:39:10] Computing Pauli decomposition
[2025-01-07 22:39:10] Pauli - CX: 78, U3: 138, Depth: 148
[2025-01-07 22:39:10] Successfully processed graph 17 - Category: win
[2025-01-07 22:39:10] 
Processing graph 18/200
[2025-01-07 22:39:10] Graph 18 has 16 nodes and 36 edges
[2025-01-07 22:39:10] Converted to 36 bitstring edges
[2025-01-07 22:39:10] Computing Matchings Dynamic walk
[2025-01-07 22:39:11] Matchings - CX: 85, U3: 82, Depth: 126
[2025-01-07 22:39:11] Computing Pauli decomposition
[2025-01-07 22:39:12] Pauli - CX: 69, U3: 118, Depth: 127
[2025-01-07 22:39:12] Successfully processed graph 18 - Category: lose
[2025-01-07 22:39:12] 
Processing graph 19/200
[2025-01-07 22:39:12] Graph 19 has 16 nodes and 39 edges
[2025-01-07 22:39:12] Converted to 39 bitstring edges
[2025-01-07 22:39:12] Computing Matchings Dynamic walk
[2025-01-07 22:39:12] Matchings - CX: 49, U3: 51, Depth: 76
[2025-01-07 22:39:12] Computing Pauli decomposition
[2025-01-07 22:39:13] Pauli - CX: 72, U3: 121, Depth: 135
[2025-01-07 22:39:13] Successfully processed graph 19 - Category: win
[2025-01-07 22:39:13] 
Processing graph 20/200
[2025-01-07 22:39:13] Graph 20 has 16 nodes and 35 edges
[2025-01-07 22:39:13] Converted to 35 bitstring edges
[2025-01-07 22:39:13] Computing Matchings Dynamic walk
[2025-01-07 22:39:13] Matchings - CX: 45, U3: 41, Depth: 68
[2025-01-07 22:39:13] Computing Pauli decomposition
[2025-01-07 22:39:14] Pauli - CX: 73, U3: 123, Depth: 137
[2025-01-07 22:39:14] Successfully processed graph 20 - Category: win
[2025-01-07 22:39:14] 
Processing graph 21/200
[2025-01-07 22:39:14] Graph 21 has 16 nodes and 34 edges
[2025-01-07 22:39:14] Converted to 34 bitstring edges
[2025-01-07 22:39:14] Computing Matchings Dynamic walk
[2025-01-07 22:39:14] Matchings - CX: 75, U3: 64, Depth: 113
[2025-01-07 22:39:14] Computing Pauli decomposition
[2025-01-07 22:39:15] Pauli - CX: 73, U3: 124, Depth: 134
[2025-01-07 22:39:15] Successfully processed graph 21 - Category: lose
[2025-01-07 22:39:15] 
Processing graph 22/200
[2025-01-07 22:39:15] Graph 22 has 16 nodes and 36 edges
[2025-01-07 22:39:15] Converted to 36 bitstring edges
[2025-01-07 22:39:15] Computing Matchings Dynamic walk
[2025-01-07 22:39:15] Matchings - CX: 43, U3: 43, Depth: 67
[2025-01-07 22:39:15] Computing Pauli decomposition
[2025-01-07 22:39:16] Pauli - CX: 78, U3: 136, Depth: 146
[2025-01-07 22:39:16] Successfully processed graph 22 - Category: win
[2025-01-07 22:39:16] 
Processing graph 23/200
[2025-01-07 22:39:16] Graph 23 has 16 nodes and 34 edges
[2025-01-07 22:39:16] Converted to 34 bitstring edges
[2025-01-07 22:39:16] Computing Matchings Dynamic walk
[2025-01-07 22:39:16] Matchings - CX: 50, U3: 49, Depth: 75
[2025-01-07 22:39:16] Computing Pauli decomposition
[2025-01-07 22:39:17] Pauli - CX: 62, U3: 105, Depth: 114
[2025-01-07 22:39:17] Successfully processed graph 23 - Category: win
[2025-01-07 22:39:17] 
Processing graph 24/200
[2025-01-07 22:39:17] Graph 24 has 16 nodes and 35 edges
[2025-01-07 22:39:17] Converted to 35 bitstring edges
[2025-01-07 22:39:17] Computing Matchings Dynamic walk
[2025-01-07 22:39:17] Matchings - CX: 67, U3: 62, Depth: 99
[2025-01-07 22:39:17] Computing Pauli decomposition
[2025-01-07 22:39:18] Pauli - CX: 68, U3: 114, Depth: 124
[2025-01-07 22:39:18] Successfully processed graph 24 - Category: win
[2025-01-07 22:39:18] 
Processing graph 25/200
[2025-01-07 22:39:18] Graph 25 has 16 nodes and 34 edges
[2025-01-07 22:39:18] Converted to 34 bitstring edges
[2025-01-07 22:39:18] Computing Matchings Dynamic walk
[2025-01-07 22:39:19] Matchings - CX: 51, U3: 55, Depth: 78
[2025-01-07 22:39:19] Computing Pauli decomposition
[2025-01-07 22:39:19] Pauli - CX: 60, U3: 108, Depth: 113
[2025-01-07 22:39:19] Successfully processed graph 25 - Category: win
[2025-01-07 22:39:19] 
Processing graph 26/200
[2025-01-07 22:39:19] Graph 26 has 16 nodes and 33 edges
[2025-01-07 22:39:19] Converted to 33 bitstring edges
[2025-01-07 22:39:19] Computing Matchings Dynamic walk
[2025-01-07 22:39:20] Matchings - CX: 58, U3: 52, Depth: 85
[2025-01-07 22:39:20] Computing Pauli decomposition
[2025-01-07 22:39:20] Pauli - CX: 73, U3: 129, Depth: 138
[2025-01-07 22:39:20] Successfully processed graph 26 - Category: win
[2025-01-07 22:39:20] 
Processing graph 27/200
[2025-01-07 22:39:20] Graph 27 has 16 nodes and 33 edges
[2025-01-07 22:39:20] Converted to 33 bitstring edges
[2025-01-07 22:39:20] Computing Matchings Dynamic walk
[2025-01-07 22:39:21] Matchings - CX: 71, U3: 68, Depth: 106
[2025-01-07 22:39:21] Computing Pauli decomposition
[2025-01-07 22:39:21] Pauli - CX: 59, U3: 99, Depth: 108
[2025-01-07 22:39:21] Successfully processed graph 27 - Category: lose
[2025-01-07 22:39:21] 
Processing graph 28/200
[2025-01-07 22:39:21] Graph 28 has 16 nodes and 37 edges
[2025-01-07 22:39:21] Converted to 37 bitstring edges
[2025-01-07 22:39:21] Computing Matchings Dynamic walk
[2025-01-07 22:39:22] Matchings - CX: 43, U3: 41, Depth: 66
[2025-01-07 22:39:22] Computing Pauli decomposition
[2025-01-07 22:39:23] Pauli - CX: 78, U3: 135, Depth: 145
[2025-01-07 22:39:23] Successfully processed graph 28 - Category: win
[2025-01-07 22:39:23] 
Processing graph 29/200
[2025-01-07 22:39:23] Graph 29 has 16 nodes and 38 edges
[2025-01-07 22:39:23] Converted to 38 bitstring edges
[2025-01-07 22:39:23] Computing Matchings Dynamic walk
[2025-01-07 22:39:23] Matchings - CX: 49, U3: 46, Depth: 76
[2025-01-07 22:39:23] Computing Pauli decomposition
[2025-01-07 22:39:24] Pauli - CX: 72, U3: 114, Depth: 131
[2025-01-07 22:39:24] Successfully processed graph 29 - Category: win
[2025-01-07 22:39:24] 
Processing graph 30/200
[2025-01-07 22:39:24] Graph 30 has 16 nodes and 32 edges
[2025-01-07 22:39:24] Converted to 32 bitstring edges
[2025-01-07 22:39:24] Computing Matchings Dynamic walk
[2025-01-07 22:39:24] Matchings - CX: 38, U3: 35, Depth: 57
[2025-01-07 22:39:24] Computing Pauli decomposition
[2025-01-07 22:39:25] Pauli - CX: 73, U3: 121, Depth: 134
[2025-01-07 22:39:25] Successfully processed graph 30 - Category: win
[2025-01-07 22:39:25] 
Processing graph 31/200
[2025-01-07 22:39:25] Graph 31 has 16 nodes and 33 edges
[2025-01-07 22:39:25] Converted to 33 bitstring edges
[2025-01-07 22:39:25] Computing Matchings Dynamic walk
[2025-01-07 22:39:25] Matchings - CX: 31, U3: 35, Depth: 50
[2025-01-07 22:39:25] Computing Pauli decomposition
[2025-01-07 22:39:26] Pauli - CX: 78, U3: 133, Depth: 145
[2025-01-07 22:39:26] Successfully processed graph 31 - Category: win
[2025-01-07 22:39:26] 
Processing graph 32/200
[2025-01-07 22:39:26] Graph 32 has 16 nodes and 36 edges
[2025-01-07 22:39:26] Converted to 36 bitstring edges
[2025-01-07 22:39:26] Computing Matchings Dynamic walk
[2025-01-07 22:39:26] Matchings - CX: 57, U3: 60, Depth: 88
[2025-01-07 22:39:26] Computing Pauli decomposition
[2025-01-07 22:39:27] Pauli - CX: 73, U3: 133, Depth: 139
[2025-01-07 22:39:27] Successfully processed graph 32 - Category: win
[2025-01-07 22:39:27] 
Processing graph 33/200
[2025-01-07 22:39:27] Graph 33 has 16 nodes and 36 edges
[2025-01-07 22:39:27] Converted to 36 bitstring edges
[2025-01-07 22:39:27] Computing Matchings Dynamic walk
[2025-01-07 22:39:28] Matchings - CX: 55, U3: 57, Depth: 84
[2025-01-07 22:39:28] Computing Pauli decomposition
[2025-01-07 22:39:28] Pauli - CX: 78, U3: 135, Depth: 146
[2025-01-07 22:39:28] Successfully processed graph 33 - Category: win
[2025-01-07 22:39:28] 
Processing graph 34/200
[2025-01-07 22:39:28] Graph 34 has 16 nodes and 39 edges
[2025-01-07 22:39:28] Converted to 39 bitstring edges
[2025-01-07 22:39:28] Computing Matchings Dynamic walk
[2025-01-07 22:39:29] Matchings - CX: 73, U3: 69, Depth: 110
[2025-01-07 22:39:29] Computing Pauli decomposition
[2025-01-07 22:39:29] Pauli - CX: 73, U3: 122, Depth: 135
[2025-01-07 22:39:29] Successfully processed graph 34 - Category: draw
[2025-01-07 22:39:29] 
Processing graph 35/200
[2025-01-07 22:39:29] Graph 35 has 16 nodes and 35 edges
[2025-01-07 22:39:29] Converted to 35 bitstring edges
[2025-01-07 22:39:29] Computing Matchings Dynamic walk
[2025-01-07 22:39:30] Matchings - CX: 39, U3: 40, Depth: 61
[2025-01-07 22:39:30] Computing Pauli decomposition
[2025-01-07 22:39:30] Pauli - CX: 63, U3: 112, Depth: 118
[2025-01-07 22:39:30] Successfully processed graph 35 - Category: win
[2025-01-07 22:39:30] 
Processing graph 36/200
[2025-01-07 22:39:30] Graph 36 has 16 nodes and 36 edges
[2025-01-07 22:39:30] Converted to 36 bitstring edges
[2025-01-07 22:39:30] Computing Matchings Dynamic walk
[2025-01-07 22:39:31] Matchings - CX: 65, U3: 62, Depth: 99
[2025-01-07 22:39:31] Computing Pauli decomposition
[2025-01-07 22:39:32] Pauli - CX: 66, U3: 113, Depth: 122
[2025-01-07 22:39:32] Successfully processed graph 36 - Category: win
[2025-01-07 22:39:32] 
Processing graph 37/200
[2025-01-07 22:39:32] Graph 37 has 16 nodes and 37 edges
[2025-01-07 22:39:32] Converted to 37 bitstring edges
[2025-01-07 22:39:32] Computing Matchings Dynamic walk
[2025-01-07 22:39:32] Matchings - CX: 67, U3: 65, Depth: 100
[2025-01-07 22:39:32] Computing Pauli decomposition
[2025-01-07 22:39:33] Pauli - CX: 63, U3: 111, Depth: 119
[2025-01-07 22:39:33] Successfully processed graph 37 - Category: lose
[2025-01-07 22:39:33] 
Processing graph 38/200
[2025-01-07 22:39:33] Graph 38 has 16 nodes and 35 edges
[2025-01-07 22:39:33] Converted to 35 bitstring edges
[2025-01-07 22:39:33] Computing Matchings Dynamic walk
[2025-01-07 22:39:33] Matchings - CX: 88, U3: 70, Depth: 128
[2025-01-07 22:39:33] Computing Pauli decomposition
[2025-01-07 22:39:34] Pauli - CX: 72, U3: 120, Depth: 133
[2025-01-07 22:39:34] Successfully processed graph 38 - Category: lose
[2025-01-07 22:39:34] 
Processing graph 39/200
[2025-01-07 22:39:34] Graph 39 has 16 nodes and 31 edges
[2025-01-07 22:39:34] Converted to 31 bitstring edges
[2025-01-07 22:39:34] Computing Matchings Dynamic walk
[2025-01-07 22:39:34] Matchings - CX: 74, U3: 73, Depth: 111
[2025-01-07 22:39:34] Computing Pauli decomposition
[2025-01-07 22:39:35] Pauli - CX: 78, U3: 127, Depth: 142
[2025-01-07 22:39:35] Successfully processed graph 39 - Category: win
[2025-01-07 22:39:35] 
Processing graph 40/200
[2025-01-07 22:39:35] Graph 40 has 16 nodes and 40 edges
[2025-01-07 22:39:35] Converted to 40 bitstring edges
[2025-01-07 22:39:35] Computing Matchings Dynamic walk
[2025-01-07 22:39:35] Matchings - CX: 70, U3: 66, Depth: 105
[2025-01-07 22:39:35] Computing Pauli decomposition
[2025-01-07 22:39:36] Pauli - CX: 78, U3: 137, Depth: 147
[2025-01-07 22:39:36] Successfully processed graph 40 - Category: win
[2025-01-07 22:39:36] 
Processing graph 41/200
[2025-01-07 22:39:36] Graph 41 has 16 nodes and 38 edges
[2025-01-07 22:39:36] Converted to 38 bitstring edges
[2025-01-07 22:39:36] Computing Matchings Dynamic walk
[2025-01-07 22:39:37] Matchings - CX: 58, U3: 52, Depth: 86
[2025-01-07 22:39:37] Computing Pauli decomposition
[2025-01-07 22:39:37] Pauli - CX: 75, U3: 122, Depth: 139
[2025-01-07 22:39:37] Successfully processed graph 41 - Category: win
[2025-01-07 22:39:37] 
Processing graph 42/200
[2025-01-07 22:39:37] Graph 42 has 16 nodes and 36 edges
[2025-01-07 22:39:37] Converted to 36 bitstring edges
[2025-01-07 22:39:37] Computing Matchings Dynamic walk
[2025-01-07 22:39:38] Matchings - CX: 66, U3: 62, Depth: 96
[2025-01-07 22:39:38] Computing Pauli decomposition
[2025-01-07 22:39:38] Pauli - CX: 78, U3: 137, Depth: 146
[2025-01-07 22:39:38] Successfully processed graph 42 - Category: win
[2025-01-07 22:39:38] 
Processing graph 43/200
[2025-01-07 22:39:38] Graph 43 has 16 nodes and 35 edges
[2025-01-07 22:39:38] Converted to 35 bitstring edges
[2025-01-07 22:39:38] Computing Matchings Dynamic walk
[2025-01-07 22:39:39] Matchings - CX: 62, U3: 61, Depth: 94
[2025-01-07 22:39:39] Computing Pauli decomposition
[2025-01-07 22:39:39] Pauli - CX: 71, U3: 125, Depth: 134
[2025-01-07 22:39:39] Successfully processed graph 43 - Category: win
[2025-01-07 22:39:39] 
Processing graph 44/200
[2025-01-07 22:39:39] Graph 44 has 16 nodes and 31 edges
[2025-01-07 22:39:39] Converted to 31 bitstring edges
[2025-01-07 22:39:39] Computing Matchings Dynamic walk
[2025-01-07 22:39:40] Matchings - CX: 41, U3: 40, Depth: 64
[2025-01-07 22:39:40] Computing Pauli decomposition
[2025-01-07 22:39:40] Pauli - CX: 70, U3: 115, Depth: 127
[2025-01-07 22:39:40] Successfully processed graph 44 - Category: win
[2025-01-07 22:39:40] 
Processing graph 45/200
[2025-01-07 22:39:40] Graph 45 has 16 nodes and 37 edges
[2025-01-07 22:39:40] Converted to 37 bitstring edges
[2025-01-07 22:39:40] Computing Matchings Dynamic walk
[2025-01-07 22:39:41] Matchings - CX: 82, U3: 80, Depth: 124
[2025-01-07 22:39:41] Computing Pauli decomposition
[2025-01-07 22:39:42] Pauli - CX: 73, U3: 128, Depth: 137
[2025-01-07 22:39:42] Successfully processed graph 45 - Category: lose
[2025-01-07 22:39:42] 
Processing graph 46/200
[2025-01-07 22:39:42] Graph 46 has 16 nodes and 34 edges
[2025-01-07 22:39:42] Converted to 34 bitstring edges
[2025-01-07 22:39:42] Computing Matchings Dynamic walk
[2025-01-07 22:39:42] Matchings - CX: 43, U3: 42, Depth: 67
[2025-01-07 22:39:42] Computing Pauli decomposition
[2025-01-07 22:39:43] Pauli - CX: 69, U3: 119, Depth: 129
[2025-01-07 22:39:43] Successfully processed graph 46 - Category: win
[2025-01-07 22:39:43] 
Processing graph 47/200
[2025-01-07 22:39:43] Graph 47 has 16 nodes and 35 edges
[2025-01-07 22:39:43] Converted to 35 bitstring edges
[2025-01-07 22:39:43] Computing Matchings Dynamic walk
[2025-01-07 22:39:43] Matchings - CX: 56, U3: 57, Depth: 86
[2025-01-07 22:39:43] Computing Pauli decomposition
[2025-01-07 22:39:44] Pauli - CX: 78, U3: 131, Depth: 146
[2025-01-07 22:39:44] Successfully processed graph 47 - Category: win
[2025-01-07 22:39:44] 
Processing graph 48/200
[2025-01-07 22:39:44] Graph 48 has 16 nodes and 38 edges
[2025-01-07 22:39:44] Converted to 38 bitstring edges
[2025-01-07 22:39:44] Computing Matchings Dynamic walk
[2025-01-07 22:39:44] Matchings - CX: 53, U3: 49, Depth: 80
[2025-01-07 22:39:44] Computing Pauli decomposition
[2025-01-07 22:39:45] Pauli - CX: 68, U3: 109, Depth: 124
[2025-01-07 22:39:45] Successfully processed graph 48 - Category: win
[2025-01-07 22:39:45] 
Processing graph 49/200
[2025-01-07 22:39:45] Graph 49 has 16 nodes and 38 edges
[2025-01-07 22:39:45] Converted to 38 bitstring edges
[2025-01-07 22:39:45] Computing Matchings Dynamic walk
[2025-01-07 22:39:45] Matchings - CX: 70, U3: 74, Depth: 108
[2025-01-07 22:39:45] Computing Pauli decomposition
[2025-01-07 22:39:46] Pauli - CX: 74, U3: 124, Depth: 137
[2025-01-07 22:39:46] Successfully processed graph 49 - Category: win
[2025-01-07 22:39:46] 
Processing graph 50/200
[2025-01-07 22:39:46] Graph 50 has 16 nodes and 38 edges
[2025-01-07 22:39:46] Converted to 38 bitstring edges
[2025-01-07 22:39:46] Computing Matchings Dynamic walk
[2025-01-07 22:39:47] Matchings - CX: 81, U3: 74, Depth: 121
[2025-01-07 22:39:47] Computing Pauli decomposition
[2025-01-07 22:39:47] Pauli - CX: 72, U3: 126, Depth: 134
[2025-01-07 22:39:47] Successfully processed graph 50 - Category: lose
[2025-01-07 22:39:47] 
Processing graph 51/200
[2025-01-07 22:39:47] Graph 51 has 16 nodes and 35 edges
[2025-01-07 22:39:47] Converted to 35 bitstring edges
[2025-01-07 22:39:47] Computing Matchings Dynamic walk
[2025-01-07 22:39:48] Matchings - CX: 76, U3: 68, Depth: 111
[2025-01-07 22:39:48] Computing Pauli decomposition
[2025-01-07 22:39:48] Pauli - CX: 68, U3: 110, Depth: 124
[2025-01-07 22:39:48] Successfully processed graph 51 - Category: lose
[2025-01-07 22:39:48] 
Processing graph 52/200
[2025-01-07 22:39:48] Graph 52 has 16 nodes and 35 edges
[2025-01-07 22:39:48] Converted to 35 bitstring edges
[2025-01-07 22:39:48] Computing Matchings Dynamic walk
[2025-01-07 22:39:49] Matchings - CX: 70, U3: 68, Depth: 108
[2025-01-07 22:39:49] Computing Pauli decomposition
[2025-01-07 22:39:50] Pauli - CX: 70, U3: 122, Depth: 131
[2025-01-07 22:39:50] Successfully processed graph 52 - Category: draw
[2025-01-07 22:39:50] 
Processing graph 53/200
[2025-01-07 22:39:50] Graph 53 has 16 nodes and 36 edges
[2025-01-07 22:39:50] Converted to 36 bitstring edges
[2025-01-07 22:39:50] Computing Matchings Dynamic walk
[2025-01-07 22:39:50] Matchings - CX: 41, U3: 41, Depth: 62
[2025-01-07 22:39:50] Computing Pauli decomposition
[2025-01-07 22:39:51] Pauli - CX: 78, U3: 139, Depth: 147
[2025-01-07 22:39:51] Successfully processed graph 53 - Category: win
[2025-01-07 22:39:51] 
Processing graph 54/200
[2025-01-07 22:39:51] Graph 54 has 16 nodes and 34 edges
[2025-01-07 22:39:51] Converted to 34 bitstring edges
[2025-01-07 22:39:51] Computing Matchings Dynamic walk
[2025-01-07 22:39:51] Matchings - CX: 40, U3: 46, Depth: 64
[2025-01-07 22:39:51] Computing Pauli decomposition
[2025-01-07 22:39:52] Pauli - CX: 78, U3: 136, Depth: 147
[2025-01-07 22:39:52] Successfully processed graph 54 - Category: win
[2025-01-07 22:39:52] 
Processing graph 55/200
[2025-01-07 22:39:52] Graph 55 has 16 nodes and 34 edges
[2025-01-07 22:39:52] Converted to 34 bitstring edges
[2025-01-07 22:39:52] Computing Matchings Dynamic walk
[2025-01-07 22:39:52] Matchings - CX: 40, U3: 46, Depth: 64
[2025-01-07 22:39:52] Computing Pauli decomposition
[2025-01-07 22:39:53] Pauli - CX: 73, U3: 123, Depth: 134
[2025-01-07 22:39:53] Successfully processed graph 55 - Category: win
[2025-01-07 22:39:53] 
Processing graph 56/200
[2025-01-07 22:39:53] Graph 56 has 16 nodes and 36 edges
[2025-01-07 22:39:53] Converted to 36 bitstring edges
[2025-01-07 22:39:53] Computing Matchings Dynamic walk
[2025-01-07 22:39:54] Matchings - CX: 45, U3: 44, Depth: 69
[2025-01-07 22:39:54] Computing Pauli decomposition
[2025-01-07 22:39:54] Pauli - CX: 78, U3: 130, Depth: 144
[2025-01-07 22:39:54] Successfully processed graph 56 - Category: win
[2025-01-07 22:39:54] 
Processing graph 57/200
[2025-01-07 22:39:54] Graph 57 has 16 nodes and 34 edges
[2025-01-07 22:39:54] Converted to 34 bitstring edges
[2025-01-07 22:39:54] Computing Matchings Dynamic walk
[2025-01-07 22:39:55] Matchings - CX: 70, U3: 62, Depth: 102
[2025-01-07 22:39:55] Computing Pauli decomposition
[2025-01-07 22:39:55] Pauli - CX: 72, U3: 113, Depth: 130
[2025-01-07 22:39:55] Successfully processed graph 57 - Category: win
[2025-01-07 22:39:55] 
Processing graph 58/200
[2025-01-07 22:39:55] Graph 58 has 16 nodes and 35 edges
[2025-01-07 22:39:55] Converted to 35 bitstring edges
[2025-01-07 22:39:55] Computing Matchings Dynamic walk
[2025-01-07 22:39:56] Matchings - CX: 74, U3: 65, Depth: 107
[2025-01-07 22:39:56] Computing Pauli decomposition
[2025-01-07 22:39:57] Pauli - CX: 67, U3: 114, Depth: 125
[2025-01-07 22:39:57] Successfully processed graph 58 - Category: lose
[2025-01-07 22:39:57] 
Processing graph 59/200
[2025-01-07 22:39:57] Graph 59 has 16 nodes and 37 edges
[2025-01-07 22:39:57] Converted to 37 bitstring edges
[2025-01-07 22:39:57] Computing Matchings Dynamic walk
[2025-01-07 22:39:57] Matchings - CX: 50, U3: 42, Depth: 74
[2025-01-07 22:39:57] Computing Pauli decomposition
[2025-01-07 22:39:58] Pauli - CX: 62, U3: 111, Depth: 116
[2025-01-07 22:39:58] Successfully processed graph 59 - Category: win
[2025-01-07 22:39:58] 
Processing graph 60/200
[2025-01-07 22:39:58] Graph 60 has 16 nodes and 35 edges
[2025-01-07 22:39:58] Converted to 35 bitstring edges
[2025-01-07 22:39:58] Computing Matchings Dynamic walk
[2025-01-07 22:39:58] Matchings - CX: 86, U3: 78, Depth: 125
[2025-01-07 22:39:58] Computing Pauli decomposition
[2025-01-07 22:39:59] Pauli - CX: 71, U3: 114, Depth: 129
[2025-01-07 22:39:59] Successfully processed graph 60 - Category: lose
[2025-01-07 22:39:59] 
Processing graph 61/200
[2025-01-07 22:39:59] Graph 61 has 16 nodes and 35 edges
[2025-01-07 22:39:59] Converted to 35 bitstring edges
[2025-01-07 22:39:59] Computing Matchings Dynamic walk
[2025-01-07 22:39:59] Matchings - CX: 44, U3: 42, Depth: 66
[2025-01-07 22:39:59] Computing Pauli decomposition
[2025-01-07 22:40:00] Pauli - CX: 71, U3: 114, Depth: 129
[2025-01-07 22:40:00] Successfully processed graph 61 - Category: win
[2025-01-07 22:40:00] 
Processing graph 62/200
[2025-01-07 22:40:00] Graph 62 has 16 nodes and 33 edges
[2025-01-07 22:40:00] Converted to 33 bitstring edges
[2025-01-07 22:40:00] Computing Matchings Dynamic walk
[2025-01-07 22:40:00] Matchings - CX: 71, U3: 64, Depth: 98
[2025-01-07 22:40:00] Computing Pauli decomposition
[2025-01-07 22:40:01] Pauli - CX: 62, U3: 112, Depth: 118
[2025-01-07 22:40:01] Successfully processed graph 62 - Category: lose
[2025-01-07 22:40:01] 
Processing graph 63/200
[2025-01-07 22:40:01] Graph 63 has 16 nodes and 33 edges
[2025-01-07 22:40:01] Converted to 33 bitstring edges
[2025-01-07 22:40:01] Computing Matchings Dynamic walk
[2025-01-07 22:40:01] Matchings - CX: 37, U3: 35, Depth: 56
[2025-01-07 22:40:01] Computing Pauli decomposition
[2025-01-07 22:40:02] Pauli - CX: 73, U3: 121, Depth: 133
[2025-01-07 22:40:02] Successfully processed graph 63 - Category: win
[2025-01-07 22:40:02] 
Processing graph 64/200
[2025-01-07 22:40:02] Graph 64 has 16 nodes and 36 edges
[2025-01-07 22:40:02] Converted to 36 bitstring edges
[2025-01-07 22:40:02] Computing Matchings Dynamic walk
[2025-01-07 22:40:02] Matchings - CX: 66, U3: 58, Depth: 98
[2025-01-07 22:40:02] Computing Pauli decomposition
[2025-01-07 22:40:03] Pauli - CX: 71, U3: 125, Depth: 134
[2025-01-07 22:40:03] Successfully processed graph 64 - Category: win
[2025-01-07 22:40:03] 
Processing graph 65/200
[2025-01-07 22:40:03] Graph 65 has 16 nodes and 36 edges
[2025-01-07 22:40:03] Converted to 36 bitstring edges
[2025-01-07 22:40:03] Computing Matchings Dynamic walk
[2025-01-07 22:40:04] Matchings - CX: 56, U3: 61, Depth: 85
[2025-01-07 22:40:04] Computing Pauli decomposition
[2025-01-07 22:40:04] Pauli - CX: 63, U3: 113, Depth: 118
[2025-01-07 22:40:04] Successfully processed graph 65 - Category: win
[2025-01-07 22:40:04] 
Processing graph 66/200
[2025-01-07 22:40:04] Graph 66 has 16 nodes and 35 edges
[2025-01-07 22:40:04] Converted to 35 bitstring edges
[2025-01-07 22:40:04] Computing Matchings Dynamic walk
[2025-01-07 22:40:05] Matchings - CX: 47, U3: 47, Depth: 75
[2025-01-07 22:40:05] Computing Pauli decomposition
[2025-01-07 22:40:05] Pauli - CX: 54, U3: 96, Depth: 104
[2025-01-07 22:40:05] Successfully processed graph 66 - Category: win
[2025-01-07 22:40:05] 
Processing graph 67/200
[2025-01-07 22:40:05] Graph 67 has 16 nodes and 32 edges
[2025-01-07 22:40:05] Converted to 32 bitstring edges
[2025-01-07 22:40:05] Computing Matchings Dynamic walk
[2025-01-07 22:40:06] Matchings - CX: 35, U3: 39, Depth: 55
[2025-01-07 22:40:06] Computing Pauli decomposition
[2025-01-07 22:40:06] Pauli - CX: 68, U3: 113, Depth: 125
[2025-01-07 22:40:06] Successfully processed graph 67 - Category: win
[2025-01-07 22:40:06] 
Processing graph 68/200
[2025-01-07 22:40:06] Graph 68 has 16 nodes and 33 edges
[2025-01-07 22:40:06] Converted to 33 bitstring edges
[2025-01-07 22:40:06] Computing Matchings Dynamic walk
[2025-01-07 22:40:07] Matchings - CX: 66, U3: 63, Depth: 99
[2025-01-07 22:40:07] Computing Pauli decomposition
[2025-01-07 22:40:08] Pauli - CX: 72, U3: 127, Depth: 135
[2025-01-07 22:40:08] Successfully processed graph 68 - Category: win
[2025-01-07 22:40:08] 
Processing graph 69/200
[2025-01-07 22:40:08] Graph 69 has 16 nodes and 36 edges
[2025-01-07 22:40:08] Converted to 36 bitstring edges
[2025-01-07 22:40:08] Computing Matchings Dynamic walk
[2025-01-07 22:40:08] Matchings - CX: 54, U3: 54, Depth: 84
[2025-01-07 22:40:08] Computing Pauli decomposition
[2025-01-07 22:40:09] Pauli - CX: 78, U3: 138, Depth: 146
[2025-01-07 22:40:09] Successfully processed graph 69 - Category: win
[2025-01-07 22:40:09] 
Processing graph 70/200
[2025-01-07 22:40:09] Graph 70 has 16 nodes and 36 edges
[2025-01-07 22:40:09] Converted to 36 bitstring edges
[2025-01-07 22:40:09] Computing Matchings Dynamic walk
[2025-01-07 22:40:09] Matchings - CX: 33, U3: 33, Depth: 50
[2025-01-07 22:40:09] Computing Pauli decomposition
[2025-01-07 22:40:10] Pauli - CX: 61, U3: 115, Depth: 117
[2025-01-07 22:40:10] Successfully processed graph 70 - Category: win
[2025-01-07 22:40:10] 
Processing graph 71/200
[2025-01-07 22:40:10] Graph 71 has 16 nodes and 34 edges
[2025-01-07 22:40:10] Converted to 34 bitstring edges
[2025-01-07 22:40:10] Computing Matchings Dynamic walk
[2025-01-07 22:40:11] Matchings - CX: 73, U3: 69, Depth: 107
[2025-01-07 22:40:11] Computing Pauli decomposition
[2025-01-07 22:40:11] Pauli - CX: 72, U3: 127, Depth: 136
[2025-01-07 22:40:11] Successfully processed graph 71 - Category: lose
[2025-01-07 22:40:11] 
Processing graph 72/200
[2025-01-07 22:40:11] Graph 72 has 16 nodes and 37 edges
[2025-01-07 22:40:11] Converted to 37 bitstring edges
[2025-01-07 22:40:11] Computing Matchings Dynamic walk
[2025-01-07 22:40:12] Matchings - CX: 43, U3: 47, Depth: 68
[2025-01-07 22:40:12] Computing Pauli decomposition
[2025-01-07 22:40:12] Pauli - CX: 67, U3: 117, Depth: 126
[2025-01-07 22:40:12] Successfully processed graph 72 - Category: win
[2025-01-07 22:40:12] 
Processing graph 73/200
[2025-01-07 22:40:12] Graph 73 has 16 nodes and 34 edges
[2025-01-07 22:40:12] Converted to 34 bitstring edges
[2025-01-07 22:40:12] Computing Matchings Dynamic walk
[2025-01-07 22:40:13] Matchings - CX: 52, U3: 54, Depth: 81
[2025-01-07 22:40:13] Computing Pauli decomposition
[2025-01-07 22:40:14] Pauli - CX: 72, U3: 129, Depth: 135
[2025-01-07 22:40:14] Successfully processed graph 73 - Category: win
[2025-01-07 22:40:14] 
Processing graph 74/200
[2025-01-07 22:40:14] Graph 74 has 16 nodes and 34 edges
[2025-01-07 22:40:14] Converted to 34 bitstring edges
[2025-01-07 22:40:14] Computing Matchings Dynamic walk
[2025-01-07 22:40:14] Matchings - CX: 40, U3: 46, Depth: 64
[2025-01-07 22:40:14] Computing Pauli decomposition
[2025-01-07 22:40:15] Pauli - CX: 72, U3: 119, Depth: 134
[2025-01-07 22:40:15] Successfully processed graph 74 - Category: win
[2025-01-07 22:40:15] 
Processing graph 75/200
[2025-01-07 22:40:15] Graph 75 has 16 nodes and 39 edges
[2025-01-07 22:40:15] Converted to 39 bitstring edges
[2025-01-07 22:40:15] Computing Matchings Dynamic walk
[2025-01-07 22:40:15] Matchings - CX: 63, U3: 65, Depth: 98
[2025-01-07 22:40:15] Computing Pauli decomposition
[2025-01-07 22:40:16] Pauli - CX: 54, U3: 80, Depth: 96
[2025-01-07 22:40:16] Successfully processed graph 75 - Category: lose
[2025-01-07 22:40:16] 
Processing graph 76/200
[2025-01-07 22:40:16] Graph 76 has 16 nodes and 37 edges
[2025-01-07 22:40:16] Converted to 37 bitstring edges
[2025-01-07 22:40:16] Computing Matchings Dynamic walk
[2025-01-07 22:40:16] Matchings - CX: 63, U3: 59, Depth: 94
[2025-01-07 22:40:16] Computing Pauli decomposition
[2025-01-07 22:40:17] Pauli - CX: 72, U3: 124, Depth: 135
[2025-01-07 22:40:17] Successfully processed graph 76 - Category: win
[2025-01-07 22:40:17] 
Processing graph 77/200
[2025-01-07 22:40:17] Graph 77 has 16 nodes and 36 edges
[2025-01-07 22:40:17] Converted to 36 bitstring edges
[2025-01-07 22:40:17] Computing Matchings Dynamic walk
[2025-01-07 22:40:17] Matchings - CX: 51, U3: 49, Depth: 77
[2025-01-07 22:40:17] Computing Pauli decomposition
[2025-01-07 22:40:18] Pauli - CX: 68, U3: 103, Depth: 123
[2025-01-07 22:40:18] Successfully processed graph 77 - Category: win
[2025-01-07 22:40:18] 
Processing graph 78/200
[2025-01-07 22:40:18] Graph 78 has 16 nodes and 37 edges
[2025-01-07 22:40:18] Converted to 37 bitstring edges
[2025-01-07 22:40:18] Computing Matchings Dynamic walk
[2025-01-07 22:40:18] Matchings - CX: 97, U3: 86, Depth: 143
[2025-01-07 22:40:18] Computing Pauli decomposition
[2025-01-07 22:40:19] Pauli - CX: 72, U3: 129, Depth: 136
[2025-01-07 22:40:19] Successfully processed graph 78 - Category: lose
[2025-01-07 22:40:19] 
Processing graph 79/200
[2025-01-07 22:40:19] Graph 79 has 16 nodes and 34 edges
[2025-01-07 22:40:19] Converted to 34 bitstring edges
[2025-01-07 22:40:19] Computing Matchings Dynamic walk
[2025-01-07 22:40:19] Matchings - CX: 45, U3: 46, Depth: 70
[2025-01-07 22:40:19] Computing Pauli decomposition
[2025-01-07 22:40:20] Pauli - CX: 73, U3: 130, Depth: 137
[2025-01-07 22:40:20] Successfully processed graph 79 - Category: win
[2025-01-07 22:40:20] 
Processing graph 80/200
[2025-01-07 22:40:20] Graph 80 has 16 nodes and 33 edges
[2025-01-07 22:40:20] Converted to 33 bitstring edges
[2025-01-07 22:40:20] Computing Matchings Dynamic walk
[2025-01-07 22:40:21] Matchings - CX: 75, U3: 66, Depth: 109
[2025-01-07 22:40:21] Computing Pauli decomposition
[2025-01-07 22:40:21] Pauli - CX: 71, U3: 119, Depth: 131
[2025-01-07 22:40:21] Successfully processed graph 80 - Category: lose
[2025-01-07 22:40:21] 
Processing graph 81/200
[2025-01-07 22:40:21] Graph 81 has 16 nodes and 34 edges
[2025-01-07 22:40:21] Converted to 34 bitstring edges
[2025-01-07 22:40:21] Computing Matchings Dynamic walk
[2025-01-07 22:40:22] Matchings - CX: 84, U3: 77, Depth: 121
[2025-01-07 22:40:22] Computing Pauli decomposition
[2025-01-07 22:40:22] Pauli - CX: 69, U3: 114, Depth: 129
[2025-01-07 22:40:22] Successfully processed graph 81 - Category: lose
[2025-01-07 22:40:22] 
Processing graph 82/200
[2025-01-07 22:40:22] Graph 82 has 16 nodes and 35 edges
[2025-01-07 22:40:22] Converted to 35 bitstring edges
[2025-01-07 22:40:22] Computing Matchings Dynamic walk
[2025-01-07 22:40:23] Matchings - CX: 54, U3: 48, Depth: 81
[2025-01-07 22:40:23] Computing Pauli decomposition
[2025-01-07 22:40:24] Pauli - CX: 78, U3: 132, Depth: 144
[2025-01-07 22:40:24] Successfully processed graph 82 - Category: win
[2025-01-07 22:40:24] 
Processing graph 83/200
[2025-01-07 22:40:24] Graph 83 has 16 nodes and 34 edges
[2025-01-07 22:40:24] Converted to 34 bitstring edges
[2025-01-07 22:40:24] Computing Matchings Dynamic walk
[2025-01-07 22:40:24] Matchings - CX: 75, U3: 70, Depth: 112
[2025-01-07 22:40:24] Computing Pauli decomposition
[2025-01-07 22:40:25] Pauli - CX: 65, U3: 112, Depth: 121
[2025-01-07 22:40:25] Successfully processed graph 83 - Category: lose
[2025-01-07 22:40:25] 
Processing graph 84/200
[2025-01-07 22:40:25] Graph 84 has 16 nodes and 37 edges
[2025-01-07 22:40:25] Converted to 37 bitstring edges
[2025-01-07 22:40:25] Computing Matchings Dynamic walk
[2025-01-07 22:40:25] Matchings - CX: 67, U3: 66, Depth: 103
[2025-01-07 22:40:25] Computing Pauli decomposition
[2025-01-07 22:40:26] Pauli - CX: 78, U3: 135, Depth: 146
[2025-01-07 22:40:26] Successfully processed graph 84 - Category: win
[2025-01-07 22:40:26] 
Processing graph 85/200
[2025-01-07 22:40:26] Graph 85 has 16 nodes and 33 edges
[2025-01-07 22:40:26] Converted to 33 bitstring edges
[2025-01-07 22:40:26] Computing Matchings Dynamic walk
[2025-01-07 22:40:26] Matchings - CX: 54, U3: 52, Depth: 82
[2025-01-07 22:40:26] Computing Pauli decomposition
[2025-01-07 22:40:27] Pauli - CX: 63, U3: 110, Depth: 117
[2025-01-07 22:40:27] Successfully processed graph 85 - Category: win
[2025-01-07 22:40:27] 
Processing graph 86/200
[2025-01-07 22:40:27] Graph 86 has 16 nodes and 34 edges
[2025-01-07 22:40:27] Converted to 34 bitstring edges
[2025-01-07 22:40:27] Computing Matchings Dynamic walk
[2025-01-07 22:40:27] Matchings - CX: 65, U3: 60, Depth: 95
[2025-01-07 22:40:27] Computing Pauli decomposition
[2025-01-07 22:40:28] Pauli - CX: 74, U3: 124, Depth: 136
[2025-01-07 22:40:28] Successfully processed graph 86 - Category: win
[2025-01-07 22:40:28] 
Processing graph 87/200
[2025-01-07 22:40:28] Graph 87 has 16 nodes and 32 edges
[2025-01-07 22:40:28] Converted to 32 bitstring edges
[2025-01-07 22:40:28] Computing Matchings Dynamic walk
[2025-01-07 22:40:29] Matchings - CX: 73, U3: 74, Depth: 113
[2025-01-07 22:40:29] Computing Pauli decomposition
[2025-01-07 22:40:29] Pauli - CX: 68, U3: 122, Depth: 128
[2025-01-07 22:40:29] Successfully processed graph 87 - Category: lose
[2025-01-07 22:40:29] 
Processing graph 88/200
[2025-01-07 22:40:29] Graph 88 has 16 nodes and 37 edges
[2025-01-07 22:40:29] Converted to 37 bitstring edges
[2025-01-07 22:40:29] Computing Matchings Dynamic walk
[2025-01-07 22:40:30] Matchings - CX: 46, U3: 52, Depth: 74
[2025-01-07 22:40:30] Computing Pauli decomposition
[2025-01-07 22:40:30] Pauli - CX: 59, U3: 93, Depth: 106
[2025-01-07 22:40:30] Successfully processed graph 88 - Category: win
[2025-01-07 22:40:30] 
Processing graph 89/200
[2025-01-07 22:40:30] Graph 89 has 16 nodes and 37 edges
[2025-01-07 22:40:30] Converted to 37 bitstring edges
[2025-01-07 22:40:30] Computing Matchings Dynamic walk
[2025-01-07 22:40:31] Matchings - CX: 60, U3: 58, Depth: 94
[2025-01-07 22:40:31] Computing Pauli decomposition
[2025-01-07 22:40:31] Pauli - CX: 73, U3: 123, Depth: 135
[2025-01-07 22:40:31] Successfully processed graph 89 - Category: win
[2025-01-07 22:40:31] 
Processing graph 90/200
[2025-01-07 22:40:31] Graph 90 has 16 nodes and 37 edges
[2025-01-07 22:40:31] Converted to 37 bitstring edges
[2025-01-07 22:40:31] Computing Matchings Dynamic walk
[2025-01-07 22:40:32] Matchings - CX: 65, U3: 60, Depth: 97
[2025-01-07 22:40:32] Computing Pauli decomposition
[2025-01-07 22:40:32] Pauli - CX: 70, U3: 126, Depth: 133
[2025-01-07 22:40:32] Successfully processed graph 90 - Category: win
[2025-01-07 22:40:32] 
Processing graph 91/200
[2025-01-07 22:40:32] Graph 91 has 16 nodes and 36 edges
[2025-01-07 22:40:32] Converted to 36 bitstring edges
[2025-01-07 22:40:32] Computing Matchings Dynamic walk
[2025-01-07 22:40:33] Matchings - CX: 50, U3: 41, Depth: 73
[2025-01-07 22:40:33] Computing Pauli decomposition
[2025-01-07 22:40:33] Pauli - CX: 67, U3: 115, Depth: 124
[2025-01-07 22:40:33] Successfully processed graph 91 - Category: win
[2025-01-07 22:40:33] 
Processing graph 92/200
[2025-01-07 22:40:33] Graph 92 has 16 nodes and 34 edges
[2025-01-07 22:40:33] Converted to 34 bitstring edges
[2025-01-07 22:40:33] Computing Matchings Dynamic walk
[2025-01-07 22:40:34] Matchings - CX: 56, U3: 61, Depth: 89
[2025-01-07 22:40:34] Computing Pauli decomposition
[2025-01-07 22:40:34] Pauli - CX: 71, U3: 122, Depth: 132
[2025-01-07 22:40:34] Successfully processed graph 92 - Category: win
[2025-01-07 22:40:34] 
Processing graph 93/200
[2025-01-07 22:40:34] Graph 93 has 16 nodes and 36 edges
[2025-01-07 22:40:34] Converted to 36 bitstring edges
[2025-01-07 22:40:34] Computing Matchings Dynamic walk
[2025-01-07 22:40:35] Matchings - CX: 64, U3: 57, Depth: 95
[2025-01-07 22:40:35] Computing Pauli decomposition
[2025-01-07 22:40:35] Pauli - CX: 67, U3: 110, Depth: 122
[2025-01-07 22:40:35] Successfully processed graph 93 - Category: win
[2025-01-07 22:40:35] 
Processing graph 94/200
[2025-01-07 22:40:35] Graph 94 has 16 nodes and 36 edges
[2025-01-07 22:40:35] Converted to 36 bitstring edges
[2025-01-07 22:40:35] Computing Matchings Dynamic walk
[2025-01-07 22:40:36] Matchings - CX: 58, U3: 58, Depth: 88
[2025-01-07 22:40:36] Computing Pauli decomposition
[2025-01-07 22:40:36] Pauli - CX: 65, U3: 116, Depth: 124
[2025-01-07 22:40:36] Successfully processed graph 94 - Category: win
[2025-01-07 22:40:36] 
Processing graph 95/200
[2025-01-07 22:40:36] Graph 95 has 16 nodes and 33 edges
[2025-01-07 22:40:36] Converted to 33 bitstring edges
[2025-01-07 22:40:36] Computing Matchings Dynamic walk
[2025-01-07 22:40:37] Matchings - CX: 57, U3: 50, Depth: 84
[2025-01-07 22:40:37] Computing Pauli decomposition
[2025-01-07 22:40:37] Pauli - CX: 59, U3: 107, Depth: 111
[2025-01-07 22:40:37] Successfully processed graph 95 - Category: win
[2025-01-07 22:40:37] 
Processing graph 96/200
[2025-01-07 22:40:37] Graph 96 has 16 nodes and 35 edges
[2025-01-07 22:40:37] Converted to 35 bitstring edges
[2025-01-07 22:40:37] Computing Matchings Dynamic walk
[2025-01-07 22:40:38] Matchings - CX: 56, U3: 47, Depth: 82
[2025-01-07 22:40:38] Computing Pauli decomposition
[2025-01-07 22:40:38] Pauli - CX: 72, U3: 121, Depth: 131
[2025-01-07 22:40:38] Successfully processed graph 96 - Category: win
[2025-01-07 22:40:38] 
Processing graph 97/200
[2025-01-07 22:40:38] Graph 97 has 16 nodes and 37 edges
[2025-01-07 22:40:38] Converted to 37 bitstring edges
[2025-01-07 22:40:38] Computing Matchings Dynamic walk
[2025-01-07 22:40:39] Matchings - CX: 81, U3: 72, Depth: 120
[2025-01-07 22:40:39] Computing Pauli decomposition
[2025-01-07 22:40:39] Pauli - CX: 65, U3: 113, Depth: 121
[2025-01-07 22:40:39] Successfully processed graph 97 - Category: lose
[2025-01-07 22:40:39] 
Processing graph 98/200
[2025-01-07 22:40:39] Graph 98 has 16 nodes and 38 edges
[2025-01-07 22:40:39] Converted to 38 bitstring edges
[2025-01-07 22:40:39] Computing Matchings Dynamic walk
[2025-01-07 22:40:40] Matchings - CX: 44, U3: 38, Depth: 66
[2025-01-07 22:40:40] Computing Pauli decomposition
[2025-01-07 22:40:40] Pauli - CX: 60, U3: 98, Depth: 111
[2025-01-07 22:40:40] Successfully processed graph 98 - Category: win
[2025-01-07 22:40:40] 
Processing graph 99/200
[2025-01-07 22:40:40] Graph 99 has 16 nodes and 36 edges
[2025-01-07 22:40:40] Converted to 36 bitstring edges
[2025-01-07 22:40:40] Computing Matchings Dynamic walk
[2025-01-07 22:40:41] Matchings - CX: 66, U3: 67, Depth: 103
[2025-01-07 22:40:41] Computing Pauli decomposition
[2025-01-07 22:40:41] Pauli - CX: 73, U3: 129, Depth: 137
[2025-01-07 22:40:41] Successfully processed graph 99 - Category: win
[2025-01-07 22:40:41] 
Processing graph 100/200
[2025-01-07 22:40:41] Graph 100 has 16 nodes and 37 edges
[2025-01-07 22:40:41] Converted to 37 bitstring edges
[2025-01-07 22:40:41] Computing Matchings Dynamic walk
[2025-01-07 22:40:42] Matchings - CX: 59, U3: 61, Depth: 89
[2025-01-07 22:40:42] Computing Pauli decomposition
[2025-01-07 22:40:42] Pauli - CX: 53, U3: 88, Depth: 97
[2025-01-07 22:40:42] Successfully processed graph 100 - Category: lose
[2025-01-07 22:40:42] 
Processing graph 101/200
[2025-01-07 22:40:42] Graph 101 has 16 nodes and 35 edges
[2025-01-07 22:40:42] Converted to 35 bitstring edges
[2025-01-07 22:40:42] Computing Matchings Dynamic walk
[2025-01-07 22:40:43] Matchings - CX: 51, U3: 49, Depth: 76
[2025-01-07 22:40:43] Computing Pauli decomposition
[2025-01-07 22:40:43] Pauli - CX: 66, U3: 116, Depth: 124
[2025-01-07 22:40:43] Successfully processed graph 101 - Category: win
[2025-01-07 22:40:43] 
Processing graph 102/200
[2025-01-07 22:40:43] Graph 102 has 16 nodes and 31 edges
[2025-01-07 22:40:43] Converted to 31 bitstring edges
[2025-01-07 22:40:43] Computing Matchings Dynamic walk
[2025-01-07 22:40:44] Matchings - CX: 45, U3: 52, Depth: 73
[2025-01-07 22:40:44] Computing Pauli decomposition
[2025-01-07 22:40:44] Pauli - CX: 63, U3: 107, Depth: 117
[2025-01-07 22:40:44] Successfully processed graph 102 - Category: win
[2025-01-07 22:40:44] 
Processing graph 103/200
[2025-01-07 22:40:44] Graph 103 has 16 nodes and 37 edges
[2025-01-07 22:40:44] Converted to 37 bitstring edges
[2025-01-07 22:40:44] Computing Matchings Dynamic walk
[2025-01-07 22:40:45] Matchings - CX: 65, U3: 67, Depth: 99
[2025-01-07 22:40:45] Computing Pauli decomposition
[2025-01-07 22:40:45] Pauli - CX: 69, U3: 118, Depth: 128
[2025-01-07 22:40:45] Successfully processed graph 103 - Category: win
[2025-01-07 22:40:45] 
Processing graph 104/200
[2025-01-07 22:40:45] Graph 104 has 16 nodes and 34 edges
[2025-01-07 22:40:45] Converted to 34 bitstring edges
[2025-01-07 22:40:45] Computing Matchings Dynamic walk
[2025-01-07 22:40:46] Matchings - CX: 60, U3: 58, Depth: 87
[2025-01-07 22:40:46] Computing Pauli decomposition
[2025-01-07 22:40:47] Pauli - CX: 73, U3: 120, Depth: 136
[2025-01-07 22:40:47] Successfully processed graph 104 - Category: win
[2025-01-07 22:40:47] 
Processing graph 105/200
[2025-01-07 22:40:47] Graph 105 has 16 nodes and 35 edges
[2025-01-07 22:40:47] Converted to 35 bitstring edges
[2025-01-07 22:40:47] Computing Matchings Dynamic walk
[2025-01-07 22:40:47] Matchings - CX: 59, U3: 51, Depth: 87
[2025-01-07 22:40:47] Computing Pauli decomposition
[2025-01-07 22:40:48] Pauli - CX: 65, U3: 117, Depth: 123
[2025-01-07 22:40:48] Successfully processed graph 105 - Category: win
[2025-01-07 22:40:48] 
Processing graph 106/200
[2025-01-07 22:40:48] Graph 106 has 16 nodes and 36 edges
[2025-01-07 22:40:48] Converted to 36 bitstring edges
[2025-01-07 22:40:48] Computing Matchings Dynamic walk
[2025-01-07 22:40:48] Matchings - CX: 73, U3: 68, Depth: 112
[2025-01-07 22:40:48] Computing Pauli decomposition
[2025-01-07 22:40:49] Pauli - CX: 78, U3: 129, Depth: 144
[2025-01-07 22:40:49] Successfully processed graph 106 - Category: win
[2025-01-07 22:40:49] 
Processing graph 107/200
[2025-01-07 22:40:49] Graph 107 has 16 nodes and 33 edges
[2025-01-07 22:40:49] Converted to 33 bitstring edges
[2025-01-07 22:40:49] Computing Matchings Dynamic walk
[2025-01-07 22:40:49] Matchings - CX: 44, U3: 49, Depth: 67
[2025-01-07 22:40:49] Computing Pauli decomposition
[2025-01-07 22:40:50] Pauli - CX: 78, U3: 136, Depth: 148
[2025-01-07 22:40:50] Successfully processed graph 107 - Category: win
[2025-01-07 22:40:50] 
Processing graph 108/200
[2025-01-07 22:40:50] Graph 108 has 16 nodes and 37 edges
[2025-01-07 22:40:50] Converted to 37 bitstring edges
[2025-01-07 22:40:50] Computing Matchings Dynamic walk
[2025-01-07 22:40:50] Matchings - CX: 60, U3: 52, Depth: 88
[2025-01-07 22:40:50] Computing Pauli decomposition
[2025-01-07 22:40:51] Pauli - CX: 73, U3: 131, Depth: 137
[2025-01-07 22:40:51] Successfully processed graph 108 - Category: win
[2025-01-07 22:40:51] 
Processing graph 109/200
[2025-01-07 22:40:51] Graph 109 has 16 nodes and 38 edges
[2025-01-07 22:40:51] Converted to 38 bitstring edges
[2025-01-07 22:40:51] Computing Matchings Dynamic walk
[2025-01-07 22:40:51] Matchings - CX: 68, U3: 62, Depth: 102
[2025-01-07 22:40:51] Computing Pauli decomposition
[2025-01-07 22:40:52] Pauli - CX: 78, U3: 136, Depth: 146
[2025-01-07 22:40:52] Successfully processed graph 109 - Category: win
[2025-01-07 22:40:52] 
Processing graph 110/200
[2025-01-07 22:40:52] Graph 110 has 16 nodes and 36 edges
[2025-01-07 22:40:52] Converted to 36 bitstring edges
[2025-01-07 22:40:52] Computing Matchings Dynamic walk
[2025-01-07 22:40:52] Matchings - CX: 65, U3: 54, Depth: 92
[2025-01-07 22:40:52] Computing Pauli decomposition
[2025-01-07 22:40:53] Pauli - CX: 78, U3: 138, Depth: 146
[2025-01-07 22:40:53] Successfully processed graph 110 - Category: win
[2025-01-07 22:40:53] 
Processing graph 111/200
[2025-01-07 22:40:53] Graph 111 has 16 nodes and 34 edges
[2025-01-07 22:40:53] Converted to 34 bitstring edges
[2025-01-07 22:40:53] Computing Matchings Dynamic walk
[2025-01-07 22:40:54] Matchings - CX: 66, U3: 60, Depth: 101
[2025-01-07 22:40:54] Computing Pauli decomposition
[2025-01-07 22:40:54] Pauli - CX: 70, U3: 121, Depth: 131
[2025-01-07 22:40:54] Successfully processed graph 111 - Category: win
[2025-01-07 22:40:54] 
Processing graph 112/200
[2025-01-07 22:40:54] Graph 112 has 16 nodes and 35 edges
[2025-01-07 22:40:54] Converted to 35 bitstring edges
[2025-01-07 22:40:54] Computing Matchings Dynamic walk
[2025-01-07 22:40:55] Matchings - CX: 57, U3: 52, Depth: 86
[2025-01-07 22:40:55] Computing Pauli decomposition
[2025-01-07 22:40:55] Pauli - CX: 69, U3: 117, Depth: 127
[2025-01-07 22:40:55] Successfully processed graph 112 - Category: win
[2025-01-07 22:40:55] 
Processing graph 113/200
[2025-01-07 22:40:55] Graph 113 has 16 nodes and 36 edges
[2025-01-07 22:40:55] Converted to 36 bitstring edges
[2025-01-07 22:40:55] Computing Matchings Dynamic walk
[2025-01-07 22:40:56] Matchings - CX: 76, U3: 69, Depth: 111
[2025-01-07 22:40:56] Computing Pauli decomposition
[2025-01-07 22:40:56] Pauli - CX: 73, U3: 125, Depth: 135
[2025-01-07 22:40:56] Successfully processed graph 113 - Category: lose
[2025-01-07 22:40:56] 
Processing graph 114/200
[2025-01-07 22:40:56] Graph 114 has 16 nodes and 35 edges
[2025-01-07 22:40:56] Converted to 35 bitstring edges
[2025-01-07 22:40:56] Computing Matchings Dynamic walk
[2025-01-07 22:40:57] Matchings - CX: 59, U3: 52, Depth: 88
[2025-01-07 22:40:57] Computing Pauli decomposition
[2025-01-07 22:40:57] Pauli - CX: 68, U3: 116, Depth: 125
[2025-01-07 22:40:57] Successfully processed graph 114 - Category: win
[2025-01-07 22:40:57] 
Processing graph 115/200
[2025-01-07 22:40:57] Graph 115 has 16 nodes and 38 edges
[2025-01-07 22:40:57] Converted to 38 bitstring edges
[2025-01-07 22:40:57] Computing Matchings Dynamic walk
[2025-01-07 22:40:58] Matchings - CX: 76, U3: 63, Depth: 111
[2025-01-07 22:40:58] Computing Pauli decomposition
[2025-01-07 22:40:58] Pauli - CX: 78, U3: 131, Depth: 145
[2025-01-07 22:40:58] Successfully processed graph 115 - Category: win
[2025-01-07 22:40:58] 
Processing graph 116/200
[2025-01-07 22:40:58] Graph 116 has 16 nodes and 34 edges
[2025-01-07 22:40:58] Converted to 34 bitstring edges
[2025-01-07 22:40:58] Computing Matchings Dynamic walk
[2025-01-07 22:40:59] Matchings - CX: 68, U3: 71, Depth: 100
[2025-01-07 22:40:59] Computing Pauli decomposition
[2025-01-07 22:40:59] Pauli - CX: 72, U3: 115, Depth: 132
[2025-01-07 22:40:59] Successfully processed graph 116 - Category: win
[2025-01-07 22:40:59] 
Processing graph 117/200
[2025-01-07 22:40:59] Graph 117 has 16 nodes and 35 edges
[2025-01-07 22:40:59] Converted to 35 bitstring edges
[2025-01-07 22:40:59] Computing Matchings Dynamic walk
[2025-01-07 22:41:00] Matchings - CX: 55, U3: 53, Depth: 86
[2025-01-07 22:41:00] Computing Pauli decomposition
[2025-01-07 22:41:00] Pauli - CX: 74, U3: 127, Depth: 139
[2025-01-07 22:41:00] Successfully processed graph 117 - Category: win
[2025-01-07 22:41:00] 
Processing graph 118/200
[2025-01-07 22:41:00] Graph 118 has 16 nodes and 35 edges
[2025-01-07 22:41:00] Converted to 35 bitstring edges
[2025-01-07 22:41:00] Computing Matchings Dynamic walk
[2025-01-07 22:41:01] Matchings - CX: 42, U3: 44, Depth: 64
[2025-01-07 22:41:01] Computing Pauli decomposition
[2025-01-07 22:41:01] Pauli - CX: 58, U3: 102, Depth: 108
[2025-01-07 22:41:01] Successfully processed graph 118 - Category: win
[2025-01-07 22:41:01] 
Processing graph 119/200
[2025-01-07 22:41:01] Graph 119 has 16 nodes and 36 edges
[2025-01-07 22:41:01] Converted to 36 bitstring edges
[2025-01-07 22:41:01] Computing Matchings Dynamic walk
[2025-01-07 22:41:02] Matchings - CX: 43, U3: 41, Depth: 66
[2025-01-07 22:41:02] Computing Pauli decomposition
[2025-01-07 22:41:02] Pauli - CX: 75, U3: 119, Depth: 138
[2025-01-07 22:41:02] Successfully processed graph 119 - Category: win
[2025-01-07 22:41:02] 
Processing graph 120/200
[2025-01-07 22:41:02] Graph 120 has 16 nodes and 35 edges
[2025-01-07 22:41:02] Converted to 35 bitstring edges
[2025-01-07 22:41:02] Computing Matchings Dynamic walk
[2025-01-07 22:41:03] Matchings - CX: 60, U3: 59, Depth: 91
[2025-01-07 22:41:03] Computing Pauli decomposition
[2025-01-07 22:41:03] Pauli - CX: 78, U3: 133, Depth: 144
[2025-01-07 22:41:03] Successfully processed graph 120 - Category: win
[2025-01-07 22:41:03] 
Processing graph 121/200
[2025-01-07 22:41:03] Graph 121 has 16 nodes and 33 edges
[2025-01-07 22:41:03] Converted to 33 bitstring edges
[2025-01-07 22:41:03] Computing Matchings Dynamic walk
[2025-01-07 22:41:04] Matchings - CX: 49, U3: 44, Depth: 73
[2025-01-07 22:41:04] Computing Pauli decomposition
[2025-01-07 22:41:04] Pauli - CX: 78, U3: 133, Depth: 145
[2025-01-07 22:41:04] Successfully processed graph 121 - Category: win
[2025-01-07 22:41:04] 
Processing graph 122/200
[2025-01-07 22:41:04] Graph 122 has 16 nodes and 35 edges
[2025-01-07 22:41:04] Converted to 35 bitstring edges
[2025-01-07 22:41:04] Computing Matchings Dynamic walk
[2025-01-07 22:41:05] Matchings - CX: 70, U3: 64, Depth: 104
[2025-01-07 22:41:05] Computing Pauli decomposition
[2025-01-07 22:41:05] Pauli - CX: 70, U3: 110, Depth: 127
[2025-01-07 22:41:05] Successfully processed graph 122 - Category: draw
[2025-01-07 22:41:05] 
Processing graph 123/200
[2025-01-07 22:41:05] Graph 123 has 16 nodes and 37 edges
[2025-01-07 22:41:05] Converted to 37 bitstring edges
[2025-01-07 22:41:05] Computing Matchings Dynamic walk
[2025-01-07 22:41:06] Matchings - CX: 52, U3: 47, Depth: 80
[2025-01-07 22:41:06] Computing Pauli decomposition
[2025-01-07 22:41:07] Pauli - CX: 71, U3: 121, Depth: 130
[2025-01-07 22:41:07] Successfully processed graph 123 - Category: win
[2025-01-07 22:41:07] 
Processing graph 124/200
[2025-01-07 22:41:07] Graph 124 has 16 nodes and 36 edges
[2025-01-07 22:41:07] Converted to 36 bitstring edges
[2025-01-07 22:41:07] Computing Matchings Dynamic walk
[2025-01-07 22:41:07] Matchings - CX: 34, U3: 38, Depth: 54
[2025-01-07 22:41:07] Computing Pauli decomposition
[2025-01-07 22:41:08] Pauli - CX: 73, U3: 124, Depth: 134
[2025-01-07 22:41:08] Successfully processed graph 124 - Category: win
[2025-01-07 22:41:08] 
Processing graph 125/200
[2025-01-07 22:41:08] Graph 125 has 16 nodes and 34 edges
[2025-01-07 22:41:08] Converted to 34 bitstring edges
[2025-01-07 22:41:08] Computing Matchings Dynamic walk
[2025-01-07 22:41:08] Matchings - CX: 45, U3: 51, Depth: 73
[2025-01-07 22:41:08] Computing Pauli decomposition
[2025-01-07 22:41:09] Pauli - CX: 65, U3: 104, Depth: 117
[2025-01-07 22:41:09] Successfully processed graph 125 - Category: win
[2025-01-07 22:41:09] 
Processing graph 126/200
[2025-01-07 22:41:09] Graph 126 has 16 nodes and 35 edges
[2025-01-07 22:41:09] Converted to 35 bitstring edges
[2025-01-07 22:41:09] Computing Matchings Dynamic walk
[2025-01-07 22:41:09] Matchings - CX: 72, U3: 62, Depth: 105
[2025-01-07 22:41:09] Computing Pauli decomposition
[2025-01-07 22:41:10] Pauli - CX: 78, U3: 132, Depth: 144
[2025-01-07 22:41:10] Successfully processed graph 126 - Category: win
[2025-01-07 22:41:10] 
Processing graph 127/200
[2025-01-07 22:41:10] Graph 127 has 16 nodes and 35 edges
[2025-01-07 22:41:10] Converted to 35 bitstring edges
[2025-01-07 22:41:10] Computing Matchings Dynamic walk
[2025-01-07 22:41:10] Matchings - CX: 61, U3: 53, Depth: 91
[2025-01-07 22:41:10] Computing Pauli decomposition
[2025-01-07 22:41:11] Pauli - CX: 78, U3: 132, Depth: 144
[2025-01-07 22:41:11] Successfully processed graph 127 - Category: win
[2025-01-07 22:41:11] 
Processing graph 128/200
[2025-01-07 22:41:11] Graph 128 has 16 nodes and 34 edges
[2025-01-07 22:41:11] Converted to 34 bitstring edges
[2025-01-07 22:41:11] Computing Matchings Dynamic walk
[2025-01-07 22:41:11] Matchings - CX: 46, U3: 48, Depth: 72
[2025-01-07 22:41:11] Computing Pauli decomposition
[2025-01-07 22:41:12] Pauli - CX: 65, U3: 113, Depth: 122
[2025-01-07 22:41:12] Successfully processed graph 128 - Category: win
[2025-01-07 22:41:12] 
Processing graph 129/200
[2025-01-07 22:41:12] Graph 129 has 16 nodes and 36 edges
[2025-01-07 22:41:12] Converted to 36 bitstring edges
[2025-01-07 22:41:12] Computing Matchings Dynamic walk
[2025-01-07 22:41:12] Matchings - CX: 91, U3: 83, Depth: 134
[2025-01-07 22:41:12] Computing Pauli decomposition
[2025-01-07 22:41:13] Pauli - CX: 78, U3: 126, Depth: 143
[2025-01-07 22:41:13] Successfully processed graph 129 - Category: lose
[2025-01-07 22:41:13] 
Processing graph 130/200
[2025-01-07 22:41:13] Graph 130 has 16 nodes and 39 edges
[2025-01-07 22:41:13] Converted to 39 bitstring edges
[2025-01-07 22:41:13] Computing Matchings Dynamic walk
[2025-01-07 22:41:13] Matchings - CX: 70, U3: 71, Depth: 108
[2025-01-07 22:41:13] Computing Pauli decomposition
[2025-01-07 22:41:14] Pauli - CX: 68, U3: 105, Depth: 122
[2025-01-07 22:41:14] Successfully processed graph 130 - Category: lose
[2025-01-07 22:41:14] 
Processing graph 131/200
[2025-01-07 22:41:14] Graph 131 has 16 nodes and 33 edges
[2025-01-07 22:41:14] Converted to 33 bitstring edges
[2025-01-07 22:41:14] Computing Matchings Dynamic walk
[2025-01-07 22:41:14] Matchings - CX: 71, U3: 68, Depth: 107
[2025-01-07 22:41:14] Computing Pauli decomposition
[2025-01-07 22:41:15] Pauli - CX: 69, U3: 115, Depth: 129
[2025-01-07 22:41:15] Successfully processed graph 131 - Category: lose
[2025-01-07 22:41:15] 
Processing graph 132/200
[2025-01-07 22:41:15] Graph 132 has 16 nodes and 37 edges
[2025-01-07 22:41:15] Converted to 37 bitstring edges
[2025-01-07 22:41:15] Computing Matchings Dynamic walk
[2025-01-07 22:41:15] Matchings - CX: 62, U3: 64, Depth: 96
[2025-01-07 22:41:15] Computing Pauli decomposition
[2025-01-07 22:41:16] Pauli - CX: 68, U3: 117, Depth: 126
[2025-01-07 22:41:16] Successfully processed graph 132 - Category: win
[2025-01-07 22:41:16] 
Processing graph 133/200
[2025-01-07 22:41:16] Graph 133 has 16 nodes and 34 edges
[2025-01-07 22:41:16] Converted to 34 bitstring edges
[2025-01-07 22:41:16] Computing Matchings Dynamic walk
[2025-01-07 22:41:16] Matchings - CX: 40, U3: 41, Depth: 63
[2025-01-07 22:41:16] Computing Pauli decomposition
[2025-01-07 22:41:17] Pauli - CX: 78, U3: 133, Depth: 145
[2025-01-07 22:41:17] Successfully processed graph 133 - Category: win
[2025-01-07 22:41:17] 
Processing graph 134/200
[2025-01-07 22:41:17] Graph 134 has 16 nodes and 35 edges
[2025-01-07 22:41:17] Converted to 35 bitstring edges
[2025-01-07 22:41:17] Computing Matchings Dynamic walk
[2025-01-07 22:41:17] Matchings - CX: 54, U3: 54, Depth: 83
[2025-01-07 22:41:17] Computing Pauli decomposition
[2025-01-07 22:41:18] Pauli - CX: 75, U3: 127, Depth: 139
[2025-01-07 22:41:18] Successfully processed graph 134 - Category: win
[2025-01-07 22:41:18] 
Processing graph 135/200
[2025-01-07 22:41:18] Graph 135 has 16 nodes and 38 edges
[2025-01-07 22:41:18] Converted to 38 bitstring edges
[2025-01-07 22:41:18] Computing Matchings Dynamic walk
[2025-01-07 22:41:19] Matchings - CX: 72, U3: 52, Depth: 98
[2025-01-07 22:41:19] Computing Pauli decomposition
[2025-01-07 22:41:19] Pauli - CX: 73, U3: 123, Depth: 133
[2025-01-07 22:41:19] Successfully processed graph 135 - Category: win
[2025-01-07 22:41:19] 
Processing graph 136/200
[2025-01-07 22:41:19] Graph 136 has 16 nodes and 35 edges
[2025-01-07 22:41:19] Converted to 35 bitstring edges
[2025-01-07 22:41:19] Computing Matchings Dynamic walk
[2025-01-07 22:41:20] Matchings - CX: 35, U3: 35, Depth: 54
[2025-01-07 22:41:20] Computing Pauli decomposition
[2025-01-07 22:41:20] Pauli - CX: 72, U3: 126, Depth: 135
[2025-01-07 22:41:20] Successfully processed graph 136 - Category: win
[2025-01-07 22:41:20] 
Processing graph 137/200
[2025-01-07 22:41:20] Graph 137 has 16 nodes and 33 edges
[2025-01-07 22:41:20] Converted to 33 bitstring edges
[2025-01-07 22:41:20] Computing Matchings Dynamic walk
[2025-01-07 22:41:21] Matchings - CX: 51, U3: 53, Depth: 78
[2025-01-07 22:41:21] Computing Pauli decomposition
[2025-01-07 22:41:21] Pauli - CX: 75, U3: 128, Depth: 139
[2025-01-07 22:41:21] Successfully processed graph 137 - Category: win
[2025-01-07 22:41:21] 
Processing graph 138/200
[2025-01-07 22:41:21] Graph 138 has 16 nodes and 35 edges
[2025-01-07 22:41:21] Converted to 35 bitstring edges
[2025-01-07 22:41:21] Computing Matchings Dynamic walk
[2025-01-07 22:41:22] Matchings - CX: 58, U3: 51, Depth: 86
[2025-01-07 22:41:22] Computing Pauli decomposition
[2025-01-07 22:41:22] Pauli - CX: 70, U3: 116, Depth: 127
[2025-01-07 22:41:22] Successfully processed graph 138 - Category: win
[2025-01-07 22:41:22] 
Processing graph 139/200
[2025-01-07 22:41:22] Graph 139 has 16 nodes and 39 edges
[2025-01-07 22:41:22] Converted to 39 bitstring edges
[2025-01-07 22:41:22] Computing Matchings Dynamic walk
[2025-01-07 22:41:23] Matchings - CX: 53, U3: 51, Depth: 81
[2025-01-07 22:41:23] Computing Pauli decomposition
[2025-01-07 22:41:23] Pauli - CX: 62, U3: 109, Depth: 116
[2025-01-07 22:41:23] Successfully processed graph 139 - Category: win
[2025-01-07 22:41:23] 
Processing graph 140/200
[2025-01-07 22:41:23] Graph 140 has 16 nodes and 33 edges
[2025-01-07 22:41:23] Converted to 33 bitstring edges
[2025-01-07 22:41:23] Computing Matchings Dynamic walk
[2025-01-07 22:41:24] Matchings - CX: 75, U3: 74, Depth: 114
[2025-01-07 22:41:24] Computing Pauli decomposition
[2025-01-07 22:41:24] Pauli - CX: 70, U3: 117, Depth: 127
[2025-01-07 22:41:24] Successfully processed graph 140 - Category: lose
[2025-01-07 22:41:24] 
Processing graph 141/200
[2025-01-07 22:41:24] Graph 141 has 16 nodes and 35 edges
[2025-01-07 22:41:24] Converted to 35 bitstring edges
[2025-01-07 22:41:24] Computing Matchings Dynamic walk
[2025-01-07 22:41:25] Matchings - CX: 50, U3: 51, Depth: 78
[2025-01-07 22:41:25] Computing Pauli decomposition
[2025-01-07 22:41:25] Pauli - CX: 72, U3: 121, Depth: 133
[2025-01-07 22:41:25] Successfully processed graph 141 - Category: win
[2025-01-07 22:41:25] 
Processing graph 142/200
[2025-01-07 22:41:25] Graph 142 has 16 nodes and 35 edges
[2025-01-07 22:41:25] Converted to 35 bitstring edges
[2025-01-07 22:41:25] Computing Matchings Dynamic walk
[2025-01-07 22:41:26] Matchings - CX: 51, U3: 48, Depth: 77
[2025-01-07 22:41:26] Computing Pauli decomposition
[2025-01-07 22:41:26] Pauli - CX: 63, U3: 108, Depth: 118
[2025-01-07 22:41:26] Successfully processed graph 142 - Category: win
[2025-01-07 22:41:26] 
Processing graph 143/200
[2025-01-07 22:41:26] Graph 143 has 16 nodes and 33 edges
[2025-01-07 22:41:26] Converted to 33 bitstring edges
[2025-01-07 22:41:26] Computing Matchings Dynamic walk
[2025-01-07 22:41:27] Matchings - CX: 66, U3: 65, Depth: 98
[2025-01-07 22:41:27] Computing Pauli decomposition
[2025-01-07 22:41:27] Pauli - CX: 68, U3: 119, Depth: 129
[2025-01-07 22:41:27] Successfully processed graph 143 - Category: win
[2025-01-07 22:41:27] 
Processing graph 144/200
[2025-01-07 22:41:27] Graph 144 has 16 nodes and 36 edges
[2025-01-07 22:41:27] Converted to 36 bitstring edges
[2025-01-07 22:41:27] Computing Matchings Dynamic walk
[2025-01-07 22:41:28] Matchings - CX: 53, U3: 46, Depth: 79
[2025-01-07 22:41:28] Computing Pauli decomposition
[2025-01-07 22:41:28] Pauli - CX: 70, U3: 124, Depth: 131
[2025-01-07 22:41:28] Successfully processed graph 144 - Category: win
[2025-01-07 22:41:28] 
Processing graph 145/200
[2025-01-07 22:41:28] Graph 145 has 16 nodes and 34 edges
[2025-01-07 22:41:28] Converted to 34 bitstring edges
[2025-01-07 22:41:28] Computing Matchings Dynamic walk
[2025-01-07 22:41:29] Matchings - CX: 63, U3: 62, Depth: 97
[2025-01-07 22:41:29] Computing Pauli decomposition
[2025-01-07 22:41:29] Pauli - CX: 69, U3: 119, Depth: 128
[2025-01-07 22:41:29] Successfully processed graph 145 - Category: win
[2025-01-07 22:41:29] 
Processing graph 146/200
[2025-01-07 22:41:29] Graph 146 has 16 nodes and 35 edges
[2025-01-07 22:41:29] Converted to 35 bitstring edges
[2025-01-07 22:41:29] Computing Matchings Dynamic walk
[2025-01-07 22:41:30] Matchings - CX: 47, U3: 48, Depth: 73
[2025-01-07 22:41:30] Computing Pauli decomposition
[2025-01-07 22:41:30] Pauli - CX: 73, U3: 128, Depth: 138
[2025-01-07 22:41:30] Successfully processed graph 146 - Category: win
[2025-01-07 22:41:30] 
Processing graph 147/200
[2025-01-07 22:41:30] Graph 147 has 16 nodes and 33 edges
[2025-01-07 22:41:30] Converted to 33 bitstring edges
[2025-01-07 22:41:30] Computing Matchings Dynamic walk
[2025-01-07 22:41:31] Matchings - CX: 48, U3: 51, Depth: 75
[2025-01-07 22:41:31] Computing Pauli decomposition
[2025-01-07 22:41:31] Pauli - CX: 74, U3: 125, Depth: 137
[2025-01-07 22:41:31] Successfully processed graph 147 - Category: win
[2025-01-07 22:41:31] 
Processing graph 148/200
[2025-01-07 22:41:31] Graph 148 has 16 nodes and 35 edges
[2025-01-07 22:41:31] Converted to 35 bitstring edges
[2025-01-07 22:41:31] Computing Matchings Dynamic walk
[2025-01-07 22:41:32] Matchings - CX: 50, U3: 50, Depth: 76
[2025-01-07 22:41:32] Computing Pauli decomposition
[2025-01-07 22:41:32] Pauli - CX: 67, U3: 115, Depth: 126
[2025-01-07 22:41:32] Successfully processed graph 148 - Category: win
[2025-01-07 22:41:32] 
Processing graph 149/200
[2025-01-07 22:41:32] Graph 149 has 16 nodes and 33 edges
[2025-01-07 22:41:32] Converted to 33 bitstring edges
[2025-01-07 22:41:32] Computing Matchings Dynamic walk
[2025-01-07 22:41:33] Matchings - CX: 31, U3: 35, Depth: 52
[2025-01-07 22:41:33] Computing Pauli decomposition
[2025-01-07 22:41:33] Pauli - CX: 68, U3: 126, Depth: 130
[2025-01-07 22:41:33] Successfully processed graph 149 - Category: win
[2025-01-07 22:41:33] 
Processing graph 150/200
[2025-01-07 22:41:33] Graph 150 has 16 nodes and 34 edges
[2025-01-07 22:41:33] Converted to 34 bitstring edges
[2025-01-07 22:41:33] Computing Matchings Dynamic walk
[2025-01-07 22:41:34] Matchings - CX: 67, U3: 63, Depth: 99
[2025-01-07 22:41:34] Computing Pauli decomposition
[2025-01-07 22:41:34] Pauli - CX: 68, U3: 124, Depth: 128
[2025-01-07 22:41:34] Successfully processed graph 150 - Category: win
[2025-01-07 22:41:34] 
Processing graph 151/200
[2025-01-07 22:41:34] Graph 151 has 16 nodes and 38 edges
[2025-01-07 22:41:34] Converted to 38 bitstring edges
[2025-01-07 22:41:34] Computing Matchings Dynamic walk
[2025-01-07 22:41:35] Matchings - CX: 92, U3: 82, Depth: 130
[2025-01-07 22:41:35] Computing Pauli decomposition
[2025-01-07 22:41:35] Pauli - CX: 62, U3: 101, Depth: 113
[2025-01-07 22:41:35] Successfully processed graph 151 - Category: lose
[2025-01-07 22:41:35] 
Processing graph 152/200
[2025-01-07 22:41:35] Graph 152 has 16 nodes and 33 edges
[2025-01-07 22:41:35] Converted to 33 bitstring edges
[2025-01-07 22:41:35] Computing Matchings Dynamic walk
[2025-01-07 22:41:36] Matchings - CX: 60, U3: 58, Depth: 91
[2025-01-07 22:41:36] Computing Pauli decomposition
[2025-01-07 22:41:36] Pauli - CX: 75, U3: 116, Depth: 135
[2025-01-07 22:41:36] Successfully processed graph 152 - Category: win
[2025-01-07 22:41:36] 
Processing graph 153/200
[2025-01-07 22:41:36] Graph 153 has 16 nodes and 34 edges
[2025-01-07 22:41:36] Converted to 34 bitstring edges
[2025-01-07 22:41:36] Computing Matchings Dynamic walk
[2025-01-07 22:41:37] Matchings - CX: 64, U3: 53, Depth: 95
[2025-01-07 22:41:37] Computing Pauli decomposition
[2025-01-07 22:41:37] Pauli - CX: 64, U3: 116, Depth: 121
[2025-01-07 22:41:37] Successfully processed graph 153 - Category: draw
[2025-01-07 22:41:37] 
Processing graph 154/200
[2025-01-07 22:41:37] Graph 154 has 16 nodes and 36 edges
[2025-01-07 22:41:37] Converted to 36 bitstring edges
[2025-01-07 22:41:37] Computing Matchings Dynamic walk
[2025-01-07 22:41:38] Matchings - CX: 81, U3: 69, Depth: 116
[2025-01-07 22:41:38] Computing Pauli decomposition
[2025-01-07 22:41:38] Pauli - CX: 68, U3: 115, Depth: 126
[2025-01-07 22:41:38] Successfully processed graph 154 - Category: lose
[2025-01-07 22:41:38] 
Processing graph 155/200
[2025-01-07 22:41:38] Graph 155 has 16 nodes and 34 edges
[2025-01-07 22:41:38] Converted to 34 bitstring edges
[2025-01-07 22:41:38] Computing Matchings Dynamic walk
[2025-01-07 22:41:39] Matchings - CX: 47, U3: 45, Depth: 72
[2025-01-07 22:41:39] Computing Pauli decomposition
[2025-01-07 22:41:39] Pauli - CX: 67, U3: 117, Depth: 124
[2025-01-07 22:41:39] Successfully processed graph 155 - Category: win
[2025-01-07 22:41:39] 
Processing graph 156/200
[2025-01-07 22:41:39] Graph 156 has 16 nodes and 35 edges
[2025-01-07 22:41:39] Converted to 35 bitstring edges
[2025-01-07 22:41:39] Computing Matchings Dynamic walk
[2025-01-07 22:41:40] Matchings - CX: 82, U3: 72, Depth: 119
[2025-01-07 22:41:40] Computing Pauli decomposition
[2025-01-07 22:41:40] Pauli - CX: 66, U3: 110, Depth: 121
[2025-01-07 22:41:40] Successfully processed graph 156 - Category: lose
[2025-01-07 22:41:40] 
Processing graph 157/200
[2025-01-07 22:41:40] Graph 157 has 16 nodes and 38 edges
[2025-01-07 22:41:40] Converted to 38 bitstring edges
[2025-01-07 22:41:40] Computing Matchings Dynamic walk
[2025-01-07 22:41:41] Matchings - CX: 52, U3: 55, Depth: 79
[2025-01-07 22:41:41] Computing Pauli decomposition
[2025-01-07 22:41:42] Pauli - CX: 78, U3: 132, Depth: 145
[2025-01-07 22:41:42] Successfully processed graph 157 - Category: win
[2025-01-07 22:41:42] 
Processing graph 158/200
[2025-01-07 22:41:42] Graph 158 has 16 nodes and 36 edges
[2025-01-07 22:41:42] Converted to 36 bitstring edges
[2025-01-07 22:41:42] Computing Matchings Dynamic walk
[2025-01-07 22:41:42] Matchings - CX: 64, U3: 66, Depth: 95
[2025-01-07 22:41:42] Computing Pauli decomposition
[2025-01-07 22:41:43] Pauli - CX: 78, U3: 127, Depth: 143
[2025-01-07 22:41:43] Successfully processed graph 158 - Category: win
[2025-01-07 22:41:43] 
Processing graph 159/200
[2025-01-07 22:41:43] Graph 159 has 16 nodes and 35 edges
[2025-01-07 22:41:43] Converted to 35 bitstring edges
[2025-01-07 22:41:43] Computing Matchings Dynamic walk
[2025-01-07 22:41:43] Matchings - CX: 58, U3: 56, Depth: 86
[2025-01-07 22:41:43] Computing Pauli decomposition
[2025-01-07 22:41:44] Pauli - CX: 70, U3: 118, Depth: 128
[2025-01-07 22:41:44] Successfully processed graph 159 - Category: win
[2025-01-07 22:41:44] 
Processing graph 160/200
[2025-01-07 22:41:44] Graph 160 has 16 nodes and 33 edges
[2025-01-07 22:41:44] Converted to 33 bitstring edges
[2025-01-07 22:41:44] Computing Matchings Dynamic walk
[2025-01-07 22:41:44] Matchings - CX: 39, U3: 43, Depth: 62
[2025-01-07 22:41:44] Computing Pauli decomposition
[2025-01-07 22:41:45] Pauli - CX: 73, U3: 127, Depth: 136
[2025-01-07 22:41:45] Successfully processed graph 160 - Category: win
[2025-01-07 22:41:45] 
Processing graph 161/200
[2025-01-07 22:41:45] Graph 161 has 16 nodes and 37 edges
[2025-01-07 22:41:45] Converted to 37 bitstring edges
[2025-01-07 22:41:45] Computing Matchings Dynamic walk
[2025-01-07 22:41:45] Matchings - CX: 60, U3: 56, Depth: 91
[2025-01-07 22:41:45] Computing Pauli decomposition
[2025-01-07 22:41:46] Pauli - CX: 62, U3: 110, Depth: 117
[2025-01-07 22:41:46] Successfully processed graph 161 - Category: win
[2025-01-07 22:41:46] 
Processing graph 162/200
[2025-01-07 22:41:46] Graph 162 has 16 nodes and 36 edges
[2025-01-07 22:41:46] Converted to 36 bitstring edges
[2025-01-07 22:41:46] Computing Matchings Dynamic walk
[2025-01-07 22:41:46] Matchings - CX: 62, U3: 50, Depth: 91
[2025-01-07 22:41:46] Computing Pauli decomposition
[2025-01-07 22:41:47] Pauli - CX: 72, U3: 124, Depth: 134
[2025-01-07 22:41:47] Successfully processed graph 162 - Category: win
[2025-01-07 22:41:47] 
Processing graph 163/200
[2025-01-07 22:41:47] Graph 163 has 16 nodes and 31 edges
[2025-01-07 22:41:47] Converted to 31 bitstring edges
[2025-01-07 22:41:47] Computing Matchings Dynamic walk
[2025-01-07 22:41:47] Matchings - CX: 60, U3: 47, Depth: 87
[2025-01-07 22:41:47] Computing Pauli decomposition
[2025-01-07 22:41:48] Pauli - CX: 70, U3: 115, Depth: 130
[2025-01-07 22:41:48] Successfully processed graph 163 - Category: win
[2025-01-07 22:41:48] 
Processing graph 164/200
[2025-01-07 22:41:48] Graph 164 has 16 nodes and 33 edges
[2025-01-07 22:41:48] Converted to 33 bitstring edges
[2025-01-07 22:41:48] Computing Matchings Dynamic walk
[2025-01-07 22:41:48] Matchings - CX: 51, U3: 48, Depth: 75
[2025-01-07 22:41:48] Computing Pauli decomposition
[2025-01-07 22:41:48] Pauli - CX: 66, U3: 112, Depth: 121
[2025-01-07 22:41:48] Successfully processed graph 164 - Category: win
[2025-01-07 22:41:48] 
Processing graph 165/200
[2025-01-07 22:41:48] Graph 165 has 16 nodes and 37 edges
[2025-01-07 22:41:48] Converted to 37 bitstring edges
[2025-01-07 22:41:48] Computing Matchings Dynamic walk
[2025-01-07 22:41:49] Matchings - CX: 38, U3: 36, Depth: 57
[2025-01-07 22:41:49] Computing Pauli decomposition
[2025-01-07 22:41:49] Pauli - CX: 78, U3: 134, Depth: 145
[2025-01-07 22:41:49] Successfully processed graph 165 - Category: win
[2025-01-07 22:41:49] 
Processing graph 166/200
[2025-01-07 22:41:49] Graph 166 has 16 nodes and 37 edges
[2025-01-07 22:41:49] Converted to 37 bitstring edges
[2025-01-07 22:41:49] Computing Matchings Dynamic walk
[2025-01-07 22:41:50] Matchings - CX: 55, U3: 52, Depth: 83
[2025-01-07 22:41:50] Computing Pauli decomposition
[2025-01-07 22:41:51] Pauli - CX: 71, U3: 125, Depth: 132
[2025-01-07 22:41:51] Successfully processed graph 166 - Category: win
[2025-01-07 22:41:51] 
Processing graph 167/200
[2025-01-07 22:41:51] Graph 167 has 16 nodes and 35 edges
[2025-01-07 22:41:51] Converted to 35 bitstring edges
[2025-01-07 22:41:51] Computing Matchings Dynamic walk
[2025-01-07 22:41:51] Matchings - CX: 46, U3: 46, Depth: 70
[2025-01-07 22:41:51] Computing Pauli decomposition
[2025-01-07 22:41:51] Pauli - CX: 66, U3: 112, Depth: 122
[2025-01-07 22:41:51] Successfully processed graph 167 - Category: win
[2025-01-07 22:41:51] 
Processing graph 168/200
[2025-01-07 22:41:51] Graph 168 has 16 nodes and 37 edges
[2025-01-07 22:41:51] Converted to 37 bitstring edges
[2025-01-07 22:41:51] Computing Matchings Dynamic walk
[2025-01-07 22:41:52] Matchings - CX: 74, U3: 66, Depth: 109
[2025-01-07 22:41:52] Computing Pauli decomposition
[2025-01-07 22:41:53] Pauli - CX: 70, U3: 114, Depth: 129
[2025-01-07 22:41:53] Successfully processed graph 168 - Category: lose
[2025-01-07 22:41:53] 
Processing graph 169/200
[2025-01-07 22:41:53] Graph 169 has 16 nodes and 36 edges
[2025-01-07 22:41:53] Converted to 36 bitstring edges
[2025-01-07 22:41:53] Computing Matchings Dynamic walk
[2025-01-07 22:41:53] Matchings - CX: 53, U3: 50, Depth: 80
[2025-01-07 22:41:53] Computing Pauli decomposition
[2025-01-07 22:41:53] Pauli - CX: 73, U3: 117, Depth: 133
[2025-01-07 22:41:53] Successfully processed graph 169 - Category: win
[2025-01-07 22:41:53] 
Processing graph 170/200
[2025-01-07 22:41:53] Graph 170 has 16 nodes and 38 edges
[2025-01-07 22:41:53] Converted to 38 bitstring edges
[2025-01-07 22:41:53] Computing Matchings Dynamic walk
[2025-01-07 22:41:54] Matchings - CX: 84, U3: 73, Depth: 119
[2025-01-07 22:41:54] Computing Pauli decomposition
[2025-01-07 22:41:55] Pauli - CX: 55, U3: 104, Depth: 106
[2025-01-07 22:41:55] Successfully processed graph 170 - Category: lose
[2025-01-07 22:41:55] 
Processing graph 171/200
[2025-01-07 22:41:55] Graph 171 has 16 nodes and 34 edges
[2025-01-07 22:41:55] Converted to 34 bitstring edges
[2025-01-07 22:41:55] Computing Matchings Dynamic walk
[2025-01-07 22:41:55] Matchings - CX: 43, U3: 44, Depth: 66
[2025-01-07 22:41:55] Computing Pauli decomposition
[2025-01-07 22:41:56] Pauli - CX: 73, U3: 130, Depth: 137
[2025-01-07 22:41:56] Successfully processed graph 171 - Category: win
[2025-01-07 22:41:56] 
Processing graph 172/200
[2025-01-07 22:41:56] Graph 172 has 16 nodes and 34 edges
[2025-01-07 22:41:56] Converted to 34 bitstring edges
[2025-01-07 22:41:56] Computing Matchings Dynamic walk
[2025-01-07 22:41:56] Matchings - CX: 50, U3: 46, Depth: 76
[2025-01-07 22:41:56] Computing Pauli decomposition
[2025-01-07 22:41:57] Pauli - CX: 65, U3: 106, Depth: 119
[2025-01-07 22:41:57] Successfully processed graph 172 - Category: win
[2025-01-07 22:41:57] 
Processing graph 173/200
[2025-01-07 22:41:57] Graph 173 has 16 nodes and 33 edges
[2025-01-07 22:41:57] Converted to 33 bitstring edges
[2025-01-07 22:41:57] Computing Matchings Dynamic walk
[2025-01-07 22:41:57] Matchings - CX: 43, U3: 39, Depth: 65
[2025-01-07 22:41:57] Computing Pauli decomposition
[2025-01-07 22:41:57] Pauli - CX: 73, U3: 123, Depth: 135
[2025-01-07 22:41:57] Successfully processed graph 173 - Category: win
[2025-01-07 22:41:57] 
Processing graph 174/200
[2025-01-07 22:41:57] Graph 174 has 16 nodes and 35 edges
[2025-01-07 22:41:57] Converted to 35 bitstring edges
[2025-01-07 22:41:57] Computing Matchings Dynamic walk
[2025-01-07 22:41:58] Matchings - CX: 41, U3: 43, Depth: 63
[2025-01-07 22:41:58] Computing Pauli decomposition
[2025-01-07 22:41:58] Pauli - CX: 63, U3: 114, Depth: 119
[2025-01-07 22:41:58] Successfully processed graph 174 - Category: win
[2025-01-07 22:41:58] 
Processing graph 175/200
[2025-01-07 22:41:58] Graph 175 has 16 nodes and 36 edges
[2025-01-07 22:41:58] Converted to 36 bitstring edges
[2025-01-07 22:41:58] Computing Matchings Dynamic walk
[2025-01-07 22:41:59] Matchings - CX: 62, U3: 57, Depth: 94
[2025-01-07 22:41:59] Computing Pauli decomposition
[2025-01-07 22:42:00] Pauli - CX: 78, U3: 138, Depth: 146
[2025-01-07 22:42:00] Successfully processed graph 175 - Category: win
[2025-01-07 22:42:00] 
Processing graph 176/200
[2025-01-07 22:42:00] Graph 176 has 16 nodes and 35 edges
[2025-01-07 22:42:00] Converted to 35 bitstring edges
[2025-01-07 22:42:00] Computing Matchings Dynamic walk
[2025-01-07 22:42:00] Matchings - CX: 68, U3: 64, Depth: 99
[2025-01-07 22:42:00] Computing Pauli decomposition
[2025-01-07 22:42:01] Pauli - CX: 61, U3: 108, Depth: 115
[2025-01-07 22:42:01] Successfully processed graph 176 - Category: lose
[2025-01-07 22:42:01] 
Processing graph 177/200
[2025-01-07 22:42:01] Graph 177 has 16 nodes and 36 edges
[2025-01-07 22:42:01] Converted to 36 bitstring edges
[2025-01-07 22:42:01] Computing Matchings Dynamic walk
[2025-01-07 22:42:01] Matchings - CX: 60, U3: 52, Depth: 88
[2025-01-07 22:42:01] Computing Pauli decomposition
[2025-01-07 22:42:02] Pauli - CX: 68, U3: 123, Depth: 128
[2025-01-07 22:42:02] Successfully processed graph 177 - Category: win
[2025-01-07 22:42:02] 
Processing graph 178/200
[2025-01-07 22:42:02] Graph 178 has 16 nodes and 34 edges
[2025-01-07 22:42:02] Converted to 34 bitstring edges
[2025-01-07 22:42:02] Computing Matchings Dynamic walk
[2025-01-07 22:42:02] Matchings - CX: 67, U3: 58, Depth: 99
[2025-01-07 22:42:02] Computing Pauli decomposition
[2025-01-07 22:42:03] Pauli - CX: 73, U3: 128, Depth: 137
[2025-01-07 22:42:03] Successfully processed graph 178 - Category: win
[2025-01-07 22:42:03] 
Processing graph 179/200
[2025-01-07 22:42:03] Graph 179 has 16 nodes and 34 edges
[2025-01-07 22:42:03] Converted to 34 bitstring edges
[2025-01-07 22:42:03] Computing Matchings Dynamic walk
[2025-01-07 22:42:03] Matchings - CX: 66, U3: 64, Depth: 101
[2025-01-07 22:42:03] Computing Pauli decomposition
[2025-01-07 22:42:04] Pauli - CX: 73, U3: 124, Depth: 134
[2025-01-07 22:42:04] Successfully processed graph 179 - Category: win
[2025-01-07 22:42:04] 
Processing graph 180/200
[2025-01-07 22:42:04] Graph 180 has 16 nodes and 36 edges
[2025-01-07 22:42:04] Converted to 36 bitstring edges
[2025-01-07 22:42:04] Computing Matchings Dynamic walk
[2025-01-07 22:42:04] Matchings - CX: 48, U3: 46, Depth: 74
[2025-01-07 22:42:04] Computing Pauli decomposition
[2025-01-07 22:42:05] Pauli - CX: 78, U3: 128, Depth: 143
[2025-01-07 22:42:05] Successfully processed graph 180 - Category: win
[2025-01-07 22:42:05] 
Processing graph 181/200
[2025-01-07 22:42:05] Graph 181 has 16 nodes and 32 edges
[2025-01-07 22:42:05] Converted to 32 bitstring edges
[2025-01-07 22:42:05] Computing Matchings Dynamic walk
[2025-01-07 22:42:05] Matchings - CX: 49, U3: 48, Depth: 74
[2025-01-07 22:42:05] Computing Pauli decomposition
[2025-01-07 22:42:06] Pauli - CX: 78, U3: 128, Depth: 143
[2025-01-07 22:42:06] Successfully processed graph 181 - Category: win
[2025-01-07 22:42:06] 
Processing graph 182/200
[2025-01-07 22:42:06] Graph 182 has 16 nodes and 34 edges
[2025-01-07 22:42:06] Converted to 34 bitstring edges
[2025-01-07 22:42:06] Computing Matchings Dynamic walk
[2025-01-07 22:42:06] Matchings - CX: 43, U3: 48, Depth: 70
[2025-01-07 22:42:06] Computing Pauli decomposition
[2025-01-07 22:42:07] Pauli - CX: 64, U3: 111, Depth: 120
[2025-01-07 22:42:07] Successfully processed graph 182 - Category: win
[2025-01-07 22:42:07] 
Processing graph 183/200
[2025-01-07 22:42:07] Graph 183 has 16 nodes and 32 edges
[2025-01-07 22:42:07] Converted to 32 bitstring edges
[2025-01-07 22:42:07] Computing Matchings Dynamic walk
[2025-01-07 22:42:07] Matchings - CX: 79, U3: 80, Depth: 120
[2025-01-07 22:42:07] Computing Pauli decomposition
[2025-01-07 22:42:08] Pauli - CX: 78, U3: 124, Depth: 142
[2025-01-07 22:42:08] Successfully processed graph 183 - Category: lose
[2025-01-07 22:42:08] 
Processing graph 184/200
[2025-01-07 22:42:08] Graph 184 has 16 nodes and 37 edges
[2025-01-07 22:42:08] Converted to 37 bitstring edges
[2025-01-07 22:42:08] Computing Matchings Dynamic walk
[2025-01-07 22:42:08] Matchings - CX: 59, U3: 60, Depth: 90
[2025-01-07 22:42:08] Computing Pauli decomposition
[2025-01-07 22:42:09] Pauli - CX: 78, U3: 132, Depth: 146
[2025-01-07 22:42:09] Successfully processed graph 184 - Category: win
[2025-01-07 22:42:09] 
Processing graph 185/200
[2025-01-07 22:42:09] Graph 185 has 16 nodes and 35 edges
[2025-01-07 22:42:09] Converted to 35 bitstring edges
[2025-01-07 22:42:09] Computing Matchings Dynamic walk
[2025-01-07 22:42:09] Matchings - CX: 55, U3: 59, Depth: 86
[2025-01-07 22:42:09] Computing Pauli decomposition
[2025-01-07 22:42:10] Pauli - CX: 67, U3: 118, Depth: 125
[2025-01-07 22:42:10] Successfully processed graph 185 - Category: win
[2025-01-07 22:42:10] 
Processing graph 186/200
[2025-01-07 22:42:10] Graph 186 has 16 nodes and 37 edges
[2025-01-07 22:42:10] Converted to 37 bitstring edges
[2025-01-07 22:42:10] Computing Matchings Dynamic walk
[2025-01-07 22:42:10] Matchings - CX: 62, U3: 60, Depth: 93
[2025-01-07 22:42:10] Computing Pauli decomposition
[2025-01-07 22:42:11] Pauli - CX: 73, U3: 125, Depth: 135
[2025-01-07 22:42:11] Successfully processed graph 186 - Category: win
[2025-01-07 22:42:11] 
Processing graph 187/200
[2025-01-07 22:42:11] Graph 187 has 16 nodes and 33 edges
[2025-01-07 22:42:11] Converted to 33 bitstring edges
[2025-01-07 22:42:11] Computing Matchings Dynamic walk
[2025-01-07 22:42:11] Matchings - CX: 66, U3: 62, Depth: 97
[2025-01-07 22:42:11] Computing Pauli decomposition
[2025-01-07 22:42:12] Pauli - CX: 69, U3: 117, Depth: 129
[2025-01-07 22:42:12] Successfully processed graph 187 - Category: win
[2025-01-07 22:42:12] 
Processing graph 188/200
[2025-01-07 22:42:12] Graph 188 has 16 nodes and 33 edges
[2025-01-07 22:42:12] Converted to 33 bitstring edges
[2025-01-07 22:42:12] Computing Matchings Dynamic walk
[2025-01-07 22:42:12] Matchings - CX: 39, U3: 38, Depth: 60
[2025-01-07 22:42:12] Computing Pauli decomposition
[2025-01-07 22:42:13] Pauli - CX: 73, U3: 121, Depth: 134
[2025-01-07 22:42:13] Successfully processed graph 188 - Category: win
[2025-01-07 22:42:13] 
Processing graph 189/200
[2025-01-07 22:42:13] Graph 189 has 16 nodes and 35 edges
[2025-01-07 22:42:13] Converted to 35 bitstring edges
[2025-01-07 22:42:13] Computing Matchings Dynamic walk
[2025-01-07 22:42:13] Matchings - CX: 49, U3: 53, Depth: 78
[2025-01-07 22:42:13] Computing Pauli decomposition
[2025-01-07 22:42:14] Pauli - CX: 69, U3: 118, Depth: 129
[2025-01-07 22:42:14] Successfully processed graph 189 - Category: win
[2025-01-07 22:42:14] 
Processing graph 190/200
[2025-01-07 22:42:14] Graph 190 has 16 nodes and 36 edges
[2025-01-07 22:42:14] Converted to 36 bitstring edges
[2025-01-07 22:42:14] Computing Matchings Dynamic walk
[2025-01-07 22:42:14] Matchings - CX: 71, U3: 64, Depth: 107
[2025-01-07 22:42:14] Computing Pauli decomposition
[2025-01-07 22:42:15] Pauli - CX: 63, U3: 112, Depth: 120
[2025-01-07 22:42:15] Successfully processed graph 190 - Category: lose
[2025-01-07 22:42:15] 
Processing graph 191/200
[2025-01-07 22:42:15] Graph 191 has 16 nodes and 37 edges
[2025-01-07 22:42:15] Converted to 37 bitstring edges
[2025-01-07 22:42:15] Computing Matchings Dynamic walk
[2025-01-07 22:42:15] Matchings - CX: 59, U3: 58, Depth: 88
[2025-01-07 22:42:15] Computing Pauli decomposition
[2025-01-07 22:42:16] Pauli - CX: 73, U3: 118, Depth: 132
[2025-01-07 22:42:16] Successfully processed graph 191 - Category: win
[2025-01-07 22:42:16] 
Processing graph 192/200
[2025-01-07 22:42:16] Graph 192 has 16 nodes and 36 edges
[2025-01-07 22:42:16] Converted to 36 bitstring edges
[2025-01-07 22:42:16] Computing Matchings Dynamic walk
[2025-01-07 22:42:16] Matchings - CX: 48, U3: 40, Depth: 71
[2025-01-07 22:42:16] Computing Pauli decomposition
[2025-01-07 22:42:17] Pauli - CX: 71, U3: 123, Depth: 133
[2025-01-07 22:42:17] Successfully processed graph 192 - Category: win
[2025-01-07 22:42:17] 
Processing graph 193/200
[2025-01-07 22:42:17] Graph 193 has 16 nodes and 35 edges
[2025-01-07 22:42:17] Converted to 35 bitstring edges
[2025-01-07 22:42:17] Computing Matchings Dynamic walk
[2025-01-07 22:42:17] Matchings - CX: 71, U3: 65, Depth: 109
[2025-01-07 22:42:17] Computing Pauli decomposition
[2025-01-07 22:42:18] Pauli - CX: 62, U3: 99, Depth: 112
[2025-01-07 22:42:18] Successfully processed graph 193 - Category: lose
[2025-01-07 22:42:18] 
Processing graph 194/200
[2025-01-07 22:42:18] Graph 194 has 16 nodes and 34 edges
[2025-01-07 22:42:18] Converted to 34 bitstring edges
[2025-01-07 22:42:18] Computing Matchings Dynamic walk
[2025-01-07 22:42:18] Matchings - CX: 74, U3: 72, Depth: 112
[2025-01-07 22:42:18] Computing Pauli decomposition
[2025-01-07 22:42:19] Pauli - CX: 72, U3: 123, Depth: 133
[2025-01-07 22:42:19] Successfully processed graph 194 - Category: lose
[2025-01-07 22:42:19] 
Processing graph 195/200
[2025-01-07 22:42:19] Graph 195 has 16 nodes and 32 edges
[2025-01-07 22:42:19] Converted to 32 bitstring edges
[2025-01-07 22:42:19] Computing Matchings Dynamic walk
[2025-01-07 22:42:19] Matchings - CX: 50, U3: 44, Depth: 77
[2025-01-07 22:42:19] Computing Pauli decomposition
[2025-01-07 22:42:20] Pauli - CX: 75, U3: 127, Depth: 139
[2025-01-07 22:42:20] Successfully processed graph 195 - Category: win
[2025-01-07 22:42:20] 
Processing graph 196/200
[2025-01-07 22:42:20] Graph 196 has 16 nodes and 39 edges
[2025-01-07 22:42:20] Converted to 39 bitstring edges
[2025-01-07 22:42:20] Computing Matchings Dynamic walk
[2025-01-07 22:42:20] Matchings - CX: 69, U3: 66, Depth: 104
[2025-01-07 22:42:20] Computing Pauli decomposition
[2025-01-07 22:42:21] Pauli - CX: 69, U3: 119, Depth: 128
[2025-01-07 22:42:21] Successfully processed graph 196 - Category: draw
[2025-01-07 22:42:21] 
Processing graph 197/200
[2025-01-07 22:42:21] Graph 197 has 16 nodes and 34 edges
[2025-01-07 22:42:21] Converted to 34 bitstring edges
[2025-01-07 22:42:21] Computing Matchings Dynamic walk
[2025-01-07 22:42:21] Matchings - CX: 62, U3: 62, Depth: 94
[2025-01-07 22:42:21] Computing Pauli decomposition
[2025-01-07 22:42:22] Pauli - CX: 78, U3: 123, Depth: 142
[2025-01-07 22:42:22] Successfully processed graph 197 - Category: win
[2025-01-07 22:42:22] 
Processing graph 198/200
[2025-01-07 22:42:22] Graph 198 has 16 nodes and 36 edges
[2025-01-07 22:42:22] Converted to 36 bitstring edges
[2025-01-07 22:42:22] Computing Matchings Dynamic walk
[2025-01-07 22:42:22] Matchings - CX: 69, U3: 61, Depth: 102
[2025-01-07 22:42:22] Computing Pauli decomposition
[2025-01-07 22:42:23] Pauli - CX: 65, U3: 109, Depth: 120
[2025-01-07 22:42:23] Successfully processed graph 198 - Category: lose
[2025-01-07 22:42:23] 
Processing graph 199/200
[2025-01-07 22:42:23] Graph 199 has 16 nodes and 35 edges
[2025-01-07 22:42:23] Converted to 35 bitstring edges
[2025-01-07 22:42:23] Computing Matchings Dynamic walk
[2025-01-07 22:42:23] Matchings - CX: 42, U3: 40, Depth: 64
[2025-01-07 22:42:23] Computing Pauli decomposition
[2025-01-07 22:42:24] Pauli - CX: 70, U3: 116, Depth: 129
[2025-01-07 22:42:24] Successfully processed graph 199 - Category: win
[2025-01-07 22:42:24] 
Final Results Summary:
[2025-01-07 22:42:24] Total graphs in file: 200
[2025-01-07 22:42:24] Successfully processed: 200
[2025-01-07 22:42:24] win: 156 (78.0%)
[2025-01-07 22:42:24] lose: 39 (19.5%)
[2025-01-07 22:42:24] draw: 5 (2.5%)
[2025-01-07 22:42:24] 
Average Gate Counts by Category:
[2025-01-07 22:42:24] win_matching_cx: 53.68
[2025-01-07 22:42:24] win_matching_u3: 51.79
[2025-01-07 22:42:24] win_pauli_cx: 71.17
[2025-01-07 22:42:24] win_pauli_u3: 121.57
[2025-01-07 22:42:24] win_matching_depth: 81.44
[2025-01-07 22:42:24] win_pauli_depth: 132.24
[2025-01-07 22:42:24] lose_matching_cx: 76.74
[2025-01-07 22:42:24] lose_matching_u3: 70.97
[2025-01-07 22:42:24] lose_pauli_cx: 66.87
[2025-01-07 22:42:24] lose_pauli_u3: 113.28
[2025-01-07 22:42:24] lose_matching_depth: 113.51
[2025-01-07 22:42:24] lose_pauli_depth: 123.82
[2025-01-07 22:42:24] draw_matching_cx: 69.20
[2025-01-07 22:42:24] draw_matching_u3: 64.00
[2025-01-07 22:42:24] draw_pauli_cx: 69.20
[2025-01-07 22:42:24] draw_pauli_u3: 117.80
[2025-01-07 22:42:24] draw_matching_depth: 104.20
[2025-01-07 22:42:24] draw_pauli_depth: 128.40
